# job=pre-deployment-tests

```txt
pre-deployment-tests summary
ðŸš€ PRODUCTION DEPLOYMENT INFORMATION
Environment: Production
Branch: main
Commit: c4e5ff7f6d93f42c7ccf79033aaeef2036f95224
Commit Message: c4e5ff7 Merge pull request #44 from T193R-W00D5/separate-deploy-workflows-20251207
Triggered by: T193R-W00D5
Timestamp: Sun Dec 7 20:03:52 UTC 2025
```

2025-12-07T20:03:49.0167838Z Current runner version: '2.329.0'
2025-12-07T20:03:49.0192782Z ##[group]Runner Image Provisioner
2025-12-07T20:03:49.0193638Z Hosted Compute Agent
2025-12-07T20:03:49.0194328Z Version: 20251124.448
2025-12-07T20:03:49.0194906Z Commit: fda5086b43ec66ade217e5fcd18146c879571177
2025-12-07T20:03:49.0195633Z Build Date: 2025-11-24T21:16:26Z
2025-12-07T20:03:49.0196272Z ##[endgroup]
2025-12-07T20:03:49.0196832Z ##[group]Operating System
2025-12-07T20:03:49.0197370Z Ubuntu
2025-12-07T20:03:49.0198233Z 24.04.3
2025-12-07T20:03:49.0198691Z LTS
2025-12-07T20:03:49.0199218Z ##[endgroup]
2025-12-07T20:03:49.0199731Z ##[group]Runner Image
2025-12-07T20:03:49.0200321Z Image: ubuntu-24.04
2025-12-07T20:03:49.0200848Z Version: 20251126.144.1
2025-12-07T20:03:49.0201899Z Included Software: https://github.com/actions/runner-images/blob/ubuntu24/20251126.144/images/ubuntu/Ubuntu2404-Readme.md
2025-12-07T20:03:49.0203454Z Image Release: https://github.com/actions/runner-images/releases/tag/ubuntu24%2F20251126.144
2025-12-07T20:03:49.0204508Z ##[endgroup]
2025-12-07T20:03:49.0206990Z ##[group]GITHUB_TOKEN Permissions
2025-12-07T20:03:49.0209294Z Actions: write
2025-12-07T20:03:49.0209869Z ArtifactMetadata: write
2025-12-07T20:03:49.0210443Z Attestations: write
2025-12-07T20:03:49.0211038Z Checks: write
2025-12-07T20:03:49.0211510Z Contents: write
2025-12-07T20:03:49.0212033Z Deployments: write
2025-12-07T20:03:49.0212546Z Discussions: write
2025-12-07T20:03:49.0213102Z Issues: write
2025-12-07T20:03:49.0213567Z Metadata: read
2025-12-07T20:03:49.0214160Z Models: read
2025-12-07T20:03:49.0214637Z Packages: write
2025-12-07T20:03:49.0215173Z Pages: write
2025-12-07T20:03:49.0215751Z PullRequests: write
2025-12-07T20:03:49.0216274Z RepositoryProjects: write
2025-12-07T20:03:49.0216934Z SecurityEvents: write
2025-12-07T20:03:49.0217504Z Statuses: write
2025-12-07T20:03:49.0218222Z ##[endgroup]
2025-12-07T20:03:49.0220755Z Secret source: Actions
2025-12-07T20:03:49.0221521Z Prepare workflow directory
2025-12-07T20:03:49.0534164Z Prepare all required actions
2025-12-07T20:03:49.0572472Z Getting action download info
2025-12-07T20:03:49.4513707Z Download action repository 'actions/checkout@v4' (SHA:34e114876b0b11c390a56381ad16ebd13914f8d5)
2025-12-07T20:03:49.7444890Z Download action repository 'actions/setup-node@v4' (SHA:49933ea5288caeca8642d1e84afbd3f7d6820020)
2025-12-07T20:03:49.8392121Z Download action repository 'ruby/setup-ruby@v1' (SHA:d697be2f83c6234b20877c3b5eac7a7f342f0d0c)
2025-12-07T20:03:51.2658822Z Download action repository 'actions/upload-artifact@v4' (SHA:ea165f8d65b6e75b540449e92b4886f43607fa02)
2025-12-07T20:03:51.4882737Z Complete job name: pre-deployment-tests
2025-12-07T20:03:51.5719166Z ##[group]Run actions/checkout@v4
2025-12-07T20:03:51.5720488Z with:
2025-12-07T20:03:51.5721215Z   ref: main
2025-12-07T20:03:51.5722160Z   repository: T193R-W00D5/myFreecodecampLearning
2025-12-07T20:03:51.5723614Z   token: ***
2025-12-07T20:03:51.5724392Z   ssh-strict: true
2025-12-07T20:03:51.5725194Z   ssh-user: git
2025-12-07T20:03:51.5726051Z   persist-credentials: true
2025-12-07T20:03:51.5726976Z   clean: true
2025-12-07T20:03:51.5727953Z   sparse-checkout-cone-mode: true
2025-12-07T20:03:51.5728979Z   fetch-depth: 1
2025-12-07T20:03:51.5729769Z   fetch-tags: false
2025-12-07T20:03:51.5730590Z   show-progress: true
2025-12-07T20:03:51.5731418Z   lfs: false
2025-12-07T20:03:51.5732177Z   submodules: false
2025-12-07T20:03:51.5733014Z   set-safe-directory: true
2025-12-07T20:03:51.5734136Z ##[endgroup]
2025-12-07T20:03:51.6825655Z Syncing repository: T193R-W00D5/myFreecodecampLearning
2025-12-07T20:03:51.6828746Z ##[group]Getting Git version info
2025-12-07T20:03:51.6830725Z Working directory is '/home/runner/work/myFreecodecampLearning/myFreecodecampLearning'
2025-12-07T20:03:51.6833131Z [command]/usr/bin/git version
2025-12-07T20:03:51.6865582Z git version 2.52.0
2025-12-07T20:03:51.6890374Z ##[endgroup]
2025-12-07T20:03:51.6904408Z Temporarily overriding HOME='/home/runner/work/_temp/21a7c02b-d691-45e3-aa90-f9bcc1acb31f' before making global git config changes
2025-12-07T20:03:51.6907749Z Adding repository directory to the temporary git global config as a safe directory
2025-12-07T20:03:51.6917263Z [command]/usr/bin/git config --global --add safe.directory /home/runner/work/myFreecodecampLearning/myFreecodecampLearning
2025-12-07T20:03:51.6955123Z Deleting the contents of '/home/runner/work/myFreecodecampLearning/myFreecodecampLearning'
2025-12-07T20:03:51.6958503Z ##[group]Initializing the repository
2025-12-07T20:03:51.6962919Z [command]/usr/bin/git init /home/runner/work/myFreecodecampLearning/myFreecodecampLearning
2025-12-07T20:03:51.7033288Z hint: Using 'master' as the name for the initial branch. This default branch name
2025-12-07T20:03:51.7036126Z hint: will change to "main" in Git 3.0. To configure the initial branch name
2025-12-07T20:03:51.7038984Z hint: to use in all of your new repositories, which will suppress this warning,
2025-12-07T20:03:51.7040442Z hint: call:
2025-12-07T20:03:51.7041168Z hint:
2025-12-07T20:03:51.7042157Z hint: 	git config --global init.defaultBranch <name>
2025-12-07T20:03:51.7043696Z hint:
2025-12-07T20:03:51.7044814Z hint: Names commonly chosen instead of 'master' are 'main', 'trunk' and
2025-12-07T20:03:51.7046739Z hint: 'development'. The just-created branch can be renamed via this command:
2025-12-07T20:03:51.7048995Z hint:
2025-12-07T20:03:51.7049766Z hint: 	git branch -m <name>
2025-12-07T20:03:51.7050650Z hint:
2025-12-07T20:03:51.7051856Z hint: Disable this message with "git config set advice.defaultBranchName false"
2025-12-07T20:03:51.7054311Z Initialized empty Git repository in /home/runner/work/myFreecodecampLearning/myFreecodecampLearning/.git/
2025-12-07T20:03:51.7058207Z [command]/usr/bin/git remote add origin https://github.com/T193R-W00D5/myFreecodecampLearning
2025-12-07T20:03:51.7083830Z ##[endgroup]
2025-12-07T20:03:51.7085240Z ##[group]Disabling automatic garbage collection
2025-12-07T20:03:51.7087205Z [command]/usr/bin/git config --local gc.auto 0
2025-12-07T20:03:51.7117080Z ##[endgroup]
2025-12-07T20:03:51.7118605Z ##[group]Setting up auth
2025-12-07T20:03:51.7123579Z [command]/usr/bin/git config --local --name-only --get-regexp core\.sshCommand
2025-12-07T20:03:51.7154413Z [command]/usr/bin/git submodule foreach --recursive sh -c "git config --local --name-only --get-regexp 'core\.sshCommand' && git config --local --unset-all 'core.sshCommand' || :"
2025-12-07T20:03:51.7461871Z [command]/usr/bin/git config --local --name-only --get-regexp http\.https\:\/\/github\.com\/\.extraheader
2025-12-07T20:03:51.7492611Z [command]/usr/bin/git submodule foreach --recursive sh -c "git config --local --name-only --get-regexp 'http\.https\:\/\/github\.com\/\.extraheader' && git config --local --unset-all 'http.https://github.com/.extraheader' || :"
2025-12-07T20:03:51.7724926Z [command]/usr/bin/git config --local --name-only --get-regexp ^includeIf\.gitdir:
2025-12-07T20:03:51.7756643Z [command]/usr/bin/git submodule foreach --recursive git config --local --show-origin --name-only --get-regexp remote.origin.url
2025-12-07T20:03:51.7997926Z [command]/usr/bin/git config --local http.https://github.com/.extraheader AUTHORIZATION: basic ***
2025-12-07T20:03:51.8032461Z ##[endgroup]
2025-12-07T20:03:51.8033816Z ##[group]Fetching the repository
2025-12-07T20:03:51.8040817Z [command]/usr/bin/git -c protocol.version=2 fetch --no-tags --prune --no-recurse-submodules --depth=1 origin +refs/heads/main*:refs/remotes/origin/main* +refs/tags/main*:refs/tags/main*
2025-12-07T20:03:52.0805918Z From https://github.com/T193R-W00D5/myFreecodecampLearning
2025-12-07T20:03:52.0807998Z  * [new branch]      main       -> origin/main
2025-12-07T20:03:52.0838535Z ##[endgroup]
2025-12-07T20:03:52.0839728Z ##[group]Determining the checkout info
2025-12-07T20:03:52.0845000Z [command]/usr/bin/git branch --list --remote origin/main
2025-12-07T20:03:52.0869976Z   origin/main
2025-12-07T20:03:52.0875560Z ##[endgroup]
2025-12-07T20:03:52.0881537Z [command]/usr/bin/git sparse-checkout disable
2025-12-07T20:03:52.0922404Z [command]/usr/bin/git config --local --unset-all extensions.worktreeConfig
2025-12-07T20:03:52.0950516Z ##[group]Checking out the ref
2025-12-07T20:03:52.0953735Z [command]/usr/bin/git checkout --progress --force -B main refs/remotes/origin/main
2025-12-07T20:03:52.1296148Z Switched to a new branch 'main'
2025-12-07T20:03:52.1297470Z branch 'main' set up to track 'origin/main'.
2025-12-07T20:03:52.1306423Z ##[endgroup]
2025-12-07T20:03:52.1345677Z [command]/usr/bin/git log -1 --format=%H
2025-12-07T20:03:52.1370257Z c4e5ff7f6d93f42c7ccf79033aaeef2036f95224
2025-12-07T20:03:52.1584527Z ##[group]Run echo "ðŸš€ PRODUCTION DEPLOYMENT INFORMATION" >> $GITHUB_STEP_SUMMARY
2025-12-07T20:03:52.1586136Z [36;1mecho "ðŸš€ PRODUCTION DEPLOYMENT INFORMATION" >> $GITHUB_STEP_SUMMARY[0m
2025-12-07T20:03:52.1587718Z [36;1mecho "**Environment:** Production" >> $GITHUB_STEP_SUMMARY[0m
2025-12-07T20:03:52.1588947Z [36;1mecho "**Branch:** main" >> $GITHUB_STEP_SUMMARY[0m
2025-12-07T20:03:52.1590151Z [36;1mecho "**Commit:** $(git rev-parse HEAD)" >> $GITHUB_STEP_SUMMARY[0m
2025-12-07T20:03:52.1591572Z [36;1mecho "**Commit Message:** $(git log --oneline -n 1)" >> $GITHUB_STEP_SUMMARY[0m
2025-12-07T20:03:52.1592926Z [36;1mecho "**Triggered by:** T193R-W00D5" >> $GITHUB_STEP_SUMMARY[0m
2025-12-07T20:03:52.1594118Z [36;1mecho "**Timestamp:** $(date)" >> $GITHUB_STEP_SUMMARY[0m
2025-12-07T20:03:52.1635446Z shell: /usr/bin/bash -e {0}
2025-12-07T20:03:52.1636242Z ##[endgroup]
2025-12-07T20:03:52.1902230Z ##[group]Run actions/setup-node@v4
2025-12-07T20:03:52.1903066Z with:
2025-12-07T20:03:52.1903701Z   node-version: 22
2025-12-07T20:03:52.1904368Z   cache: npm
2025-12-07T20:03:52.1905032Z   always-auth: false
2025-12-07T20:03:52.1905746Z   check-latest: false
2025-12-07T20:03:52.1906681Z   token: ***
2025-12-07T20:03:52.1907338Z ##[endgroup]
2025-12-07T20:03:52.3655728Z Found in cache @ /opt/hostedtoolcache/node/22.21.1/x64
2025-12-07T20:03:52.3660441Z ##[group]Environment details
2025-12-07T20:03:55.9848284Z node: v22.21.1
2025-12-07T20:03:55.9848861Z npm: 10.9.4
2025-12-07T20:03:55.9849124Z yarn: 1.22.22
2025-12-07T20:03:55.9849929Z ##[endgroup]
2025-12-07T20:03:55.9873073Z [command]/opt/hostedtoolcache/node/22.21.1/x64/bin/npm config get cache
2025-12-07T20:03:56.2263850Z /home/runner/.npm
2025-12-07T20:03:56.3666279Z Cache hit for: node-cache-Linux-x64-npm-e3fade3f30968ac95fccac45edc85cd25eaa881f6a1cdb7268c834223e952c45
2025-12-07T20:03:56.6240098Z Received 20062804 of 20062804 (100.0%), 103.4 MBs/sec
2025-12-07T20:03:56.6240636Z Cache Size: ~19 MB (20062804 B)
2025-12-07T20:03:56.6263409Z [command]/usr/bin/tar -xf /home/runner/work/_temp/3ca9c862-ed1f-4269-b7a2-c06d45fef411/cache.tzst -P -C /home/runner/work/myFreecodecampLearning/myFreecodecampLearning --use-compress-program unzstd
2025-12-07T20:03:56.7204904Z Cache restored successfully
2025-12-07T20:03:56.7250010Z Cache restored from key: node-cache-Linux-x64-npm-e3fade3f30968ac95fccac45edc85cd25eaa881f6a1cdb7268c834223e952c45
2025-12-07T20:03:56.7414671Z ##[group]Run ruby/setup-ruby@v1
2025-12-07T20:03:56.7414959Z with:
2025-12-07T20:03:56.7415159Z   ruby-version: 3.3
2025-12-07T20:03:56.7415389Z   bundler-cache: false
2025-12-07T20:03:56.7415595Z ##[endgroup]
2025-12-07T20:03:56.9153224Z ##[group]Modifying PATH
2025-12-07T20:03:56.9166096Z Entries added to PATH to use selected Ruby:
2025-12-07T20:03:56.9166738Z   /opt/hostedtoolcache/Ruby/3.3.10/x64/bin
2025-12-07T20:03:56.9170188Z ##[endgroup]
2025-12-07T20:03:56.9170897Z ##[group]Print Ruby version
2025-12-07T20:03:56.9282525Z [command]/opt/hostedtoolcache/Ruby/3.3.10/x64/bin/ruby --version
2025-12-07T20:03:57.3919062Z ruby 3.3.10 (2025-10-23 revision 343ea05002) [x86_64-linux]
2025-12-07T20:03:57.3953441Z Took   0.48 seconds
2025-12-07T20:03:57.3954102Z ##[endgroup]
2025-12-07T20:03:57.3960997Z ##[group]Installing Bundler
2025-12-07T20:03:57.3963060Z Using Bundler 2.7.2 from Gemfile.lock BUNDLED WITH 2.7.2
2025-12-07T20:03:57.3968383Z [command]/opt/hostedtoolcache/Ruby/3.3.10/x64/bin/gem install bundler -v 2.7.2
2025-12-07T20:04:00.2241167Z Successfully installed bundler-2.7.2
2025-12-07T20:04:00.2241774Z 1 gem installed
2025-12-07T20:04:00.2298951Z Took   2.83 seconds
2025-12-07T20:04:00.2299641Z ##[endgroup]
2025-12-07T20:04:00.2384384Z ##[group]Run npm ci
2025-12-07T20:04:00.2384628Z [36;1mnpm ci[0m
2025-12-07T20:04:00.2422071Z shell: /usr/bin/bash -e {0}
2025-12-07T20:04:00.2422323Z ##[endgroup]
2025-12-07T20:04:01.8904941Z npm warn EBADENGINE Unsupported engine {
2025-12-07T20:04:01.8905738Z npm warn EBADENGINE   package: 'freecodecamporg-website-copies@1.0.0',
2025-12-07T20:04:01.8906263Z npm warn EBADENGINE   required: { node: '>=18 <=22.21.0' },
2025-12-07T20:04:01.8906737Z npm warn EBADENGINE   current: { node: 'v22.21.1', npm: '10.9.4' }
2025-12-07T20:04:01.8907085Z npm warn EBADENGINE }
2025-12-07T20:04:03.0567036Z npm warn deprecated inflight@1.0.6: This module is not supported, and leaks memory. Do not use it. Check out lru-cache if you want a good and tested way to coalesce async requests by a key value, which is much more comprehensive and powerful.
2025-12-07T20:04:03.2119976Z npm warn deprecated glob@7.2.3: Glob versions prior to v9 are no longer supported
2025-12-07T20:04:04.0560467Z 
2025-12-07T20:04:04.0561286Z added 557 packages, and audited 558 packages in 4s
2025-12-07T20:04:04.0563209Z 
2025-12-07T20:04:04.0563502Z 68 packages are looking for funding
2025-12-07T20:04:04.0563949Z   run `npm fund` for details
2025-12-07T20:04:04.0591796Z 
2025-12-07T20:04:04.0592595Z 1 moderate severity vulnerability
2025-12-07T20:04:04.0593211Z 
2025-12-07T20:04:04.0593562Z To address all issues, run:
2025-12-07T20:04:04.0595122Z   npm audit fix
2025-12-07T20:04:04.0595305Z 
2025-12-07T20:04:04.0595485Z Run `npm audit` for details.
2025-12-07T20:04:04.1228268Z ##[group]Run bundle config set --local frozen false
2025-12-07T20:04:04.1228652Z [36;1mbundle config set --local frozen false[0m
2025-12-07T20:04:04.1228939Z [36;1mbundle install[0m
2025-12-07T20:04:04.1262742Z shell: /usr/bin/bash -e {0}
2025-12-07T20:04:04.1262993Z ##[endgroup]
2025-12-07T20:04:06.4224525Z Fetching gem metadata from https://rubygems.org/..........
2025-12-07T20:04:06.4271061Z Fetching rake 13.3.1
2025-12-07T20:04:06.4890776Z Installing rake 13.3.1
2025-12-07T20:04:06.5030536Z Fetching public_suffix 7.0.0
2025-12-07T20:04:06.5032765Z Fetching base64 0.3.0
2025-12-07T20:04:06.5033231Z Fetching bigdecimal 3.3.1
2025-12-07T20:04:06.5033604Z Fetching colorator 1.1.0
2025-12-07T20:04:06.5122140Z Installing base64 0.3.0
2025-12-07T20:04:06.5150261Z Installing public_suffix 7.0.0
2025-12-07T20:04:06.5221913Z Fetching concurrent-ruby 1.3.5
2025-12-07T20:04:06.5246133Z Installing bigdecimal 3.3.1 with native extensions
2025-12-07T20:04:06.5278659Z Installing colorator 1.1.0
2025-12-07T20:04:06.5404070Z Fetching csv 3.3.5
2025-12-07T20:04:06.5456858Z Fetching eventmachine 1.2.7
2025-12-07T20:04:06.5574211Z Installing csv 3.3.5
2025-12-07T20:04:06.5768112Z Installing concurrent-ruby 1.3.5
2025-12-07T20:04:06.5868411Z Installing eventmachine 1.2.7 with native extensions
2025-12-07T20:04:06.6302100Z Fetching http_parser.rb 0.8.0
2025-12-07T20:04:06.6576738Z Installing http_parser.rb 0.8.0 with native extensions
2025-12-07T20:04:06.7516877Z Fetching ffi 1.17.2 (x86_64-linux-gnu)
2025-12-07T20:04:06.7918859Z Installing ffi 1.17.2 (x86_64-linux-gnu)
2025-12-07T20:04:06.8564175Z Fetching forwardable-extended 2.6.0
2025-12-07T20:04:06.8623553Z Installing forwardable-extended 2.6.0
2025-12-07T20:04:06.8660260Z Fetching rb-fsevent 0.11.2
2025-12-07T20:04:06.8749930Z Installing rb-fsevent 0.11.2
2025-12-07T20:04:06.8889330Z Fetching json 2.17.1
2025-12-07T20:04:06.8964812Z Installing json 2.17.1 with native extensions
2025-12-07T20:04:08.8716661Z Fetching liquid 4.0.4
2025-12-07T20:04:08.8864553Z Installing liquid 4.0.4
2025-12-07T20:04:08.9261080Z Fetching mercenary 0.4.0
2025-12-07T20:04:08.9497038Z Installing mercenary 0.4.0
2025-12-07T20:04:08.9719981Z Fetching rouge 4.6.1
2025-12-07T20:04:09.0294928Z Installing rouge 4.6.1
2025-12-07T20:04:09.1909049Z Fetching safe_yaml 1.0.5
2025-12-07T20:04:09.1998836Z Installing safe_yaml 1.0.5
2025-12-07T20:04:09.2132814Z Fetching unicode-display_width 2.6.0
2025-12-07T20:04:09.2192810Z Installing unicode-display_width 2.6.0
2025-12-07T20:04:09.2234424Z Fetching webrick 1.9.2
2025-12-07T20:04:09.2348809Z Installing webrick 1.9.2
2025-12-07T20:04:09.2538164Z Fetching addressable 2.8.8
2025-12-07T20:04:09.2658445Z Installing addressable 2.8.8
2025-12-07T20:04:09.2796969Z Fetching i18n 1.14.7
2025-12-07T20:04:09.2882957Z Installing i18n 1.14.7
2025-12-07T20:04:09.3044357Z Fetching rb-inotify 0.11.1
2025-12-07T20:04:09.3130357Z Installing rb-inotify 0.11.1
2025-12-07T20:04:09.3192813Z Fetching pathutil 0.16.2
2025-12-07T20:04:09.3279717Z Installing pathutil 0.16.2
2025-12-07T20:04:09.3320310Z Fetching kramdown 2.5.1
2025-12-07T20:04:09.3494987Z Installing kramdown 2.5.1
2025-12-07T20:04:09.4795899Z Fetching terminal-table 3.0.2
2025-12-07T20:04:09.4886732Z Installing terminal-table 3.0.2
2025-12-07T20:04:09.4979790Z Fetching listen 3.9.0
2025-12-07T20:04:09.5048695Z Installing listen 3.9.0
2025-12-07T20:04:09.5163385Z Fetching kramdown-parser-gfm 1.1.0
2025-12-07T20:04:09.5248435Z Installing kramdown-parser-gfm 1.1.0
2025-12-07T20:04:09.5339346Z Fetching jekyll-watch 2.2.1
2025-12-07T20:04:09.5419292Z Installing jekyll-watch 2.2.1
2025-12-07T20:04:16.6424239Z Fetching google-protobuf 4.33.1 (x86_64-linux-gnu)
2025-12-07T20:04:16.6886341Z Installing google-protobuf 4.33.1 (x86_64-linux-gnu)
2025-12-07T20:04:16.7496941Z Fetching sass-embedded 1.94.2 (x86_64-linux-gnu)
2025-12-07T20:04:16.9279760Z Installing sass-embedded 1.94.2 (x86_64-linux-gnu)
2025-12-07T20:04:17.0302675Z Fetching jekyll-sass-converter 3.1.0
2025-12-07T20:04:17.0365412Z Installing jekyll-sass-converter 3.1.0
2025-12-07T20:04:22.8465361Z Fetching em-websocket 0.5.3
2025-12-07T20:04:22.8590966Z Installing em-websocket 0.5.3
2025-12-07T20:04:22.8682528Z Fetching jekyll 4.4.1
2025-12-07T20:04:22.8836270Z Installing jekyll 4.4.1
2025-12-07T20:04:22.9064981Z Fetching jekyll-feed 0.17.0
2025-12-07T20:04:22.9067368Z Fetching jekyll-seo-tag 2.8.0
2025-12-07T20:04:22.9067991Z Fetching jekyll-sitemap 1.4.0
2025-12-07T20:04:22.9198609Z Installing jekyll-feed 0.17.0
2025-12-07T20:04:22.9255694Z Installing jekyll-seo-tag 2.8.0
2025-12-07T20:04:22.9335583Z Installing jekyll-sitemap 1.4.0
2025-12-07T20:04:22.9574317Z Bundle complete! 9 Gemfile dependencies, 38 gems now installed.
2025-12-07T20:04:22.9574859Z Use `bundle info [gemname]` to see where a bundled gem is installed.
2025-12-07T20:04:23.0068872Z ##[group]Run npx playwright install --with-deps
2025-12-07T20:04:23.0069438Z [36;1mnpx playwright install --with-deps[0m
2025-12-07T20:04:23.0118236Z shell: /usr/bin/bash -e {0}
2025-12-07T20:04:23.0118594Z ##[endgroup]
2025-12-07T20:04:23.8342270Z Installing dependencies...
2025-12-07T20:04:23.8434056Z Switching to root user to install dependencies...
2025-12-07T20:04:23.9522264Z Get:1 file:/etc/apt/apt-mirrors.txt Mirrorlist [144 B]
2025-12-07T20:04:23.9704472Z Get:6 https://packages.microsoft.com/repos/azure-cli noble InRelease [3564 B]
2025-12-07T20:04:23.9923460Z Hit:2 http://azure.archive.ubuntu.com/ubuntu noble InRelease
2025-12-07T20:04:23.9925923Z Get:7 https://packages.microsoft.com/ubuntu/24.04/prod noble InRelease [3600 B]
2025-12-07T20:04:23.9986965Z Get:3 http://azure.archive.ubuntu.com/ubuntu noble-updates InRelease [126 kB]
2025-12-07T20:04:24.0096502Z Get:4 http://azure.archive.ubuntu.com/ubuntu noble-backports InRelease [126 kB]
2025-12-07T20:04:24.0189572Z Get:5 http://azure.archive.ubuntu.com/ubuntu noble-security InRelease [126 kB]
2025-12-07T20:04:24.0972836Z Get:8 https://packages.microsoft.com/repos/azure-cli noble/main amd64 Packages [1822 B]
2025-12-07T20:04:24.2122011Z Get:9 https://packages.microsoft.com/ubuntu/24.04/prod noble/main arm64 Packages [55.6 kB]
2025-12-07T20:04:24.2182458Z Get:10 https://packages.microsoft.com/ubuntu/24.04/prod noble/main armhf Packages [11.2 kB]
2025-12-07T20:04:24.2214635Z Get:11 https://packages.microsoft.com/ubuntu/24.04/prod noble/main amd64 Packages [73.9 kB]
2025-12-07T20:04:24.2632204Z Get:12 http://azure.archive.ubuntu.com/ubuntu noble-updates/main amd64 Packages [1627 kB]
2025-12-07T20:04:24.2733837Z Get:13 http://azure.archive.ubuntu.com/ubuntu noble-updates/main Translation-en [305 kB]
2025-12-07T20:04:24.2769027Z Get:14 http://azure.archive.ubuntu.com/ubuntu noble-updates/main amd64 Components [175 kB]
2025-12-07T20:04:24.2787074Z Get:15 http://azure.archive.ubuntu.com/ubuntu noble-updates/main amd64 c-n-f Metadata [15.7 kB]
2025-12-07T20:04:24.2802602Z Get:16 http://azure.archive.ubuntu.com/ubuntu noble-updates/universe amd64 Packages [1501 kB]
2025-12-07T20:04:24.2903885Z Get:17 http://azure.archive.ubuntu.com/ubuntu noble-updates/universe Translation-en [304 kB]
2025-12-07T20:04:24.2935700Z Get:18 http://azure.archive.ubuntu.com/ubuntu noble-updates/universe amd64 Components [377 kB]
2025-12-07T20:04:24.2972805Z Get:19 http://azure.archive.ubuntu.com/ubuntu noble-updates/universe amd64 c-n-f Metadata [31.4 kB]
2025-12-07T20:04:24.2988188Z Get:20 http://azure.archive.ubuntu.com/ubuntu noble-updates/restricted amd64 Packages [2309 kB]
2025-12-07T20:04:24.3149348Z Get:21 http://azure.archive.ubuntu.com/ubuntu noble-updates/restricted Translation-en [526 kB]
2025-12-07T20:04:24.3592374Z Get:22 http://azure.archive.ubuntu.com/ubuntu noble-updates/restricted amd64 Components [212 B]
2025-12-07T20:04:24.3605204Z Get:23 http://azure.archive.ubuntu.com/ubuntu noble-updates/multiverse amd64 Components [940 B]
2025-12-07T20:04:24.3619153Z Get:24 http://azure.archive.ubuntu.com/ubuntu noble-backports/main amd64 Components [7136 B]
2025-12-07T20:04:24.3634929Z Get:25 http://azure.archive.ubuntu.com/ubuntu noble-backports/universe amd64 Packages [29.2 kB]
2025-12-07T20:04:24.3649762Z Get:26 http://azure.archive.ubuntu.com/ubuntu noble-backports/universe Translation-en [17.6 kB]
2025-12-07T20:04:24.3667979Z Get:27 http://azure.archive.ubuntu.com/ubuntu noble-backports/universe amd64 Components [11.0 kB]
2025-12-07T20:04:24.3684140Z Get:28 http://azure.archive.ubuntu.com/ubuntu noble-backports/restricted amd64 Components [212 B]
2025-12-07T20:04:24.3699560Z Get:29 http://azure.archive.ubuntu.com/ubuntu noble-backports/multiverse amd64 Components [212 B]
2025-12-07T20:04:24.3787851Z Get:30 http://azure.archive.ubuntu.com/ubuntu noble-security/main amd64 Packages [1349 kB]
2025-12-07T20:04:24.3883760Z Get:31 http://azure.archive.ubuntu.com/ubuntu noble-security/main Translation-en [221 kB]
2025-12-07T20:04:24.3909650Z Get:32 http://azure.archive.ubuntu.com/ubuntu noble-security/main amd64 Components [21.6 kB]
2025-12-07T20:04:24.3924200Z Get:33 http://azure.archive.ubuntu.com/ubuntu noble-security/main amd64 c-n-f Metadata [9448 B]
2025-12-07T20:04:24.3938100Z Get:34 http://azure.archive.ubuntu.com/ubuntu noble-security/universe amd64 Packages [915 kB]
2025-12-07T20:04:24.3992482Z Get:35 http://azure.archive.ubuntu.com/ubuntu noble-security/universe Translation-en [206 kB]
2025-12-07T20:04:24.4433660Z Get:36 http://azure.archive.ubuntu.com/ubuntu noble-security/universe amd64 Components [71.5 kB]
2025-12-07T20:04:24.4449863Z Get:37 http://azure.archive.ubuntu.com/ubuntu noble-security/universe amd64 c-n-f Metadata [19.4 kB]
2025-12-07T20:04:24.4465856Z Get:38 http://azure.archive.ubuntu.com/ubuntu noble-security/restricted amd64 Packages [2205 kB]
2025-12-07T20:04:24.4594184Z Get:39 http://azure.archive.ubuntu.com/ubuntu noble-security/restricted Translation-en [503 kB]
2025-12-07T20:04:24.4633265Z Get:40 http://azure.archive.ubuntu.com/ubuntu noble-security/restricted amd64 Components [208 B]
2025-12-07T20:04:24.4645112Z Get:41 http://azure.archive.ubuntu.com/ubuntu noble-security/multiverse amd64 Components [208 B]
2025-12-07T20:04:35.4944648Z Fetched 13.3 MB in 2s (7608 kB/s)
2025-12-07T20:04:36.2658205Z Reading package lists...
2025-12-07T20:04:36.2948247Z Reading package lists...
2025-12-07T20:04:36.4798579Z Building dependency tree...
2025-12-07T20:04:36.4805849Z Reading state information...
2025-12-07T20:04:36.4998176Z libasound2t64 is already the newest version (1.2.11-1ubuntu0.1).
2025-12-07T20:04:36.4999460Z libasound2t64 set to manually installed.
2025-12-07T20:04:36.5000131Z libatk-bridge2.0-0t64 is already the newest version (2.52.0-1build1).
2025-12-07T20:04:36.5000771Z libatk-bridge2.0-0t64 set to manually installed.
2025-12-07T20:04:36.5001384Z libatk1.0-0t64 is already the newest version (2.52.0-1build1).
2025-12-07T20:04:36.5001956Z libatk1.0-0t64 set to manually installed.
2025-12-07T20:04:36.5002577Z libatspi2.0-0t64 is already the newest version (2.52.0-1build1).
2025-12-07T20:04:36.5003164Z libatspi2.0-0t64 set to manually installed.
2025-12-07T20:04:36.5003706Z libcairo2 is already the newest version (1.18.0-3build1).
2025-12-07T20:04:36.5004229Z libcairo2 set to manually installed.
2025-12-07T20:04:36.5004809Z libdbus-1-3 is already the newest version (1.14.10-4ubuntu4.1).
2025-12-07T20:04:36.5005353Z libdbus-1-3 set to manually installed.
2025-12-07T20:04:36.5005942Z libdrm2 is already the newest version (2.4.122-1~ubuntu0.24.04.2).
2025-12-07T20:04:36.5006503Z libdrm2 set to manually installed.
2025-12-07T20:04:36.5007079Z libgbm1 is already the newest version (25.0.7-0ubuntu0.24.04.2).
2025-12-07T20:04:36.5007781Z libgbm1 set to manually installed.
2025-12-07T20:04:36.5008348Z libnspr4 is already the newest version (2:4.35-1.1build1).
2025-12-07T20:04:36.5008866Z libnspr4 set to manually installed.
2025-12-07T20:04:36.5009401Z libnss3 is already the newest version (2:3.98-1build1).
2025-12-07T20:04:36.5009919Z libnss3 set to manually installed.
2025-12-07T20:04:36.5010503Z libpango-1.0-0 is already the newest version (1.52.1+ds-1build1).
2025-12-07T20:04:36.5011068Z libpango-1.0-0 set to manually installed.
2025-12-07T20:04:36.5011609Z libx11-6 is already the newest version (2:1.8.7-1build1).
2025-12-07T20:04:36.5012115Z libx11-6 set to manually installed.
2025-12-07T20:04:36.5012630Z libxcb1 is already the newest version (1.15-1ubuntu2).
2025-12-07T20:04:36.5013122Z libxcb1 set to manually installed.
2025-12-07T20:04:36.5013702Z libxcomposite1 is already the newest version (1:0.4.5-1build3).
2025-12-07T20:04:36.5014306Z libxcomposite1 set to manually installed.
2025-12-07T20:04:36.5014909Z libxdamage1 is already the newest version (1:1.1.6-1build1).
2025-12-07T20:04:36.5015461Z libxdamage1 set to manually installed.
2025-12-07T20:04:36.5016018Z libxext6 is already the newest version (2:1.3.4-1build2).
2025-12-07T20:04:36.5016541Z libxext6 set to manually installed.
2025-12-07T20:04:36.5017339Z libxfixes3 is already the newest version (1:6.0.0-2build1).
2025-12-07T20:04:36.5018055Z libxfixes3 set to manually installed.
2025-12-07T20:04:36.5018624Z libxkbcommon0 is already the newest version (1.6.0-1build1).
2025-12-07T20:04:36.5019183Z libxkbcommon0 set to manually installed.
2025-12-07T20:04:36.5019761Z libxrandr2 is already the newest version (2:1.5.2-2build1).
2025-12-07T20:04:36.5020300Z libxrandr2 set to manually installed.
2025-12-07T20:04:36.5020901Z libcairo-gobject2 is already the newest version (1.18.0-3build1).
2025-12-07T20:04:36.5021528Z libcairo-gobject2 set to manually installed.
2025-12-07T20:04:36.5022180Z libfontconfig1 is already the newest version (2.15.0-1.1ubuntu2).
2025-12-07T20:04:36.5022783Z libfontconfig1 set to manually installed.
2025-12-07T20:04:36.5023408Z libfreetype6 is already the newest version (2.13.2+dfsg-1build3).
2025-12-07T20:04:36.5023987Z libfreetype6 set to manually installed.
2025-12-07T20:04:36.5024678Z libgdk-pixbuf-2.0-0 is already the newest version (2.42.10+dfsg-3ubuntu3.2).
2025-12-07T20:04:36.5025359Z libgdk-pixbuf-2.0-0 set to manually installed.
2025-12-07T20:04:36.5025999Z libgtk-3-0t64 is already the newest version (3.24.41-4ubuntu1.3).
2025-12-07T20:04:36.5026561Z libgtk-3-0t64 set to manually installed.
2025-12-07T20:04:36.5027213Z libpangocairo-1.0-0 is already the newest version (1.52.1+ds-1build1).
2025-12-07T20:04:36.5028020Z libpangocairo-1.0-0 set to manually installed.
2025-12-07T20:04:36.5028630Z libx11-xcb1 is already the newest version (2:1.8.7-1build1).
2025-12-07T20:04:36.5029170Z libx11-xcb1 set to manually installed.
2025-12-07T20:04:36.5029920Z libxcb-shm0 is already the newest version (1.15-1ubuntu2).
2025-12-07T20:04:36.5030463Z libxcb-shm0 set to manually installed.
2025-12-07T20:04:36.5031058Z libxcursor1 is already the newest version (1:1.2.1-1build1).
2025-12-07T20:04:36.5031626Z libxcursor1 set to manually installed.
2025-12-07T20:04:36.5032168Z libxi6 is already the newest version (2:1.8.1-1build1).
2025-12-07T20:04:36.5032689Z libxi6 set to manually installed.
2025-12-07T20:04:36.5033276Z libxrender1 is already the newest version (1:0.9.10-1.1build1).
2025-12-07T20:04:36.5033847Z libxrender1 set to manually installed.
2025-12-07T20:04:36.5034398Z libicu74 is already the newest version (74.2-1ubuntu3.1).
2025-12-07T20:04:36.5035091Z libatomic1 is already the newest version (14.2.0-4ubuntu2~24.04).
2025-12-07T20:04:36.5035669Z libatomic1 set to manually installed.
2025-12-07T20:04:36.5036389Z libenchant-2-2 is already the newest version (2.3.3-2build2).
2025-12-07T20:04:36.5037008Z libenchant-2-2 set to manually installed.
2025-12-07T20:04:36.5037766Z libepoxy0 is already the newest version (1.5.10-1build1).
2025-12-07T20:04:36.5038312Z libepoxy0 set to manually installed.
2025-12-07T20:04:36.5038930Z libgstreamer1.0-0 is already the newest version (1.24.2-1ubuntu0.1).
2025-12-07T20:04:36.5039563Z libgstreamer1.0-0 set to manually installed.
2025-12-07T20:04:36.5040184Z libharfbuzz0b is already the newest version (8.3.0-2build2).
2025-12-07T20:04:36.5040770Z libharfbuzz0b set to manually installed.
2025-12-07T20:04:36.5041388Z libjpeg-turbo8 is already the newest version (2.1.5-2ubuntu2).
2025-12-07T20:04:36.5041978Z libjpeg-turbo8 set to manually installed.
2025-12-07T20:04:36.5042552Z liblcms2-2 is already the newest version (2.14-2build1).
2025-12-07T20:04:36.5043085Z liblcms2-2 set to manually installed.
2025-12-07T20:04:36.5043710Z libpng16-16t64 is already the newest version (1.6.43-5build1).
2025-12-07T20:04:36.5044285Z libpng16-16t64 set to manually installed.
2025-12-07T20:04:36.5044949Z libwayland-client0 is already the newest version (1.22.0-2.1build1).
2025-12-07T20:04:36.5045669Z libwayland-client0 set to manually installed.
2025-12-07T20:04:36.6634907Z libwayland-egl1 is already the newest version (1.22.0-2.1build1).
2025-12-07T20:04:36.6635600Z libwayland-egl1 set to manually installed.
2025-12-07T20:04:36.6636277Z libwayland-server0 is already the newest version (1.22.0-2.1build1).
2025-12-07T20:04:36.6637404Z libwayland-server0 set to manually installed.
2025-12-07T20:04:36.6638200Z libwebp7 is already the newest version (1.3.2-0.4build3).
2025-12-07T20:04:36.6638546Z libwebp7 set to manually installed.
2025-12-07T20:04:36.6638963Z libwebpdemux2 is already the newest version (1.3.2-0.4build3).
2025-12-07T20:04:36.6639561Z libwebpdemux2 set to manually installed.
2025-12-07T20:04:36.6640089Z libxml2 is already the newest version (2.9.14+dfsg-1.3ubuntu3.6).
2025-12-07T20:04:36.6640464Z libxml2 set to manually installed.
2025-12-07T20:04:36.6640878Z libxslt1.1 is already the newest version (1.1.39-0exp1ubuntu0.24.04.2).
2025-12-07T20:04:36.6641274Z libxslt1.1 set to manually installed.
2025-12-07T20:04:36.6641651Z xvfb is already the newest version (2:21.1.12-1ubuntu1.5).
2025-12-07T20:04:36.6642269Z fonts-noto-color-emoji is already the newest version (2.047-0ubuntu0.24.04.1).
2025-12-07T20:04:36.6642776Z fonts-liberation is already the newest version (1:2.1.5-3).
2025-12-07T20:04:36.6643294Z fonts-liberation set to manually installed.
2025-12-07T20:04:36.6643780Z The following additional packages will be installed:
2025-12-07T20:04:36.6644182Z   gir1.2-glib-2.0 glib-networking glib-networking-common
2025-12-07T20:04:36.6644678Z   glib-networking-services gsettings-desktop-schemas libaa1 libabsl20220623t64
2025-12-07T20:04:36.6645205Z   libass9 libasyncns0 libavc1394-0 libavcodec60 libavfilter9 libavformat60
2025-12-07T20:04:36.6645657Z   libavtp0 libavutil58 libblas3 libbluray2 libbs2b0 libcaca0
2025-12-07T20:04:36.6646123Z   libcairo-script-interpreter2 libcdparanoia0 libchromaprint1 libcjson1
2025-12-07T20:04:36.6646781Z   libcodec2-1.2 libdav1d7 libdc1394-25 libdca0 libdecor-0-0
2025-12-07T20:04:36.6647202Z   libdirectfb-1.7-7t64 libdv4t64 libdvdnav4 libdvdread8t64 libegl-mesa0
2025-12-07T20:04:36.6647813Z   libegl1 libfaad2 libflac12t64 libfluidsynth3 libfreeaptx0 libgav1-1
2025-12-07T20:04:36.6648268Z   libglib2.0-bin libglib2.0-data libgme0 libgraphene-1.0-0 libgsm1
2025-12-07T20:04:36.6648766Z   libgssdp-1.6-0 libgstreamer-plugins-good1.0-0 libgtk-4-common libgupnp-1.6-0
2025-12-07T20:04:36.6649230Z   libgupnp-igd-1.6-0 libhwy1t64 libiec61883-0 libimath-3-1-29t64
2025-12-07T20:04:36.6649668Z   libinstpatch-1.0-2 libjack-jackd2-0 libjxl0.7 liblapack3 liblc3-1
2025-12-07T20:04:36.6650125Z   libldacbt-enc2 liblilv-0-0 liblrdf0 libltc11 libmbedcrypto7t64 libmfx1
2025-12-07T20:04:36.6650553Z   libmjpegutils-2.1-0t64 libmodplug1 libmp3lame0 libmpcdec6
2025-12-07T20:04:36.6650988Z   libmpeg2encpp-2.1-0t64 libmpg123-0t64 libmplex2-2.1-0t64 libmysofa1
2025-12-07T20:04:36.6651690Z   libneon27t64 libnice10 libopenal-data libopenal1 libopenexr-3-1-30
2025-12-07T20:04:36.6652121Z   libopenh264-7 libopenmpt0t64 libopenni2-0 liborc-0.4-0t64
2025-12-07T20:04:36.6652532Z   libpipewire-0.3-0t64 libplacebo338 libpocketsphinx3 libpostproc57
2025-12-07T20:04:36.6652992Z   libproxy1v5 libpulse0 libqrencode4 libraptor2-0 librav1e0 libraw1394-11
2025-12-07T20:04:36.6653474Z   librist4 librsvg2-2 librubberband2 libsamplerate0 libsbc1 libsdl2-2.0-0
2025-12-07T20:04:36.6653954Z   libsecret-common libserd-0-0 libshine3 libshout3 libsndfile1 libsndio7.0
2025-12-07T20:04:36.6654422Z   libsord-0-0 libsoundtouch1 libsoup-3.0-0 libsoup-3.0-common libsoxr0
2025-12-07T20:04:36.6654902Z   libspa-0.2-modules libspandsp2t64 libspeex1 libsphinxbase3t64 libsratom-0-0
2025-12-07T20:04:36.6655377Z   libsrt1.5-gnutls libsrtp2-1 libssh-4 libssh-gcrypt-4 libsvtav1enc1d1
2025-12-07T20:04:36.6655816Z   libswresample4 libswscale7 libtag1v5 libtag1v5-vanilla libtheora0
2025-12-07T20:04:36.6656245Z   libtwolame0 libudfread0 libunibreak5 libv4l-0t64 libv4lconvert0t64
2025-12-07T20:04:36.6656691Z   libva-drm2 libva-x11-2 libva2 libvdpau1 libvidstab1.1 libvisual-0.4-0
2025-12-07T20:04:36.6657131Z   libvo-aacenc0 libvo-amrwbenc0 libvorbisenc2 libvpl2 libwavpack1
2025-12-07T20:04:36.6657682Z   libwebrtc-audio-processing1 libwildmidi2 libx265-199 libxcb-xkb1
2025-12-07T20:04:36.6658147Z   libxkbcommon-x11-0 libxvidcore4 libyuv0 libzbar0t64 libzimg2 libzix-0-0
2025-12-07T20:04:36.6658812Z   libzvbi-common libzvbi0t64 libzxing3 ocl-icd-libopencl1 session-migration
2025-12-07T20:04:36.6659245Z   timgm6mb-soundfont xfonts-encodings xfonts-utils
2025-12-07T20:04:36.6659557Z Suggested packages:
2025-12-07T20:04:36.6659904Z   frei0r-plugins gvfs libcuda1 libnvcuvid1 libnvidia-encode1 libbluray-bdj
2025-12-07T20:04:36.6660363Z   cups-common libdirectfb-extra libdv-bin oss-compat libdvdcss2
2025-12-07T20:04:36.6660828Z   low-memory-monitor libvisual-0.4-plugins jackd2 liblrdf0-dev libportaudio2
2025-12-07T20:04:36.6661320Z   opus-tools pipewire pulseaudio raptor2-utils libraw1394-doc librsvg2-bin
2025-12-07T20:04:36.6661816Z   serdi sndiod sordi speex libwildmidi-config opencl-icd fluid-soundfont-gm
2025-12-07T20:04:36.6662186Z Recommended packages:
2025-12-07T20:04:36.6662501Z   fonts-ipafont-mincho fonts-tlwg-loma gstreamer1.0-x libaacs0
2025-12-07T20:04:36.6662952Z   default-libdecor-0-plugin-1 | libdecor-0-plugin-1 gstreamer1.0-gl
2025-12-07T20:04:36.6663454Z   libgtk-4-bin librsvg2-common libgtk-4-media-gstreamer libpipewire-0.3-common
2025-12-07T20:04:36.6663967Z   pocketsphinx-en-us va-driver-all | va-driver vdpau-driver-all | vdpau-driver
2025-12-07T20:04:36.6664332Z   libmagickcore-6.q16-7-extra
2025-12-07T20:04:36.7732210Z The following NEW packages will be installed:
2025-12-07T20:04:36.7732951Z   fonts-freefont-ttf fonts-ipafont-gothic fonts-tlwg-loma-otf fonts-unifont
2025-12-07T20:04:36.7733672Z   fonts-wqy-zenhei glib-networking glib-networking-common
2025-12-07T20:04:36.7734375Z   glib-networking-services gsettings-desktop-schemas gstreamer1.0-libav
2025-12-07T20:04:36.7735656Z   gstreamer1.0-plugins-bad gstreamer1.0-plugins-base gstreamer1.0-plugins-good
2025-12-07T20:04:36.7736254Z   libaa1 libabsl20220623t64 libass9 libasyncns0 libavc1394-0 libavcodec60
2025-12-07T20:04:36.7736724Z   libavfilter9 libavformat60 libavif16 libavtp0 libavutil58 libblas3
2025-12-07T20:04:36.7737383Z   libbluray2 libbs2b0 libcaca0 libcairo-script-interpreter2 libcdparanoia0
2025-12-07T20:04:36.7738384Z   libchromaprint1 libcjson1 libcodec2-1.2 libdav1d7 libdc1394-25 libdca0
2025-12-07T20:04:36.7739050Z   libdecor-0-0 libdirectfb-1.7-7t64 libdv4t64 libdvdnav4 libdvdread8t64
2025-12-07T20:04:36.7739525Z   libegl-mesa0 libegl1 libevent-2.1-7t64 libfaad2 libflac12t64 libflite1
2025-12-07T20:04:36.7740006Z   libfluidsynth3 libfreeaptx0 libgav1-1 libgles2 libgme0 libgraphene-1.0-0
2025-12-07T20:04:36.7740515Z   libgsm1 libgssdp-1.6-0 libgstreamer-gl1.0-0 libgstreamer-plugins-bad1.0-0
2025-12-07T20:04:36.7741018Z   libgstreamer-plugins-base1.0-0 libgstreamer-plugins-good1.0-0 libgtk-4-1
2025-12-07T20:04:36.7763499Z   libgtk-4-common libgupnp-1.6-0 libgupnp-igd-1.6-0 libharfbuzz-icu0
2025-12-07T20:04:36.7764358Z   libhwy1t64 libhyphen0 libiec61883-0 libimath-3-1-29t64 libinstpatch-1.0-2
2025-12-07T20:04:36.7765076Z   libjack-jackd2-0 libjxl0.7 liblapack3 liblc3-1 libldacbt-enc2 liblilv-0-0
2025-12-07T20:04:36.7765685Z   liblrdf0 libltc11 libmanette-0.2-0 libmbedcrypto7t64 libmfx1
2025-12-07T20:04:36.7766287Z   libmjpegutils-2.1-0t64 libmodplug1 libmp3lame0 libmpcdec6
2025-12-07T20:04:36.7766925Z   libmpeg2encpp-2.1-0t64 libmpg123-0t64 libmplex2-2.1-0t64 libmysofa1
2025-12-07T20:04:36.7767783Z   libneon27t64 libnice10 libopenal-data libopenal1 libopenexr-3-1-30
2025-12-07T20:04:36.7768423Z   libopenh264-7 libopenmpt0t64 libopenni2-0 libopus0 liborc-0.4-0t64
2025-12-07T20:04:36.7769097Z   libpipewire-0.3-0t64 libplacebo338 libpocketsphinx3 libpostproc57
2025-12-07T20:04:36.7769765Z   libproxy1v5 libpulse0 libqrencode4 libraptor2-0 librav1e0 libraw1394-11
2025-12-07T20:04:36.7770490Z   librist4 librsvg2-2 librubberband2 libsamplerate0 libsbc1 libsdl2-2.0-0
2025-12-07T20:04:36.7771172Z   libsecret-1-0 libsecret-common libserd-0-0 libshine3 libshout3 libsndfile1
2025-12-07T20:04:36.7771909Z   libsndio7.0 libsord-0-0 libsoundtouch1 libsoup-3.0-0 libsoup-3.0-common
2025-12-07T20:04:36.7772601Z   libsoxr0 libspa-0.2-modules libspandsp2t64 libspeex1 libsphinxbase3t64
2025-12-07T20:04:36.7773673Z   libsratom-0-0 libsrt1.5-gnutls libsrtp2-1 libssh-gcrypt-4 libsvtav1enc1d1
2025-12-07T20:04:36.7774386Z   libswresample4 libswscale7 libtag1v5 libtag1v5-vanilla libtheora0
2025-12-07T20:04:36.7775081Z   libtwolame0 libudfread0 libunibreak5 libv4l-0t64 libv4lconvert0t64
2025-12-07T20:04:36.7775773Z   libva-drm2 libva-x11-2 libva2 libvdpau1 libvidstab1.1 libvisual-0.4-0
2025-12-07T20:04:36.7776527Z   libvo-aacenc0 libvo-amrwbenc0 libvorbisenc2 libvpl2 libvpx9 libwavpack1
2025-12-07T20:04:36.7777324Z   libwebrtc-audio-processing1 libwildmidi2 libwoff1 libx264-164 libx265-199
2025-12-07T20:04:36.7778373Z   libxcb-xkb1 libxkbcommon-x11-0 libxvidcore4 libyuv0 libzbar0t64 libzimg2
2025-12-07T20:04:36.7779113Z   libzix-0-0 libzvbi-common libzvbi0t64 libzxing3 ocl-icd-libopencl1
2025-12-07T20:04:36.7779868Z   session-migration timgm6mb-soundfont xfonts-cyrillic xfonts-encodings
2025-12-07T20:04:36.7780472Z   xfonts-scalable xfonts-utils
2025-12-07T20:04:36.7780949Z The following packages will be upgraded:
2025-12-07T20:04:36.7781801Z   gir1.2-glib-2.0 libcups2t64 libglib2.0-0t64 libglib2.0-bin libglib2.0-data
2025-12-07T20:04:36.7782347Z   libssh-4
2025-12-07T20:04:36.7996498Z 6 upgraded, 179 newly installed, 0 to remove and 47 not upgraded.
2025-12-07T20:04:36.7997012Z Need to get 116 MB of archives.
2025-12-07T20:04:36.7997422Z After this operation, 363 MB of additional disk space will be used.
2025-12-07T20:04:36.7998073Z Get:1 file:/etc/apt/apt-mirrors.txt Mirrorlist [144 B]
2025-12-07T20:04:36.8317946Z Get:2 http://azure.archive.ubuntu.com/ubuntu noble/universe amd64 fonts-ipafont-gothic all 00303-21ubuntu1 [3513 kB]
2025-12-07T20:04:36.8717523Z Get:3 http://azure.archive.ubuntu.com/ubuntu noble-updates/main amd64 libglib2.0-data all 2.80.0-6ubuntu3.5 [48.8 kB]
2025-12-07T20:04:36.8804938Z Get:4 http://azure.archive.ubuntu.com/ubuntu noble-updates/main amd64 libglib2.0-bin amd64 2.80.0-6ubuntu3.5 [97.9 kB]
2025-12-07T20:04:36.8893126Z Get:5 http://azure.archive.ubuntu.com/ubuntu noble-updates/main amd64 gir1.2-glib-2.0 amd64 2.80.0-6ubuntu3.5 [183 kB]
2025-12-07T20:04:36.8992242Z Get:6 http://azure.archive.ubuntu.com/ubuntu noble-updates/main amd64 libglib2.0-0t64 amd64 2.80.0-6ubuntu3.5 [1544 kB]
2025-12-07T20:04:36.9258614Z Get:7 http://azure.archive.ubuntu.com/ubuntu noble/main amd64 fonts-freefont-ttf all 20211204+svn4273-2 [5641 kB]
2025-12-07T20:04:36.9824175Z Get:8 http://azure.archive.ubuntu.com/ubuntu noble/universe amd64 fonts-tlwg-loma-otf all 1:0.7.3-1 [107 kB]
2025-12-07T20:04:36.9907515Z Get:9 http://azure.archive.ubuntu.com/ubuntu noble/universe amd64 fonts-unifont all 1:15.1.01-1build1 [2993 kB]
2025-12-07T20:04:37.0264546Z Get:10 http://azure.archive.ubuntu.com/ubuntu noble/universe amd64 fonts-wqy-zenhei all 0.9.45-8 [7472 kB]
2025-12-07T20:04:37.1100960Z Get:11 http://azure.archive.ubuntu.com/ubuntu noble/main amd64 libproxy1v5 amd64 0.5.4-4build1 [26.5 kB]
2025-12-07T20:04:37.1184810Z Get:12 http://azure.archive.ubuntu.com/ubuntu noble/main amd64 glib-networking-common all 2.80.0-1build1 [6702 B]
2025-12-07T20:04:37.1264071Z Get:13 http://azure.archive.ubuntu.com/ubuntu noble/main amd64 glib-networking-services amd64 2.80.0-1build1 [12.8 kB]
2025-12-07T20:04:37.1345723Z Get:14 http://azure.archive.ubuntu.com/ubuntu noble/main amd64 session-migration amd64 0.3.9build1 [9034 B]
2025-12-07T20:04:37.1480898Z Get:15 http://azure.archive.ubuntu.com/ubuntu noble-updates/main amd64 gsettings-desktop-schemas all 46.1-0ubuntu1 [35.6 kB]
2025-12-07T20:04:37.1565308Z Get:16 http://azure.archive.ubuntu.com/ubuntu noble/main amd64 glib-networking amd64 2.80.0-1build1 [64.1 kB]
2025-12-07T20:04:37.1650405Z Get:17 http://azure.archive.ubuntu.com/ubuntu noble/universe amd64 libva2 amd64 2.20.0-2build1 [66.2 kB]
2025-12-07T20:04:37.1731202Z Get:18 http://azure.archive.ubuntu.com/ubuntu noble/universe amd64 libva-drm2 amd64 2.20.0-2build1 [7124 B]
2025-12-07T20:04:37.1810445Z Get:19 http://azure.archive.ubuntu.com/ubuntu noble/universe amd64 libva-x11-2 amd64 2.20.0-2build1 [12.0 kB]
2025-12-07T20:04:37.2347723Z Get:20 http://azure.archive.ubuntu.com/ubuntu noble/main amd64 libvdpau1 amd64 1.5-2build1 [27.8 kB]
2025-12-07T20:04:37.2432329Z Get:21 http://azure.archive.ubuntu.com/ubuntu noble/universe amd64 libvpl2 amd64 2023.3.0-1build1 [99.8 kB]
2025-12-07T20:04:37.2578237Z Get:22 http://azure.archive.ubuntu.com/ubuntu noble/universe amd64 ocl-icd-libopencl1 amd64 2.3.2-1build1 [38.5 kB]
2025-12-07T20:04:37.2660560Z Get:23 http://azure.archive.ubuntu.com/ubuntu noble/universe amd64 libavutil58 amd64 7:6.1.1-3ubuntu5 [401 kB]
2025-12-07T20:04:37.2778271Z Get:24 http://azure.archive.ubuntu.com/ubuntu noble/universe amd64 libcodec2-1.2 amd64 1.2.0-2build1 [8998 kB]
2025-12-07T20:04:37.3697048Z Get:25 http://azure.archive.ubuntu.com/ubuntu noble/universe amd64 libdav1d7 amd64 1.4.1-1build1 [604 kB]
2025-12-07T20:04:37.3862275Z Get:26 http://azure.archive.ubuntu.com/ubuntu noble/universe amd64 libgsm1 amd64 1.0.22-1build1 [27.8 kB]
2025-12-07T20:04:37.3943553Z Get:27 http://azure.archive.ubuntu.com/ubuntu noble/universe amd64 libhwy1t64 amd64 1.0.7-8.1build1 [584 kB]
2025-12-07T20:04:37.4074132Z Get:28 http://azure.archive.ubuntu.com/ubuntu noble-updates/universe amd64 libjxl0.7 amd64 0.7.0-10.2ubuntu6.1 [1001 kB]
2025-12-07T20:04:37.4246100Z Get:29 http://azure.archive.ubuntu.com/ubuntu noble/main amd64 libmp3lame0 amd64 3.100-6build1 [142 kB]
2025-12-07T20:04:37.4347311Z Get:30 http://azure.archive.ubuntu.com/ubuntu noble/main amd64 libopus0 amd64 1.4-1build1 [208 kB]
2025-12-07T20:04:37.4450240Z Get:31 http://azure.archive.ubuntu.com/ubuntu noble/universe amd64 librav1e0 amd64 0.7.1-2 [1022 kB]
2025-12-07T20:04:37.4673973Z Get:32 http://azure.archive.ubuntu.com/ubuntu noble/main amd64 librsvg2-2 amd64 2.58.0+dfsg-1build1 [2135 kB]
2025-12-07T20:04:37.5034320Z Get:33 http://azure.archive.ubuntu.com/ubuntu noble/universe amd64 libshine3 amd64 3.1.1-2build1 [23.2 kB]
2025-12-07T20:04:37.5112892Z Get:34 http://azure.archive.ubuntu.com/ubuntu noble-updates/main amd64 libspeex1 amd64 1.2.1-2ubuntu2.24.04.1 [59.6 kB]
2025-12-07T20:04:37.5199253Z Get:35 http://azure.archive.ubuntu.com/ubuntu noble/universe amd64 libsvtav1enc1d1 amd64 1.7.0+dfsg-2build1 [2425 kB]
2025-12-07T20:04:37.5629797Z Get:36 http://azure.archive.ubuntu.com/ubuntu noble/universe amd64 libsoxr0 amd64 0.1.3-4build3 [80.0 kB]
2025-12-07T20:04:37.5715494Z Get:37 http://azure.archive.ubuntu.com/ubuntu noble/universe amd64 libswresample4 amd64 7:6.1.1-3ubuntu5 [63.8 kB]
2025-12-07T20:04:37.5800222Z Get:38 http://azure.archive.ubuntu.com/ubuntu noble/main amd64 libtheora0 amd64 1.1.1+dfsg.1-16.1build3 [211 kB]
2025-12-07T20:04:37.6350275Z Get:39 http://azure.archive.ubuntu.com/ubuntu noble/main amd64 libtwolame0 amd64 0.4.0-2build3 [52.3 kB]
2025-12-07T20:04:37.6434589Z Get:40 http://azure.archive.ubuntu.com/ubuntu noble/main amd64 libvorbisenc2 amd64 1.3.7-1build3 [80.8 kB]
2025-12-07T20:04:37.6519448Z Get:41 http://azure.archive.ubuntu.com/ubuntu noble-updates/main amd64 libvpx9 amd64 1.14.0-1ubuntu2.2 [1143 kB]
2025-12-07T20:04:37.6743841Z Get:42 http://azure.archive.ubuntu.com/ubuntu noble/universe amd64 libx264-164 amd64 2:0.164.3108+git31e19f9-1 [604 kB]
2025-12-07T20:04:37.6906082Z Get:43 http://azure.archive.ubuntu.com/ubuntu noble/universe amd64 libx265-199 amd64 3.5-2build1 [1226 kB]
2025-12-07T20:04:37.7103891Z Get:44 http://azure.archive.ubuntu.com/ubuntu noble/universe amd64 libxvidcore4 amd64 2:1.3.7-1build1 [219 kB]
2025-12-07T20:04:37.7233798Z Get:45 http://azure.archive.ubuntu.com/ubuntu noble/universe amd64 libzvbi-common all 0.2.42-2 [42.4 kB]
2025-12-07T20:04:37.7327175Z Get:46 http://azure.archive.ubuntu.com/ubuntu noble/universe amd64 libzvbi0t64 amd64 0.2.42-2 [261 kB]
2025-12-07T20:04:37.7426072Z Get:47 http://azure.archive.ubuntu.com/ubuntu noble/universe amd64 libavcodec60 amd64 7:6.1.1-3ubuntu5 [5851 kB]
2025-12-07T20:04:37.8094684Z Get:48 http://azure.archive.ubuntu.com/ubuntu noble/universe amd64 libunibreak5 amd64 5.1-2build1 [25.0 kB]
2025-12-07T20:04:37.8187453Z Get:49 http://azure.archive.ubuntu.com/ubuntu noble/universe amd64 libass9 amd64 1:0.17.1-2build1 [104 kB]
2025-12-07T20:04:37.8280162Z Get:50 http://azure.archive.ubuntu.com/ubuntu noble/universe amd64 libudfread0 amd64 1.1.2-1build1 [19.0 kB]
2025-12-07T20:04:37.8361315Z Get:51 http://azure.archive.ubuntu.com/ubuntu noble/universe amd64 libbluray2 amd64 1:1.3.4-1build1 [159 kB]
2025-12-07T20:04:37.8459860Z Get:52 http://azure.archive.ubuntu.com/ubuntu noble/universe amd64 libchromaprint1 amd64 1.5.1-5 [30.5 kB]
2025-12-07T20:04:37.8543671Z Get:53 http://azure.archive.ubuntu.com/ubuntu noble/universe amd64 libgme0 amd64 0.6.3-7build1 [134 kB]
2025-12-07T20:04:37.8634801Z Get:54 http://azure.archive.ubuntu.com/ubuntu noble-updates/main amd64 libmpg123-0t64 amd64 1.32.5-1ubuntu1.1 [169 kB]
2025-12-07T20:04:37.8750067Z Get:55 http://azure.archive.ubuntu.com/ubuntu noble/universe amd64 libopenmpt0t64 amd64 0.7.3-1.1build3 [647 kB]
2025-12-07T20:04:37.8907730Z Get:56 http://azure.archive.ubuntu.com/ubuntu noble/universe amd64 libcjson1 amd64 1.7.17-1 [24.8 kB]
2025-12-07T20:04:37.9005787Z Get:57 http://azure.archive.ubuntu.com/ubuntu noble/universe amd64 libmbedcrypto7t64 amd64 2.28.8-1 [209 kB]
2025-12-07T20:04:37.9549140Z Get:58 http://azure.archive.ubuntu.com/ubuntu noble/universe amd64 librist4 amd64 0.2.10+dfsg-2 [74.9 kB]
2025-12-07T20:04:37.9633748Z Get:59 http://azure.archive.ubuntu.com/ubuntu noble/universe amd64 libsrt1.5-gnutls amd64 1.5.3-1build2 [316 kB]
2025-12-07T20:04:37.9806518Z Get:60 http://azure.archive.ubuntu.com/ubuntu noble-updates/main amd64 libssh-gcrypt-4 amd64 0.10.6-2ubuntu0.2 [224 kB]
2025-12-07T20:04:37.9906839Z Get:61 http://azure.archive.ubuntu.com/ubuntu noble/universe amd64 libavformat60 amd64 7:6.1.1-3ubuntu5 [1153 kB]
2025-12-07T20:04:38.0107336Z Get:62 http://azure.archive.ubuntu.com/ubuntu noble/universe amd64 libbs2b0 amd64 3.1.0+dfsg-7build1 [10.6 kB]
2025-12-07T20:04:38.0186807Z Get:63 http://azure.archive.ubuntu.com/ubuntu noble/universe amd64 libflite1 amd64 2.2-6build3 [13.6 MB]
2025-12-07T20:04:38.1736313Z Get:64 http://azure.archive.ubuntu.com/ubuntu noble/universe amd64 libserd-0-0 amd64 0.32.2-1 [43.6 kB]
2025-12-07T20:04:38.1813807Z Get:65 http://azure.archive.ubuntu.com/ubuntu noble/universe amd64 libzix-0-0 amd64 0.4.2-2build1 [23.6 kB]
2025-12-07T20:04:38.1892395Z Get:66 http://azure.archive.ubuntu.com/ubuntu noble/universe amd64 libsord-0-0 amd64 0.16.16-2build1 [15.8 kB]
2025-12-07T20:04:38.1969672Z Get:67 http://azure.archive.ubuntu.com/ubuntu noble/universe amd64 libsratom-0-0 amd64 0.6.16-1build1 [17.3 kB]
2025-12-07T20:04:38.2045907Z Get:68 http://azure.archive.ubuntu.com/ubuntu noble/universe amd64 liblilv-0-0 amd64 0.24.22-1build1 [41.0 kB]
2025-12-07T20:04:38.2126313Z Get:69 http://azure.archive.ubuntu.com/ubuntu noble/universe amd64 libmysofa1 amd64 1.3.2+dfsg-2ubuntu2 [1158 kB]
2025-12-07T20:04:38.2333254Z Get:70 http://azure.archive.ubuntu.com/ubuntu noble/universe amd64 libplacebo338 amd64 6.338.2-2build1 [2654 kB]
2025-12-07T20:04:38.2653623Z Get:71 http://azure.archive.ubuntu.com/ubuntu noble-updates/main amd64 libblas3 amd64 3.12.0-3build1.1 [238 kB]
2025-12-07T20:04:38.2750183Z Get:72 http://azure.archive.ubuntu.com/ubuntu noble-updates/main amd64 liblapack3 amd64 3.12.0-3build1.1 [2646 kB]
2025-12-07T20:04:38.3092534Z Get:73 http://azure.archive.ubuntu.com/ubuntu noble/main amd64 libasyncns0 amd64 0.8-6build4 [11.3 kB]
2025-12-07T20:04:38.3177068Z Get:74 http://azure.archive.ubuntu.com/ubuntu noble/main amd64 libflac12t64 amd64 1.4.3+ds-2.1ubuntu2 [197 kB]
2025-12-07T20:04:38.3271046Z Get:75 http://azure.archive.ubuntu.com/ubuntu noble-updates/main amd64 libsndfile1 amd64 1.2.2-1ubuntu5.24.04.1 [209 kB]
2025-12-07T20:04:38.3792377Z Get:76 http://azure.archive.ubuntu.com/ubuntu noble-updates/main amd64 libpulse0 amd64 1:16.1+dfsg1-2ubuntu10.1 [292 kB]
2025-12-07T20:04:38.3918901Z Get:77 http://azure.archive.ubuntu.com/ubuntu noble/universe amd64 libsphinxbase3t64 amd64 0.8+5prealpha+1-17build2 [126 kB]
2025-12-07T20:04:38.4010297Z Get:78 http://azure.archive.ubuntu.com/ubuntu noble/universe amd64 libpocketsphinx3 amd64 0.8.0+real5prealpha+1-15ubuntu5 [133 kB]
2025-12-07T20:04:38.4111425Z Get:79 http://azure.archive.ubuntu.com/ubuntu noble/universe amd64 libpostproc57 amd64 7:6.1.1-3ubuntu5 [49.9 kB]
2025-12-07T20:04:38.4201272Z Get:80 http://azure.archive.ubuntu.com/ubuntu noble/main amd64 libsamplerate0 amd64 0.2.2-4build1 [1344 kB]
2025-12-07T20:04:38.4490055Z Get:81 http://azure.archive.ubuntu.com/ubuntu noble/universe amd64 librubberband2 amd64 3.3.0+dfsg-2build1 [130 kB]
2025-12-07T20:04:38.4583312Z Get:82 http://azure.archive.ubuntu.com/ubuntu noble/universe amd64 libswscale7 amd64 7:6.1.1-3ubuntu5 [193 kB]
2025-12-07T20:04:38.4684383Z Get:83 http://azure.archive.ubuntu.com/ubuntu noble/universe amd64 libvidstab1.1 amd64 1.1.0-2build1 [38.5 kB]
2025-12-07T20:04:38.4788281Z Get:84 http://azure.archive.ubuntu.com/ubuntu noble/universe amd64 libzimg2 amd64 3.0.5+ds1-1build1 [254 kB]
2025-12-07T20:04:38.4987874Z Get:85 http://azure.archive.ubuntu.com/ubuntu noble/universe amd64 libavfilter9 amd64 7:6.1.1-3ubuntu5 [4235 kB]
2025-12-07T20:04:38.5425762Z Get:86 http://azure.archive.ubuntu.com/ubuntu noble-updates/main amd64 liborc-0.4-0t64 amd64 1:0.4.38-1ubuntu0.1 [207 kB]
2025-12-07T20:04:38.5537510Z Get:87 http://azure.archive.ubuntu.com/ubuntu noble-updates/main amd64 libgstreamer-plugins-base1.0-0 amd64 1.24.2-1ubuntu0.3 [862 kB]
2025-12-07T20:04:38.5726364Z Get:88 http://azure.archive.ubuntu.com/ubuntu noble/universe amd64 gstreamer1.0-libav amd64 1.24.1-1build1 [103 kB]
2025-12-07T20:04:38.5819991Z Get:89 http://azure.archive.ubuntu.com/ubuntu noble/main amd64 libcdparanoia0 amd64 3.10.2+debian-14build3 [48.5 kB]
2025-12-07T20:04:38.5904532Z Get:90 http://azure.archive.ubuntu.com/ubuntu noble/main amd64 libvisual-0.4-0 amd64 0.4.2-2build1 [115 kB]
2025-12-07T20:04:38.5998464Z Get:91 http://azure.archive.ubuntu.com/ubuntu noble-updates/main amd64 gstreamer1.0-plugins-base amd64 1.24.2-1ubuntu0.3 [721 kB]
2025-12-07T20:04:38.6153197Z Get:92 http://azure.archive.ubuntu.com/ubuntu noble/main amd64 libaa1 amd64 1.4p5-51.1 [49.9 kB]
2025-12-07T20:04:38.6238280Z Get:93 http://azure.archive.ubuntu.com/ubuntu noble/main amd64 libraw1394-11 amd64 2.1.2-2build3 [26.2 kB]
2025-12-07T20:04:38.6321670Z Get:94 http://azure.archive.ubuntu.com/ubuntu noble/main amd64 libavc1394-0 amd64 0.5.4-5build3 [15.4 kB]
2025-12-07T20:04:38.6838707Z Get:95 http://azure.archive.ubuntu.com/ubuntu noble/main amd64 libcaca0 amd64 0.99.beta20-4build2 [208 kB]
2025-12-07T20:04:38.6929791Z Get:96 http://azure.archive.ubuntu.com/ubuntu noble/main amd64 libdv4t64 amd64 1.0.0-17.1build1 [63.2 kB]
2025-12-07T20:04:38.7016781Z Get:97 http://azure.archive.ubuntu.com/ubuntu noble-updates/main amd64 libgstreamer-plugins-good1.0-0 amd64 1.24.2-1ubuntu1.2 [33.0 kB]
2025-12-07T20:04:38.7105124Z Get:98 http://azure.archive.ubuntu.com/ubuntu noble/main amd64 libiec61883-0 amd64 1.2.0-6build1 [24.5 kB]
2025-12-07T20:04:38.7189546Z Get:99 http://azure.archive.ubuntu.com/ubuntu noble/main amd64 libshout3 amd64 2.4.6-1build2 [50.3 kB]
2025-12-07T20:04:38.7278304Z Get:100 http://azure.archive.ubuntu.com/ubuntu noble/main amd64 libtag1v5-vanilla amd64 1.13.1-1build1 [326 kB]
2025-12-07T20:04:38.7411646Z Get:101 http://azure.archive.ubuntu.com/ubuntu noble/main amd64 libtag1v5 amd64 1.13.1-1build1 [11.7 kB]
2025-12-07T20:04:38.7504517Z Get:102 http://azure.archive.ubuntu.com/ubuntu noble/main amd64 libv4lconvert0t64 amd64 1.26.1-4build3 [87.6 kB]
2025-12-07T20:04:38.7643485Z Get:103 http://azure.archive.ubuntu.com/ubuntu noble/main amd64 libv4l-0t64 amd64 1.26.1-4build3 [46.9 kB]
2025-12-07T20:04:38.7751911Z Get:104 http://azure.archive.ubuntu.com/ubuntu noble/main amd64 libwavpack1 amd64 5.6.0-1build1 [84.6 kB]
2025-12-07T20:04:38.7845518Z Get:105 http://azure.archive.ubuntu.com/ubuntu noble-updates/main amd64 libsoup-3.0-common all 3.4.4-5ubuntu0.5 [11.3 kB]
2025-12-07T20:04:38.7927963Z Get:106 http://azure.archive.ubuntu.com/ubuntu noble-updates/main amd64 libsoup-3.0-0 amd64 3.4.4-5ubuntu0.5 [291 kB]
2025-12-07T20:04:38.8038452Z Get:107 http://azure.archive.ubuntu.com/ubuntu noble-updates/main amd64 gstreamer1.0-plugins-good amd64 1.24.2-1ubuntu1.2 [2238 kB]
2025-12-07T20:04:38.8334852Z Get:108 http://azure.archive.ubuntu.com/ubuntu noble-updates/main amd64 libabsl20220623t64 amd64 20220623.1-3.1ubuntu3.2 [423 kB]
2025-12-07T20:04:38.8455439Z Get:109 http://azure.archive.ubuntu.com/ubuntu noble/universe amd64 libgav1-1 amd64 0.18.0-1build3 [357 kB]
2025-12-07T20:04:38.8570365Z Get:110 http://azure.archive.ubuntu.com/ubuntu noble/universe amd64 libyuv0 amd64 0.0~git202401110.af6ac82-1 [178 kB]
2025-12-07T20:04:38.8671242Z Get:111 http://azure.archive.ubuntu.com/ubuntu noble/universe amd64 libavif16 amd64 1.0.4-1ubuntu3 [91.2 kB]
2025-12-07T20:04:38.8821293Z Get:112 http://azure.archive.ubuntu.com/ubuntu noble/universe amd64 libavtp0 amd64 0.2.0-1build1 [6414 B]
2025-12-07T20:04:38.8901032Z Get:113 http://azure.archive.ubuntu.com/ubuntu noble/main amd64 libcairo-script-interpreter2 amd64 1.18.0-3build1 [60.3 kB]
2025-12-07T20:04:38.8984236Z Get:114 http://azure.archive.ubuntu.com/ubuntu noble-updates/main amd64 libcups2t64 amd64 2.4.7-1.2ubuntu7.9 [273 kB]
2025-12-07T20:04:38.9096419Z Get:115 http://azure.archive.ubuntu.com/ubuntu noble/universe amd64 libdc1394-25 amd64 2.2.6-4build1 [90.1 kB]
2025-12-07T20:04:38.9182710Z Get:116 http://azure.archive.ubuntu.com/ubuntu noble/main amd64 libdecor-0-0 amd64 0.2.2-1build2 [16.5 kB]
2025-12-07T20:04:38.9261889Z Get:117 http://azure.archive.ubuntu.com/ubuntu noble/main amd64 libgles2 amd64 1.7.0-1build1 [17.1 kB]
2025-12-07T20:04:38.9350009Z Get:118 http://azure.archive.ubuntu.com/ubuntu noble/universe amd64 libdirectfb-1.7-7t64 amd64 1.7.7-11.1ubuntu2 [1035 kB]
2025-12-07T20:04:38.9529863Z Get:119 http://azure.archive.ubuntu.com/ubuntu noble/universe amd64 libdvdread8t64 amd64 6.1.3-1.1build1 [54.7 kB]
2025-12-07T20:04:38.9646436Z Get:120 http://azure.archive.ubuntu.com/ubuntu noble/universe amd64 libdvdnav4 amd64 6.1.1-3build1 [39.5 kB]
2025-12-07T20:04:39.0154728Z Get:121 http://azure.archive.ubuntu.com/ubuntu noble-updates/main amd64 libegl-mesa0 amd64 25.0.7-0ubuntu0.24.04.2 [124 kB]
2025-12-07T20:04:39.0242009Z Get:122 http://azure.archive.ubuntu.com/ubuntu noble/main amd64 libevent-2.1-7t64 amd64 2.1.12-stable-9ubuntu2 [145 kB]
2025-12-07T20:04:39.0337156Z Get:123 http://azure.archive.ubuntu.com/ubuntu noble/universe amd64 libfaad2 amd64 2.11.1-1build1 [207 kB]
2025-12-07T20:04:39.0433783Z Get:124 http://azure.archive.ubuntu.com/ubuntu noble/universe amd64 libinstpatch-1.0-2 amd64 1.1.6-1build2 [251 kB]
2025-12-07T20:04:39.0538162Z Get:125 http://azure.archive.ubuntu.com/ubuntu noble/main amd64 libjack-jackd2-0 amd64 1.9.21~dfsg-3ubuntu3 [289 kB]
2025-12-07T20:04:39.0646153Z Get:126 http://azure.archive.ubuntu.com/ubuntu noble/main amd64 libwebrtc-audio-processing1 amd64 0.3.1-0ubuntu6 [290 kB]
2025-12-07T20:04:39.0754991Z Get:127 http://azure.archive.ubuntu.com/ubuntu noble-updates/main amd64 libspa-0.2-modules amd64 1.0.5-1ubuntu3.1 [626 kB]
2025-12-07T20:04:39.0896597Z Get:128 http://azure.archive.ubuntu.com/ubuntu noble-updates/main amd64 libpipewire-0.3-0t64 amd64 1.0.5-1ubuntu3.1 [252 kB]
2025-12-07T20:04:39.1039707Z Get:129 http://azure.archive.ubuntu.com/ubuntu noble-updates/main amd64 libsdl2-2.0-0 amd64 2.30.0+dfsg-1ubuntu3.1 [686 kB]
2025-12-07T20:04:39.1168829Z Get:130 http://azure.archive.ubuntu.com/ubuntu noble/universe amd64 timgm6mb-soundfont all 1.3-5 [5427 kB]
2025-12-07T20:04:39.1877315Z Get:131 http://azure.archive.ubuntu.com/ubuntu noble/universe amd64 libfluidsynth3 amd64 2.3.4-1build3 [249 kB]
2025-12-07T20:04:39.1978562Z Get:132 http://azure.archive.ubuntu.com/ubuntu noble/main amd64 libfreeaptx0 amd64 0.1.1-2build1 [13.5 kB]
2025-12-07T20:04:39.2060955Z Get:133 http://azure.archive.ubuntu.com/ubuntu noble/main amd64 libgraphene-1.0-0 amd64 1.10.8-3build2 [46.2 kB]
2025-12-07T20:04:39.2143570Z Get:134 http://azure.archive.ubuntu.com/ubuntu noble/main amd64 libgssdp-1.6-0 amd64 1.6.3-1build3 [40.4 kB]
2025-12-07T20:04:39.2228322Z Get:135 http://azure.archive.ubuntu.com/ubuntu noble/main amd64 libegl1 amd64 1.7.0-1build1 [28.7 kB]
2025-12-07T20:04:39.2309340Z Get:136 http://azure.archive.ubuntu.com/ubuntu noble-updates/main amd64 libgstreamer-gl1.0-0 amd64 1.24.2-1ubuntu0.3 [214 kB]
2025-12-07T20:04:39.2472825Z Get:137 http://azure.archive.ubuntu.com/ubuntu noble-updates/main amd64 libgtk-4-common all 4.14.5+ds-0ubuntu0.7 [1496 kB]
2025-12-07T20:04:39.2707898Z Get:138 http://azure.archive.ubuntu.com/ubuntu noble-updates/main amd64 libgtk-4-1 amd64 4.14.5+ds-0ubuntu0.7 [3294 kB]
2025-12-07T20:04:39.3552784Z Get:139 http://azure.archive.ubuntu.com/ubuntu noble/main amd64 libgupnp-1.6-0 amd64 1.6.6-1build3 [92.7 kB]
2025-12-07T20:04:39.3638241Z Get:140 http://azure.archive.ubuntu.com/ubuntu noble/universe amd64 libgupnp-igd-1.6-0 amd64 1.6.0-3build3 [16.5 kB]
2025-12-07T20:04:39.3716346Z Get:141 http://azure.archive.ubuntu.com/ubuntu noble/main amd64 libharfbuzz-icu0 amd64 8.3.0-2build2 [13.3 kB]
2025-12-07T20:04:39.3795917Z Get:142 http://azure.archive.ubuntu.com/ubuntu noble/main amd64 libhyphen0 amd64 2.8.8-7build3 [26.5 kB]
2025-12-07T20:04:39.3876230Z Get:143 http://azure.archive.ubuntu.com/ubuntu noble/universe amd64 libimath-3-1-29t64 amd64 3.1.9-3.1ubuntu2 [72.2 kB]
2025-12-07T20:04:39.3958955Z Get:144 http://azure.archive.ubuntu.com/ubuntu noble/main amd64 liblc3-1 amd64 1.0.4-3build1 [69.7 kB]
2025-12-07T20:04:39.4043418Z Get:145 http://azure.archive.ubuntu.com/ubuntu noble/main amd64 libldacbt-enc2 amd64 2.0.2.3+git20200429+ed310a0-4ubuntu2 [27.1 kB]
2025-12-07T20:04:39.4123032Z Get:146 http://azure.archive.ubuntu.com/ubuntu noble-updates/main amd64 libraptor2-0 amd64 2.0.16-3ubuntu0.1 [165 kB]
2025-12-07T20:04:39.4218364Z Get:147 http://azure.archive.ubuntu.com/ubuntu noble/universe amd64 liblrdf0 amd64 0.6.1-4build1 [18.5 kB]
2025-12-07T20:04:39.4297903Z Get:148 http://azure.archive.ubuntu.com/ubuntu noble/universe amd64 libltc11 amd64 1.3.2-1build1 [13.0 kB]
2025-12-07T20:04:39.4380911Z Get:149 http://azure.archive.ubuntu.com/ubuntu noble/main amd64 libmanette-0.2-0 amd64 0.2.7-1build2 [30.6 kB]
2025-12-07T20:04:39.4477215Z Get:150 http://azure.archive.ubuntu.com/ubuntu noble/universe amd64 libmfx1 amd64 22.5.4-1 [3124 kB]
2025-12-07T20:04:39.4860522Z Get:151 http://azure.archive.ubuntu.com/ubuntu noble/universe amd64 libmjpegutils-2.1-0t64 amd64 1:2.1.0+debian-8.1build1 [25.5 kB]
2025-12-07T20:04:39.4939883Z Get:152 http://azure.archive.ubuntu.com/ubuntu noble/universe amd64 libmodplug1 amd64 1:0.8.9.0-3build1 [166 kB]
2025-12-07T20:04:39.5039161Z Get:153 http://azure.archive.ubuntu.com/ubuntu noble/universe amd64 libmpcdec6 amd64 2:0.1~r495-2build1 [32.7 kB]
2025-12-07T20:04:39.5121989Z Get:154 http://azure.archive.ubuntu.com/ubuntu noble/universe amd64 libmpeg2encpp-2.1-0t64 amd64 1:2.1.0+debian-8.1build1 [75.6 kB]
2025-12-07T20:04:39.5208472Z Get:155 http://azure.archive.ubuntu.com/ubuntu noble/universe amd64 libmplex2-2.1-0t64 amd64 1:2.1.0+debian-8.1build1 [46.1 kB]
2025-12-07T20:04:39.5293411Z Get:156 http://azure.archive.ubuntu.com/ubuntu noble/universe amd64 libneon27t64 amd64 0.33.0-1.1build3 [102 kB]
2025-12-07T20:04:39.5383780Z Get:157 http://azure.archive.ubuntu.com/ubuntu noble/universe amd64 libnice10 amd64 0.1.21-2build3 [157 kB]
2025-12-07T20:04:39.5912237Z Get:158 http://azure.archive.ubuntu.com/ubuntu noble/universe amd64 libopenal-data all 1:1.23.1-4build1 [161 kB]
2025-12-07T20:04:39.6012669Z Get:159 http://azure.archive.ubuntu.com/ubuntu noble/universe amd64 libopenexr-3-1-30 amd64 3.1.5-5.1build3 [1004 kB]
2025-12-07T20:04:39.6206818Z Get:160 http://azure.archive.ubuntu.com/ubuntu noble/universe amd64 libopenh264-7 amd64 2.4.1+dfsg-1 [409 kB]
2025-12-07T20:04:39.6335320Z Get:161 http://azure.archive.ubuntu.com/ubuntu noble/universe amd64 libopenni2-0 amd64 2.2.0.33+dfsg-18 [370 kB]
2025-12-07T20:04:39.6472593Z Get:162 http://azure.archive.ubuntu.com/ubuntu noble/universe amd64 libqrencode4 amd64 4.1.1-1build2 [25.0 kB]
2025-12-07T20:04:39.6553785Z Get:163 http://azure.archive.ubuntu.com/ubuntu noble/main amd64 libsecret-common all 0.21.4-1build3 [4962 B]
2025-12-07T20:04:39.6632219Z Get:164 http://azure.archive.ubuntu.com/ubuntu noble/main amd64 libsecret-1-0 amd64 0.21.4-1build3 [116 kB]
2025-12-07T20:04:39.6741738Z Get:165 http://azure.archive.ubuntu.com/ubuntu noble/universe amd64 libsndio7.0 amd64 1.9.0-0.3build3 [29.6 kB]
2025-12-07T20:04:39.6825916Z Get:166 http://azure.archive.ubuntu.com/ubuntu noble/universe amd64 libsoundtouch1 amd64 2.3.2+ds1-1build1 [60.5 kB]
2025-12-07T20:04:39.6913963Z Get:167 http://azure.archive.ubuntu.com/ubuntu noble/universe amd64 libspandsp2t64 amd64 0.0.6+dfsg-2.1build1 [311 kB]
2025-12-07T20:04:39.7022404Z Get:168 http://azure.archive.ubuntu.com/ubuntu noble/universe amd64 libsrtp2-1 amd64 2.5.0-3build1 [41.9 kB]
2025-12-07T20:04:39.7105371Z Get:169 http://azure.archive.ubuntu.com/ubuntu noble-updates/main amd64 libssh-4 amd64 0.10.6-2ubuntu0.2 [188 kB]
2025-12-07T20:04:39.7210215Z Get:170 http://azure.archive.ubuntu.com/ubuntu noble/universe amd64 libwildmidi2 amd64 0.4.3-1build3 [68.5 kB]
2025-12-07T20:04:39.7294678Z Get:171 http://azure.archive.ubuntu.com/ubuntu noble/main amd64 libwoff1 amd64 1.0.2-2build1 [45.3 kB]
2025-12-07T20:04:39.7378283Z Get:172 http://azure.archive.ubuntu.com/ubuntu noble/main amd64 libxcb-xkb1 amd64 1.15-1ubuntu2 [32.3 kB]
2025-12-07T20:04:39.7460012Z Get:173 http://azure.archive.ubuntu.com/ubuntu noble/main amd64 libxkbcommon-x11-0 amd64 1.6.0-1build1 [14.5 kB]
2025-12-07T20:04:39.7540108Z Get:174 http://azure.archive.ubuntu.com/ubuntu noble/universe amd64 libzbar0t64 amd64 0.23.93-4build3 [123 kB]
2025-12-07T20:04:39.7632170Z Get:175 http://azure.archive.ubuntu.com/ubuntu noble/universe amd64 libzxing3 amd64 2.2.1-3 [583 kB]
2025-12-07T20:04:39.8200225Z Get:176 http://azure.archive.ubuntu.com/ubuntu noble/main amd64 xfonts-encodings all 1:1.0.5-0ubuntu2 [578 kB]
2025-12-07T20:04:39.8336090Z Get:177 http://azure.archive.ubuntu.com/ubuntu noble/main amd64 xfonts-utils amd64 1:7.7+6build3 [94.4 kB]
2025-12-07T20:04:39.8421896Z Get:178 http://azure.archive.ubuntu.com/ubuntu noble/universe amd64 xfonts-cyrillic all 1:1.0.5+nmu1 [384 kB]
2025-12-07T20:04:39.8590450Z Get:179 http://azure.archive.ubuntu.com/ubuntu noble/main amd64 xfonts-scalable all 1:1.0.3-1.3 [304 kB]
2025-12-07T20:04:39.8708141Z Get:180 http://azure.archive.ubuntu.com/ubuntu noble/universe amd64 libgstreamer-plugins-bad1.0-0 amd64 1.24.2-1ubuntu4 [797 kB]
2025-12-07T20:04:39.8927284Z Get:181 http://azure.archive.ubuntu.com/ubuntu noble/universe amd64 libdca0 amd64 0.0.7-2build1 [93.8 kB]
2025-12-07T20:04:39.9032046Z Get:182 http://azure.archive.ubuntu.com/ubuntu noble/universe amd64 libopenal1 amd64 1:1.23.1-4build1 [540 kB]
2025-12-07T20:04:39.9156825Z Get:183 http://azure.archive.ubuntu.com/ubuntu noble/main amd64 libsbc1 amd64 2.0-1build1 [33.9 kB]
2025-12-07T20:04:39.9238605Z Get:184 http://azure.archive.ubuntu.com/ubuntu noble/universe amd64 libvo-aacenc0 amd64 0.1.3-2build1 [67.8 kB]
2025-12-07T20:04:39.9320434Z Get:185 http://azure.archive.ubuntu.com/ubuntu noble/universe amd64 libvo-amrwbenc0 amd64 0.1.3-2build1 [76.7 kB]
2025-12-07T20:04:39.9404736Z Get:186 http://azure.archive.ubuntu.com/ubuntu noble/universe amd64 gstreamer1.0-plugins-bad amd64 1.24.2-1ubuntu4 [3081 kB]
2025-12-07T20:04:40.4518636Z Fetched 116 MB in 3s (36.4 MB/s)
2025-12-07T20:04:40.5014429Z Selecting previously unselected package fonts-ipafont-gothic.
2025-12-07T20:04:40.5418645Z (Reading database ... 
2025-12-07T20:04:40.5419077Z (Reading database ... 5%
2025-12-07T20:04:40.5419388Z (Reading database ... 10%
2025-12-07T20:04:40.5419633Z (Reading database ... 15%
2025-12-07T20:04:40.5419859Z (Reading database ... 20%
2025-12-07T20:04:40.5420084Z (Reading database ... 25%
2025-12-07T20:04:40.5420300Z (Reading database ... 30%
2025-12-07T20:04:40.5420558Z (Reading database ... 35%
2025-12-07T20:04:40.5420789Z (Reading database ... 40%
2025-12-07T20:04:40.5421005Z (Reading database ... 45%
2025-12-07T20:04:40.5421366Z (Reading database ... 50%
2025-12-07T20:04:40.6178468Z (Reading database ... 55%
2025-12-07T20:04:40.8854631Z (Reading database ... 60%
2025-12-07T20:04:41.0218262Z (Reading database ... 65%
2025-12-07T20:04:41.0972769Z (Reading database ... 70%
2025-12-07T20:04:41.1811246Z (Reading database ... 75%
2025-12-07T20:04:41.6484623Z (Reading database ... 80%
2025-12-07T20:04:42.4234614Z (Reading database ... 85%
2025-12-07T20:04:43.0931619Z (Reading database ... 90%
2025-12-07T20:04:43.5863385Z (Reading database ... 95%
2025-12-07T20:04:43.5863870Z (Reading database ... 100%
2025-12-07T20:04:43.5864476Z (Reading database ... 217049 files and directories currently installed.)
2025-12-07T20:04:43.5916198Z Preparing to unpack .../000-fonts-ipafont-gothic_00303-21ubuntu1_all.deb ...
2025-12-07T20:04:43.6009652Z Unpacking fonts-ipafont-gothic (00303-21ubuntu1) ...
2025-12-07T20:04:43.8498749Z Preparing to unpack .../001-libglib2.0-data_2.80.0-6ubuntu3.5_all.deb ...
2025-12-07T20:04:43.8514646Z Unpacking libglib2.0-data (2.80.0-6ubuntu3.5) over (2.80.0-6ubuntu3.4) ...
2025-12-07T20:04:43.8898435Z Preparing to unpack .../002-libglib2.0-bin_2.80.0-6ubuntu3.5_amd64.deb ...
2025-12-07T20:04:43.8915985Z Unpacking libglib2.0-bin (2.80.0-6ubuntu3.5) over (2.80.0-6ubuntu3.4) ...
2025-12-07T20:04:43.9813442Z Preparing to unpack .../003-gir1.2-glib-2.0_2.80.0-6ubuntu3.5_amd64.deb ...
2025-12-07T20:04:43.9830598Z Unpacking gir1.2-glib-2.0:amd64 (2.80.0-6ubuntu3.5) over (2.80.0-6ubuntu3.4) ...
2025-12-07T20:04:44.0232945Z Preparing to unpack .../004-libglib2.0-0t64_2.80.0-6ubuntu3.5_amd64.deb ...
2025-12-07T20:04:44.0295592Z Unpacking libglib2.0-0t64:amd64 (2.80.0-6ubuntu3.5) over (2.80.0-6ubuntu3.4) ...
2025-12-07T20:04:44.0821134Z Selecting previously unselected package fonts-freefont-ttf.
2025-12-07T20:04:44.0966582Z Preparing to unpack .../005-fonts-freefont-ttf_20211204+svn4273-2_all.deb ...
2025-12-07T20:04:44.0972840Z Unpacking fonts-freefont-ttf (20211204+svn4273-2) ...
2025-12-07T20:04:44.1840465Z Selecting previously unselected package fonts-tlwg-loma-otf.
2025-12-07T20:04:44.1980763Z Preparing to unpack .../006-fonts-tlwg-loma-otf_1%3a0.7.3-1_all.deb ...
2025-12-07T20:04:44.1986521Z Unpacking fonts-tlwg-loma-otf (1:0.7.3-1) ...
2025-12-07T20:04:44.2195495Z Selecting previously unselected package fonts-unifont.
2025-12-07T20:04:44.2332284Z Preparing to unpack .../007-fonts-unifont_1%3a15.1.01-1build1_all.deb ...
2025-12-07T20:04:44.2338380Z Unpacking fonts-unifont (1:15.1.01-1build1) ...
2025-12-07T20:04:44.3581755Z Selecting previously unselected package fonts-wqy-zenhei.
2025-12-07T20:04:44.3721608Z Preparing to unpack .../008-fonts-wqy-zenhei_0.9.45-8_all.deb ...
2025-12-07T20:04:44.3871379Z Unpacking fonts-wqy-zenhei (0.9.45-8) ...
2025-12-07T20:04:44.8543234Z Selecting previously unselected package libproxy1v5:amd64.
2025-12-07T20:04:44.8682982Z Preparing to unpack .../009-libproxy1v5_0.5.4-4build1_amd64.deb ...
2025-12-07T20:04:44.8690175Z Unpacking libproxy1v5:amd64 (0.5.4-4build1) ...
2025-12-07T20:04:44.8894025Z Selecting previously unselected package glib-networking-common.
2025-12-07T20:04:44.9032736Z Preparing to unpack .../010-glib-networking-common_2.80.0-1build1_all.deb ...
2025-12-07T20:04:44.9040276Z Unpacking glib-networking-common (2.80.0-1build1) ...
2025-12-07T20:04:44.9230921Z Selecting previously unselected package glib-networking-services.
2025-12-07T20:04:44.9367144Z Preparing to unpack .../011-glib-networking-services_2.80.0-1build1_amd64.deb ...
2025-12-07T20:04:44.9374342Z Unpacking glib-networking-services (2.80.0-1build1) ...
2025-12-07T20:04:44.9579990Z Selecting previously unselected package session-migration.
2025-12-07T20:04:44.9714907Z Preparing to unpack .../012-session-migration_0.3.9build1_amd64.deb ...
2025-12-07T20:04:44.9721416Z Unpacking session-migration (0.3.9build1) ...
2025-12-07T20:04:44.9934784Z Selecting previously unselected package gsettings-desktop-schemas.
2025-12-07T20:04:45.0068611Z Preparing to unpack .../013-gsettings-desktop-schemas_46.1-0ubuntu1_all.deb ...
2025-12-07T20:04:45.0075553Z Unpacking gsettings-desktop-schemas (46.1-0ubuntu1) ...
2025-12-07T20:04:45.0334367Z Selecting previously unselected package glib-networking:amd64.
2025-12-07T20:04:45.0469640Z Preparing to unpack .../014-glib-networking_2.80.0-1build1_amd64.deb ...
2025-12-07T20:04:45.0476035Z Unpacking glib-networking:amd64 (2.80.0-1build1) ...
2025-12-07T20:04:45.0687513Z Selecting previously unselected package libva2:amd64.
2025-12-07T20:04:45.0821550Z Preparing to unpack .../015-libva2_2.20.0-2build1_amd64.deb ...
2025-12-07T20:04:45.0829706Z Unpacking libva2:amd64 (2.20.0-2build1) ...
2025-12-07T20:04:45.1043113Z Selecting previously unselected package libva-drm2:amd64.
2025-12-07T20:04:45.1179541Z Preparing to unpack .../016-libva-drm2_2.20.0-2build1_amd64.deb ...
2025-12-07T20:04:45.1186701Z Unpacking libva-drm2:amd64 (2.20.0-2build1) ...
2025-12-07T20:04:45.1385001Z Selecting previously unselected package libva-x11-2:amd64.
2025-12-07T20:04:45.1521697Z Preparing to unpack .../017-libva-x11-2_2.20.0-2build1_amd64.deb ...
2025-12-07T20:04:45.1531615Z Unpacking libva-x11-2:amd64 (2.20.0-2build1) ...
2025-12-07T20:04:45.1747710Z Selecting previously unselected package libvdpau1:amd64.
2025-12-07T20:04:45.1884884Z Preparing to unpack .../018-libvdpau1_1.5-2build1_amd64.deb ...
2025-12-07T20:04:45.1891765Z Unpacking libvdpau1:amd64 (1.5-2build1) ...
2025-12-07T20:04:45.2102179Z Selecting previously unselected package libvpl2.
2025-12-07T20:04:45.2239669Z Preparing to unpack .../019-libvpl2_2023.3.0-1build1_amd64.deb ...
2025-12-07T20:04:45.2246648Z Unpacking libvpl2 (2023.3.0-1build1) ...
2025-12-07T20:04:45.2465330Z Selecting previously unselected package ocl-icd-libopencl1:amd64.
2025-12-07T20:04:45.2602677Z Preparing to unpack .../020-ocl-icd-libopencl1_2.3.2-1build1_amd64.deb ...
2025-12-07T20:04:45.2614549Z Unpacking ocl-icd-libopencl1:amd64 (2.3.2-1build1) ...
2025-12-07T20:04:45.2888978Z Selecting previously unselected package libavutil58:amd64.
2025-12-07T20:04:45.3028316Z Preparing to unpack .../021-libavutil58_7%3a6.1.1-3ubuntu5_amd64.deb ...
2025-12-07T20:04:45.3035674Z Unpacking libavutil58:amd64 (7:6.1.1-3ubuntu5) ...
2025-12-07T20:04:45.3295385Z Selecting previously unselected package libcodec2-1.2:amd64.
2025-12-07T20:04:45.3433048Z Preparing to unpack .../022-libcodec2-1.2_1.2.0-2build1_amd64.deb ...
2025-12-07T20:04:45.3440985Z Unpacking libcodec2-1.2:amd64 (1.2.0-2build1) ...
2025-12-07T20:04:45.4261671Z Selecting previously unselected package libdav1d7:amd64.
2025-12-07T20:04:45.4402523Z Preparing to unpack .../023-libdav1d7_1.4.1-1build1_amd64.deb ...
2025-12-07T20:04:45.4409315Z Unpacking libdav1d7:amd64 (1.4.1-1build1) ...
2025-12-07T20:04:45.4685683Z Selecting previously unselected package libgsm1:amd64.
2025-12-07T20:04:45.4825975Z Preparing to unpack .../024-libgsm1_1.0.22-1build1_amd64.deb ...
2025-12-07T20:04:45.4834328Z Unpacking libgsm1:amd64 (1.0.22-1build1) ...
2025-12-07T20:04:45.5046709Z Selecting previously unselected package libhwy1t64:amd64.
2025-12-07T20:04:45.5184814Z Preparing to unpack .../025-libhwy1t64_1.0.7-8.1build1_amd64.deb ...
2025-12-07T20:04:45.5192549Z Unpacking libhwy1t64:amd64 (1.0.7-8.1build1) ...
2025-12-07T20:04:45.5518993Z Selecting previously unselected package libjxl0.7:amd64.
2025-12-07T20:04:45.5658243Z Preparing to unpack .../026-libjxl0.7_0.7.0-10.2ubuntu6.1_amd64.deb ...
2025-12-07T20:04:45.5665064Z Unpacking libjxl0.7:amd64 (0.7.0-10.2ubuntu6.1) ...
2025-12-07T20:04:45.6011678Z Selecting previously unselected package libmp3lame0:amd64.
2025-12-07T20:04:45.6151527Z Preparing to unpack .../027-libmp3lame0_3.100-6build1_amd64.deb ...
2025-12-07T20:04:45.6159409Z Unpacking libmp3lame0:amd64 (3.100-6build1) ...
2025-12-07T20:04:45.6378354Z Selecting previously unselected package libopus0:amd64.
2025-12-07T20:04:45.6515744Z Preparing to unpack .../028-libopus0_1.4-1build1_amd64.deb ...
2025-12-07T20:04:45.6522855Z Unpacking libopus0:amd64 (1.4-1build1) ...
2025-12-07T20:04:45.6748565Z Selecting previously unselected package librav1e0:amd64.
2025-12-07T20:04:45.6886959Z Preparing to unpack .../029-librav1e0_0.7.1-2_amd64.deb ...
2025-12-07T20:04:45.6895152Z Unpacking librav1e0:amd64 (0.7.1-2) ...
2025-12-07T20:04:45.7237873Z Selecting previously unselected package librsvg2-2:amd64.
2025-12-07T20:04:45.7377368Z Preparing to unpack .../030-librsvg2-2_2.58.0+dfsg-1build1_amd64.deb ...
2025-12-07T20:04:45.7384441Z Unpacking librsvg2-2:amd64 (2.58.0+dfsg-1build1) ...
2025-12-07T20:04:45.7866431Z Selecting previously unselected package libshine3:amd64.
2025-12-07T20:04:45.8006762Z Preparing to unpack .../031-libshine3_3.1.1-2build1_amd64.deb ...
2025-12-07T20:04:45.8013625Z Unpacking libshine3:amd64 (3.1.1-2build1) ...
2025-12-07T20:04:45.8216147Z Selecting previously unselected package libspeex1:amd64.
2025-12-07T20:04:45.8354424Z Preparing to unpack .../032-libspeex1_1.2.1-2ubuntu2.24.04.1_amd64.deb ...
2025-12-07T20:04:45.8362124Z Unpacking libspeex1:amd64 (1.2.1-2ubuntu2.24.04.1) ...
2025-12-07T20:04:45.8575487Z Selecting previously unselected package libsvtav1enc1d1:amd64.
2025-12-07T20:04:45.8711827Z Preparing to unpack .../033-libsvtav1enc1d1_1.7.0+dfsg-2build1_amd64.deb ...
2025-12-07T20:04:45.8719519Z Unpacking libsvtav1enc1d1:amd64 (1.7.0+dfsg-2build1) ...
2025-12-07T20:04:45.9215926Z Selecting previously unselected package libsoxr0:amd64.
2025-12-07T20:04:45.9357183Z Preparing to unpack .../034-libsoxr0_0.1.3-4build3_amd64.deb ...
2025-12-07T20:04:45.9364583Z Unpacking libsoxr0:amd64 (0.1.3-4build3) ...
2025-12-07T20:04:45.9581777Z Selecting previously unselected package libswresample4:amd64.
2025-12-07T20:04:45.9718141Z Preparing to unpack .../035-libswresample4_7%3a6.1.1-3ubuntu5_amd64.deb ...
2025-12-07T20:04:45.9724922Z Unpacking libswresample4:amd64 (7:6.1.1-3ubuntu5) ...
2025-12-07T20:04:45.9938735Z Selecting previously unselected package libtheora0:amd64.
2025-12-07T20:04:46.0076319Z Preparing to unpack .../036-libtheora0_1.1.1+dfsg.1-16.1build3_amd64.deb ...
2025-12-07T20:04:46.0083707Z Unpacking libtheora0:amd64 (1.1.1+dfsg.1-16.1build3) ...
2025-12-07T20:04:46.0323746Z Selecting previously unselected package libtwolame0:amd64.
2025-12-07T20:04:46.0459512Z Preparing to unpack .../037-libtwolame0_0.4.0-2build3_amd64.deb ...
2025-12-07T20:04:46.0466444Z Unpacking libtwolame0:amd64 (0.4.0-2build3) ...
2025-12-07T20:04:46.0681631Z Selecting previously unselected package libvorbisenc2:amd64.
2025-12-07T20:04:46.0816313Z Preparing to unpack .../038-libvorbisenc2_1.3.7-1build3_amd64.deb ...
2025-12-07T20:04:46.0823629Z Unpacking libvorbisenc2:amd64 (1.3.7-1build3) ...
2025-12-07T20:04:46.1055778Z Selecting previously unselected package libvpx9:amd64.
2025-12-07T20:04:46.1192195Z Preparing to unpack .../039-libvpx9_1.14.0-1ubuntu2.2_amd64.deb ...
2025-12-07T20:04:46.1200212Z Unpacking libvpx9:amd64 (1.14.0-1ubuntu2.2) ...
2025-12-07T20:04:46.1543378Z Selecting previously unselected package libx264-164:amd64.
2025-12-07T20:04:46.1683125Z Preparing to unpack .../040-libx264-164_2%3a0.164.3108+git31e19f9-1_amd64.deb ...
2025-12-07T20:04:46.1690859Z Unpacking libx264-164:amd64 (2:0.164.3108+git31e19f9-1) ...
2025-12-07T20:04:46.1985001Z Selecting previously unselected package libx265-199:amd64.
2025-12-07T20:04:46.2123618Z Preparing to unpack .../041-libx265-199_3.5-2build1_amd64.deb ...
2025-12-07T20:04:46.2131715Z Unpacking libx265-199:amd64 (3.5-2build1) ...
2025-12-07T20:04:46.2900729Z Selecting previously unselected package libxvidcore4:amd64.
2025-12-07T20:04:46.3041553Z Preparing to unpack .../042-libxvidcore4_2%3a1.3.7-1build1_amd64.deb ...
2025-12-07T20:04:46.3050643Z Unpacking libxvidcore4:amd64 (2:1.3.7-1build1) ...
2025-12-07T20:04:46.3278839Z Selecting previously unselected package libzvbi-common.
2025-12-07T20:04:46.3418397Z Preparing to unpack .../043-libzvbi-common_0.2.42-2_all.deb ...
2025-12-07T20:04:46.3424756Z Unpacking libzvbi-common (0.2.42-2) ...
2025-12-07T20:04:46.3827824Z Selecting previously unselected package libzvbi0t64:amd64.
2025-12-07T20:04:46.3964947Z Preparing to unpack .../044-libzvbi0t64_0.2.42-2_amd64.deb ...
2025-12-07T20:04:46.3972721Z Unpacking libzvbi0t64:amd64 (0.2.42-2) ...
2025-12-07T20:04:46.4218529Z Selecting previously unselected package libavcodec60:amd64.
2025-12-07T20:04:46.4352865Z Preparing to unpack .../045-libavcodec60_7%3a6.1.1-3ubuntu5_amd64.deb ...
2025-12-07T20:04:46.4360497Z Unpacking libavcodec60:amd64 (7:6.1.1-3ubuntu5) ...
2025-12-07T20:04:46.5237378Z Selecting previously unselected package libunibreak5:amd64.
2025-12-07T20:04:46.5377382Z Preparing to unpack .../046-libunibreak5_5.1-2build1_amd64.deb ...
2025-12-07T20:04:46.5385543Z Unpacking libunibreak5:amd64 (5.1-2build1) ...
2025-12-07T20:04:46.5597802Z Selecting previously unselected package libass9:amd64.
2025-12-07T20:04:46.5735450Z Preparing to unpack .../047-libass9_1%3a0.17.1-2build1_amd64.deb ...
2025-12-07T20:04:46.5745099Z Unpacking libass9:amd64 (1:0.17.1-2build1) ...
2025-12-07T20:04:46.5973433Z Selecting previously unselected package libudfread0:amd64.
2025-12-07T20:04:46.6110168Z Preparing to unpack .../048-libudfread0_1.1.2-1build1_amd64.deb ...
2025-12-07T20:04:46.6117499Z Unpacking libudfread0:amd64 (1.1.2-1build1) ...
2025-12-07T20:04:46.6318850Z Selecting previously unselected package libbluray2:amd64.
2025-12-07T20:04:46.6454732Z Preparing to unpack .../049-libbluray2_1%3a1.3.4-1build1_amd64.deb ...
2025-12-07T20:04:46.6461589Z Unpacking libbluray2:amd64 (1:1.3.4-1build1) ...
2025-12-07T20:04:46.6682078Z Selecting previously unselected package libchromaprint1:amd64.
2025-12-07T20:04:46.6817235Z Preparing to unpack .../050-libchromaprint1_1.5.1-5_amd64.deb ...
2025-12-07T20:04:46.6823748Z Unpacking libchromaprint1:amd64 (1.5.1-5) ...
2025-12-07T20:04:46.7030458Z Selecting previously unselected package libgme0:amd64.
2025-12-07T20:04:46.7164918Z Preparing to unpack .../051-libgme0_0.6.3-7build1_amd64.deb ...
2025-12-07T20:04:46.7172900Z Unpacking libgme0:amd64 (0.6.3-7build1) ...
2025-12-07T20:04:46.7394058Z Selecting previously unselected package libmpg123-0t64:amd64.
2025-12-07T20:04:46.7532355Z Preparing to unpack .../052-libmpg123-0t64_1.32.5-1ubuntu1.1_amd64.deb ...
2025-12-07T20:04:46.7539688Z Unpacking libmpg123-0t64:amd64 (1.32.5-1ubuntu1.1) ...
2025-12-07T20:04:46.7768314Z Selecting previously unselected package libopenmpt0t64:amd64.
2025-12-07T20:04:46.7905229Z Preparing to unpack .../053-libopenmpt0t64_0.7.3-1.1build3_amd64.deb ...
2025-12-07T20:04:46.7913044Z Unpacking libopenmpt0t64:amd64 (0.7.3-1.1build3) ...
2025-12-07T20:04:46.8194595Z Selecting previously unselected package libcjson1:amd64.
2025-12-07T20:04:46.8333361Z Preparing to unpack .../054-libcjson1_1.7.17-1_amd64.deb ...
2025-12-07T20:04:46.8341263Z Unpacking libcjson1:amd64 (1.7.17-1) ...
2025-12-07T20:04:46.8553861Z Selecting previously unselected package libmbedcrypto7t64:amd64.
2025-12-07T20:04:46.8689886Z Preparing to unpack .../055-libmbedcrypto7t64_2.28.8-1_amd64.deb ...
2025-12-07T20:04:46.8697398Z Unpacking libmbedcrypto7t64:amd64 (2.28.8-1) ...
2025-12-07T20:04:46.8929997Z Selecting previously unselected package librist4:amd64.
2025-12-07T20:04:46.9066333Z Preparing to unpack .../056-librist4_0.2.10+dfsg-2_amd64.deb ...
2025-12-07T20:04:46.9076060Z Unpacking librist4:amd64 (0.2.10+dfsg-2) ...
2025-12-07T20:04:46.9284470Z Selecting previously unselected package libsrt1.5-gnutls:amd64.
2025-12-07T20:04:46.9418889Z Preparing to unpack .../057-libsrt1.5-gnutls_1.5.3-1build2_amd64.deb ...
2025-12-07T20:04:46.9426610Z Unpacking libsrt1.5-gnutls:amd64 (1.5.3-1build2) ...
2025-12-07T20:04:46.9676016Z Selecting previously unselected package libssh-gcrypt-4:amd64.
2025-12-07T20:04:46.9813177Z Preparing to unpack .../058-libssh-gcrypt-4_0.10.6-2ubuntu0.2_amd64.deb ...
2025-12-07T20:04:46.9820478Z Unpacking libssh-gcrypt-4:amd64 (0.10.6-2ubuntu0.2) ...
2025-12-07T20:04:47.0057220Z Selecting previously unselected package libavformat60:amd64.
2025-12-07T20:04:47.0193987Z Preparing to unpack .../059-libavformat60_7%3a6.1.1-3ubuntu5_amd64.deb ...
2025-12-07T20:04:47.0202040Z Unpacking libavformat60:amd64 (7:6.1.1-3ubuntu5) ...
2025-12-07T20:04:47.0529261Z Selecting previously unselected package libbs2b0:amd64.
2025-12-07T20:04:47.0668496Z Preparing to unpack .../060-libbs2b0_3.1.0+dfsg-7build1_amd64.deb ...
2025-12-07T20:04:47.0675842Z Unpacking libbs2b0:amd64 (3.1.0+dfsg-7build1) ...
2025-12-07T20:04:47.0902120Z Selecting previously unselected package libflite1:amd64.
2025-12-07T20:04:47.1038154Z Preparing to unpack .../061-libflite1_2.2-6build3_amd64.deb ...
2025-12-07T20:04:47.1044879Z Unpacking libflite1:amd64 (2.2-6build3) ...
2025-12-07T20:04:47.2305210Z Selecting previously unselected package libserd-0-0:amd64.
2025-12-07T20:04:47.2444897Z Preparing to unpack .../062-libserd-0-0_0.32.2-1_amd64.deb ...
2025-12-07T20:04:47.2451706Z Unpacking libserd-0-0:amd64 (0.32.2-1) ...
2025-12-07T20:04:47.2656480Z Selecting previously unselected package libzix-0-0:amd64.
2025-12-07T20:04:47.2794617Z Preparing to unpack .../063-libzix-0-0_0.4.2-2build1_amd64.deb ...
2025-12-07T20:04:47.2802155Z Unpacking libzix-0-0:amd64 (0.4.2-2build1) ...
2025-12-07T20:04:47.3008919Z Selecting previously unselected package libsord-0-0:amd64.
2025-12-07T20:04:47.3144812Z Preparing to unpack .../064-libsord-0-0_0.16.16-2build1_amd64.deb ...
2025-12-07T20:04:47.3152455Z Unpacking libsord-0-0:amd64 (0.16.16-2build1) ...
2025-12-07T20:04:47.3355082Z Selecting previously unselected package libsratom-0-0:amd64.
2025-12-07T20:04:47.3489649Z Preparing to unpack .../065-libsratom-0-0_0.6.16-1build1_amd64.deb ...
2025-12-07T20:04:47.3497985Z Unpacking libsratom-0-0:amd64 (0.6.16-1build1) ...
2025-12-07T20:04:47.3705224Z Selecting previously unselected package liblilv-0-0:amd64.
2025-12-07T20:04:47.3840733Z Preparing to unpack .../066-liblilv-0-0_0.24.22-1build1_amd64.deb ...
2025-12-07T20:04:47.3849082Z Unpacking liblilv-0-0:amd64 (0.24.22-1build1) ...
2025-12-07T20:04:47.4055998Z Selecting previously unselected package libmysofa1:amd64.
2025-12-07T20:04:47.4192580Z Preparing to unpack .../067-libmysofa1_1.3.2+dfsg-2ubuntu2_amd64.deb ...
2025-12-07T20:04:47.4199910Z Unpacking libmysofa1:amd64 (1.3.2+dfsg-2ubuntu2) ...
2025-12-07T20:04:47.4454459Z Selecting previously unselected package libplacebo338:amd64.
2025-12-07T20:04:47.4591657Z Preparing to unpack .../068-libplacebo338_6.338.2-2build1_amd64.deb ...
2025-12-07T20:04:47.4599058Z Unpacking libplacebo338:amd64 (6.338.2-2build1) ...
2025-12-07T20:04:47.5198025Z Selecting previously unselected package libblas3:amd64.
2025-12-07T20:04:47.5338748Z Preparing to unpack .../069-libblas3_3.12.0-3build1.1_amd64.deb ...
2025-12-07T20:04:47.5371409Z Unpacking libblas3:amd64 (3.12.0-3build1.1) ...
2025-12-07T20:04:47.5616184Z Selecting previously unselected package liblapack3:amd64.
2025-12-07T20:04:47.5755556Z Preparing to unpack .../070-liblapack3_3.12.0-3build1.1_amd64.deb ...
2025-12-07T20:04:47.5788339Z Unpacking liblapack3:amd64 (3.12.0-3build1.1) ...
2025-12-07T20:04:47.6294937Z Selecting previously unselected package libasyncns0:amd64.
2025-12-07T20:04:47.6434790Z Preparing to unpack .../071-libasyncns0_0.8-6build4_amd64.deb ...
2025-12-07T20:04:47.6442093Z Unpacking libasyncns0:amd64 (0.8-6build4) ...
2025-12-07T20:04:47.6665835Z Selecting previously unselected package libflac12t64:amd64.
2025-12-07T20:04:47.6803769Z Preparing to unpack .../072-libflac12t64_1.4.3+ds-2.1ubuntu2_amd64.deb ...
2025-12-07T20:04:47.6811459Z Unpacking libflac12t64:amd64 (1.4.3+ds-2.1ubuntu2) ...
2025-12-07T20:04:47.7043681Z Selecting previously unselected package libsndfile1:amd64.
2025-12-07T20:04:47.7181618Z Preparing to unpack .../073-libsndfile1_1.2.2-1ubuntu5.24.04.1_amd64.deb ...
2025-12-07T20:04:47.7189568Z Unpacking libsndfile1:amd64 (1.2.2-1ubuntu5.24.04.1) ...
2025-12-07T20:04:47.7451008Z Selecting previously unselected package libpulse0:amd64.
2025-12-07T20:04:47.7588555Z Preparing to unpack .../074-libpulse0_1%3a16.1+dfsg1-2ubuntu10.1_amd64.deb ...
2025-12-07T20:04:47.7654116Z Unpacking libpulse0:amd64 (1:16.1+dfsg1-2ubuntu10.1) ...
2025-12-07T20:04:47.7908861Z Selecting previously unselected package libsphinxbase3t64:amd64.
2025-12-07T20:04:47.8048094Z Preparing to unpack .../075-libsphinxbase3t64_0.8+5prealpha+1-17build2_amd64.deb ...
2025-12-07T20:04:47.8055679Z Unpacking libsphinxbase3t64:amd64 (0.8+5prealpha+1-17build2) ...
2025-12-07T20:04:47.8280448Z Selecting previously unselected package libpocketsphinx3:amd64.
2025-12-07T20:04:47.8418720Z Preparing to unpack .../076-libpocketsphinx3_0.8.0+real5prealpha+1-15ubuntu5_amd64.deb ...
2025-12-07T20:04:47.8425774Z Unpacking libpocketsphinx3:amd64 (0.8.0+real5prealpha+1-15ubuntu5) ...
2025-12-07T20:04:47.8646691Z Selecting previously unselected package libpostproc57:amd64.
2025-12-07T20:04:47.8781783Z Preparing to unpack .../077-libpostproc57_7%3a6.1.1-3ubuntu5_amd64.deb ...
2025-12-07T20:04:47.8789565Z Unpacking libpostproc57:amd64 (7:6.1.1-3ubuntu5) ...
2025-12-07T20:04:47.9004170Z Selecting previously unselected package libsamplerate0:amd64.
2025-12-07T20:04:47.9139618Z Preparing to unpack .../078-libsamplerate0_0.2.2-4build1_amd64.deb ...
2025-12-07T20:04:47.9148905Z Unpacking libsamplerate0:amd64 (0.2.2-4build1) ...
2025-12-07T20:04:47.9545269Z Selecting previously unselected package librubberband2:amd64.
2025-12-07T20:04:47.9682641Z Preparing to unpack .../079-librubberband2_3.3.0+dfsg-2build1_amd64.deb ...
2025-12-07T20:04:47.9689509Z Unpacking librubberband2:amd64 (3.3.0+dfsg-2build1) ...
2025-12-07T20:04:47.9961454Z Selecting previously unselected package libswscale7:amd64.
2025-12-07T20:04:48.0098929Z Preparing to unpack .../080-libswscale7_7%3a6.1.1-3ubuntu5_amd64.deb ...
2025-12-07T20:04:48.0106103Z Unpacking libswscale7:amd64 (7:6.1.1-3ubuntu5) ...
2025-12-07T20:04:48.0351217Z Selecting previously unselected package libvidstab1.1:amd64.
2025-12-07T20:04:48.0486879Z Preparing to unpack .../081-libvidstab1.1_1.1.0-2build1_amd64.deb ...
2025-12-07T20:04:48.0494497Z Unpacking libvidstab1.1:amd64 (1.1.0-2build1) ...
2025-12-07T20:04:48.0706374Z Selecting previously unselected package libzimg2:amd64.
2025-12-07T20:04:48.0842277Z Preparing to unpack .../082-libzimg2_3.0.5+ds1-1build1_amd64.deb ...
2025-12-07T20:04:48.0849239Z Unpacking libzimg2:amd64 (3.0.5+ds1-1build1) ...
2025-12-07T20:04:48.1091278Z Selecting previously unselected package libavfilter9:amd64.
2025-12-07T20:04:48.1228627Z Preparing to unpack .../083-libavfilter9_7%3a6.1.1-3ubuntu5_amd64.deb ...
2025-12-07T20:04:48.1236104Z Unpacking libavfilter9:amd64 (7:6.1.1-3ubuntu5) ...
2025-12-07T20:04:48.1997814Z Selecting previously unselected package liborc-0.4-0t64:amd64.
2025-12-07T20:04:48.2138511Z Preparing to unpack .../084-liborc-0.4-0t64_1%3a0.4.38-1ubuntu0.1_amd64.deb ...
2025-12-07T20:04:48.2145663Z Unpacking liborc-0.4-0t64:amd64 (1:0.4.38-1ubuntu0.1) ...
2025-12-07T20:04:48.2395858Z Selecting previously unselected package libgstreamer-plugins-base1.0-0:amd64.
2025-12-07T20:04:48.2532902Z Preparing to unpack .../085-libgstreamer-plugins-base1.0-0_1.24.2-1ubuntu0.3_amd64.deb ...
2025-12-07T20:04:48.2539957Z Unpacking libgstreamer-plugins-base1.0-0:amd64 (1.24.2-1ubuntu0.3) ...
2025-12-07T20:04:48.2882971Z Selecting previously unselected package gstreamer1.0-libav:amd64.
2025-12-07T20:04:48.3018927Z Preparing to unpack .../086-gstreamer1.0-libav_1.24.1-1build1_amd64.deb ...
2025-12-07T20:04:48.3027219Z Unpacking gstreamer1.0-libav:amd64 (1.24.1-1build1) ...
2025-12-07T20:04:48.3249000Z Selecting previously unselected package libcdparanoia0:amd64.
2025-12-07T20:04:48.3388433Z Preparing to unpack .../087-libcdparanoia0_3.10.2+debian-14build3_amd64.deb ...
2025-12-07T20:04:48.3395625Z Unpacking libcdparanoia0:amd64 (3.10.2+debian-14build3) ...
2025-12-07T20:04:48.3626683Z Selecting previously unselected package libvisual-0.4-0:amd64.
2025-12-07T20:04:48.3763556Z Preparing to unpack .../088-libvisual-0.4-0_0.4.2-2build1_amd64.deb ...
2025-12-07T20:04:48.3772355Z Unpacking libvisual-0.4-0:amd64 (0.4.2-2build1) ...
2025-12-07T20:04:48.3999879Z Selecting previously unselected package gstreamer1.0-plugins-base:amd64.
2025-12-07T20:04:48.4138336Z Preparing to unpack .../089-gstreamer1.0-plugins-base_1.24.2-1ubuntu0.3_amd64.deb ...
2025-12-07T20:04:48.4144757Z Unpacking gstreamer1.0-plugins-base:amd64 (1.24.2-1ubuntu0.3) ...
2025-12-07T20:04:48.4482063Z Selecting previously unselected package libaa1:amd64.
2025-12-07T20:04:48.4620026Z Preparing to unpack .../090-libaa1_1.4p5-51.1_amd64.deb ...
2025-12-07T20:04:48.4627077Z Unpacking libaa1:amd64 (1.4p5-51.1) ...
2025-12-07T20:04:48.4847302Z Selecting previously unselected package libraw1394-11:amd64.
2025-12-07T20:04:48.4985466Z Preparing to unpack .../091-libraw1394-11_2.1.2-2build3_amd64.deb ...
2025-12-07T20:04:48.4993690Z Unpacking libraw1394-11:amd64 (2.1.2-2build3) ...
2025-12-07T20:04:48.5208232Z Selecting previously unselected package libavc1394-0:amd64.
2025-12-07T20:04:48.5342776Z Preparing to unpack .../092-libavc1394-0_0.5.4-5build3_amd64.deb ...
2025-12-07T20:04:48.5350003Z Unpacking libavc1394-0:amd64 (0.5.4-5build3) ...
2025-12-07T20:04:48.5554790Z Selecting previously unselected package libcaca0:amd64.
2025-12-07T20:04:48.5691294Z Preparing to unpack .../093-libcaca0_0.99.beta20-4build2_amd64.deb ...
2025-12-07T20:04:48.5697955Z Unpacking libcaca0:amd64 (0.99.beta20-4build2) ...
2025-12-07T20:04:48.5951873Z Selecting previously unselected package libdv4t64:amd64.
2025-12-07T20:04:48.6089900Z Preparing to unpack .../094-libdv4t64_1.0.0-17.1build1_amd64.deb ...
2025-12-07T20:04:48.6096814Z Unpacking libdv4t64:amd64 (1.0.0-17.1build1) ...
2025-12-07T20:04:48.6323069Z Selecting previously unselected package libgstreamer-plugins-good1.0-0:amd64.
2025-12-07T20:04:48.6460192Z Preparing to unpack .../095-libgstreamer-plugins-good1.0-0_1.24.2-1ubuntu1.2_amd64.deb ...
2025-12-07T20:04:48.6466364Z Unpacking libgstreamer-plugins-good1.0-0:amd64 (1.24.2-1ubuntu1.2) ...
2025-12-07T20:04:48.6682521Z Selecting previously unselected package libiec61883-0:amd64.
2025-12-07T20:04:48.6818145Z Preparing to unpack .../096-libiec61883-0_1.2.0-6build1_amd64.deb ...
2025-12-07T20:04:48.6825019Z Unpacking libiec61883-0:amd64 (1.2.0-6build1) ...
2025-12-07T20:04:48.7043046Z Selecting previously unselected package libshout3:amd64.
2025-12-07T20:04:48.7176700Z Preparing to unpack .../097-libshout3_2.4.6-1build2_amd64.deb ...
2025-12-07T20:04:48.7183933Z Unpacking libshout3:amd64 (2.4.6-1build2) ...
2025-12-07T20:04:48.7404165Z Selecting previously unselected package libtag1v5-vanilla:amd64.
2025-12-07T20:04:48.7539385Z Preparing to unpack .../098-libtag1v5-vanilla_1.13.1-1build1_amd64.deb ...
2025-12-07T20:04:48.7546805Z Unpacking libtag1v5-vanilla:amd64 (1.13.1-1build1) ...
2025-12-07T20:04:48.7806375Z Selecting previously unselected package libtag1v5:amd64.
2025-12-07T20:04:48.7941789Z Preparing to unpack .../099-libtag1v5_1.13.1-1build1_amd64.deb ...
2025-12-07T20:04:48.7948801Z Unpacking libtag1v5:amd64 (1.13.1-1build1) ...
2025-12-07T20:04:48.8155111Z Selecting previously unselected package libv4lconvert0t64:amd64.
2025-12-07T20:04:48.8325646Z Preparing to unpack .../100-libv4lconvert0t64_1.26.1-4build3_amd64.deb ...
2025-12-07T20:04:48.8338701Z Unpacking libv4lconvert0t64:amd64 (1.26.1-4build3) ...
2025-12-07T20:04:48.8582371Z Selecting previously unselected package libv4l-0t64:amd64.
2025-12-07T20:04:48.8721786Z Preparing to unpack .../101-libv4l-0t64_1.26.1-4build3_amd64.deb ...
2025-12-07T20:04:48.8729725Z Unpacking libv4l-0t64:amd64 (1.26.1-4build3) ...
2025-12-07T20:04:48.8976132Z Selecting previously unselected package libwavpack1:amd64.
2025-12-07T20:04:48.9115410Z Preparing to unpack .../102-libwavpack1_5.6.0-1build1_amd64.deb ...
2025-12-07T20:04:48.9124069Z Unpacking libwavpack1:amd64 (5.6.0-1build1) ...
2025-12-07T20:04:48.9331354Z Selecting previously unselected package libsoup-3.0-common.
2025-12-07T20:04:48.9467435Z Preparing to unpack .../103-libsoup-3.0-common_3.4.4-5ubuntu0.5_all.deb ...
2025-12-07T20:04:48.9475066Z Unpacking libsoup-3.0-common (3.4.4-5ubuntu0.5) ...
2025-12-07T20:04:48.9689813Z Selecting previously unselected package libsoup-3.0-0:amd64.
2025-12-07T20:04:48.9824158Z Preparing to unpack .../104-libsoup-3.0-0_3.4.4-5ubuntu0.5_amd64.deb ...
2025-12-07T20:04:48.9831520Z Unpacking libsoup-3.0-0:amd64 (3.4.4-5ubuntu0.5) ...
2025-12-07T20:04:49.0079119Z Selecting previously unselected package gstreamer1.0-plugins-good:amd64.
2025-12-07T20:04:49.0216511Z Preparing to unpack .../105-gstreamer1.0-plugins-good_1.24.2-1ubuntu1.2_amd64.deb ...
2025-12-07T20:04:49.0224548Z Unpacking gstreamer1.0-plugins-good:amd64 (1.24.2-1ubuntu1.2) ...
2025-12-07T20:04:49.0835468Z Selecting previously unselected package libabsl20220623t64:amd64.
2025-12-07T20:04:49.0976215Z Preparing to unpack .../106-libabsl20220623t64_20220623.1-3.1ubuntu3.2_amd64.deb ...
2025-12-07T20:04:49.0987103Z Unpacking libabsl20220623t64:amd64 (20220623.1-3.1ubuntu3.2) ...
2025-12-07T20:04:49.1420483Z Selecting previously unselected package libgav1-1:amd64.
2025-12-07T20:04:49.1559051Z Preparing to unpack .../107-libgav1-1_0.18.0-1build3_amd64.deb ...
2025-12-07T20:04:49.1566270Z Unpacking libgav1-1:amd64 (0.18.0-1build3) ...
2025-12-07T20:04:49.1822964Z Selecting previously unselected package libyuv0:amd64.
2025-12-07T20:04:49.1960821Z Preparing to unpack .../108-libyuv0_0.0~git202401110.af6ac82-1_amd64.deb ...
2025-12-07T20:04:49.1968019Z Unpacking libyuv0:amd64 (0.0~git202401110.af6ac82-1) ...
2025-12-07T20:04:49.2205096Z Selecting previously unselected package libavif16:amd64.
2025-12-07T20:04:49.2341020Z Preparing to unpack .../109-libavif16_1.0.4-1ubuntu3_amd64.deb ...
2025-12-07T20:04:49.2350274Z Unpacking libavif16:amd64 (1.0.4-1ubuntu3) ...
2025-12-07T20:04:49.2568270Z Selecting previously unselected package libavtp0:amd64.
2025-12-07T20:04:49.2703403Z Preparing to unpack .../110-libavtp0_0.2.0-1build1_amd64.deb ...
2025-12-07T20:04:49.2710447Z Unpacking libavtp0:amd64 (0.2.0-1build1) ...
2025-12-07T20:04:49.2915288Z Selecting previously unselected package libcairo-script-interpreter2:amd64.
2025-12-07T20:04:49.3049059Z Preparing to unpack .../111-libcairo-script-interpreter2_1.18.0-3build1_amd64.deb ...
2025-12-07T20:04:49.3056696Z Unpacking libcairo-script-interpreter2:amd64 (1.18.0-3build1) ...
2025-12-07T20:04:49.3415228Z Preparing to unpack .../112-libcups2t64_2.4.7-1.2ubuntu7.9_amd64.deb ...
2025-12-07T20:04:49.3436535Z Unpacking libcups2t64:amd64 (2.4.7-1.2ubuntu7.9) over (2.4.7-1.2ubuntu7.4) ...
2025-12-07T20:04:49.3772329Z Selecting previously unselected package libdc1394-25:amd64.
2025-12-07T20:04:49.3912445Z Preparing to unpack .../113-libdc1394-25_2.2.6-4build1_amd64.deb ...
2025-12-07T20:04:49.3920939Z Unpacking libdc1394-25:amd64 (2.2.6-4build1) ...
2025-12-07T20:04:49.4150594Z Selecting previously unselected package libdecor-0-0:amd64.
2025-12-07T20:04:49.4290608Z Preparing to unpack .../114-libdecor-0-0_0.2.2-1build2_amd64.deb ...
2025-12-07T20:04:49.4297782Z Unpacking libdecor-0-0:amd64 (0.2.2-1build2) ...
2025-12-07T20:04:49.4504737Z Selecting previously unselected package libgles2:amd64.
2025-12-07T20:04:49.4641849Z Preparing to unpack .../115-libgles2_1.7.0-1build1_amd64.deb ...
2025-12-07T20:04:49.4649352Z Unpacking libgles2:amd64 (1.7.0-1build1) ...
2025-12-07T20:04:49.4862916Z Selecting previously unselected package libdirectfb-1.7-7t64:amd64.
2025-12-07T20:04:49.5000593Z Preparing to unpack .../116-libdirectfb-1.7-7t64_1.7.7-11.1ubuntu2_amd64.deb ...
2025-12-07T20:04:49.5010081Z Unpacking libdirectfb-1.7-7t64:amd64 (1.7.7-11.1ubuntu2) ...
2025-12-07T20:04:49.5445168Z Selecting previously unselected package libdvdread8t64:amd64.
2025-12-07T20:04:49.5585416Z Preparing to unpack .../117-libdvdread8t64_6.1.3-1.1build1_amd64.deb ...
2025-12-07T20:04:49.5592841Z Unpacking libdvdread8t64:amd64 (6.1.3-1.1build1) ...
2025-12-07T20:04:49.5812857Z Selecting previously unselected package libdvdnav4:amd64.
2025-12-07T20:04:49.5951426Z Preparing to unpack .../118-libdvdnav4_6.1.1-3build1_amd64.deb ...
2025-12-07T20:04:49.5958637Z Unpacking libdvdnav4:amd64 (6.1.1-3build1) ...
2025-12-07T20:04:49.6175818Z Selecting previously unselected package libegl-mesa0:amd64.
2025-12-07T20:04:49.6315317Z Preparing to unpack .../119-libegl-mesa0_25.0.7-0ubuntu0.24.04.2_amd64.deb ...
2025-12-07T20:04:49.6328710Z Unpacking libegl-mesa0:amd64 (25.0.7-0ubuntu0.24.04.2) ...
2025-12-07T20:04:49.6562780Z Selecting previously unselected package libevent-2.1-7t64:amd64.
2025-12-07T20:04:49.6701155Z Preparing to unpack .../120-libevent-2.1-7t64_2.1.12-stable-9ubuntu2_amd64.deb ...
2025-12-07T20:04:49.6711285Z Unpacking libevent-2.1-7t64:amd64 (2.1.12-stable-9ubuntu2) ...
2025-12-07T20:04:49.6936482Z Selecting previously unselected package libfaad2:amd64.
2025-12-07T20:04:49.7076377Z Preparing to unpack .../121-libfaad2_2.11.1-1build1_amd64.deb ...
2025-12-07T20:04:49.7085074Z Unpacking libfaad2:amd64 (2.11.1-1build1) ...
2025-12-07T20:04:49.7329363Z Selecting previously unselected package libinstpatch-1.0-2:amd64.
2025-12-07T20:04:49.7469693Z Preparing to unpack .../122-libinstpatch-1.0-2_1.1.6-1build2_amd64.deb ...
2025-12-07T20:04:49.7476324Z Unpacking libinstpatch-1.0-2:amd64 (1.1.6-1build2) ...
2025-12-07T20:04:49.7715519Z Selecting previously unselected package libjack-jackd2-0:amd64.
2025-12-07T20:04:49.7855050Z Preparing to unpack .../123-libjack-jackd2-0_1.9.21~dfsg-3ubuntu3_amd64.deb ...
2025-12-07T20:04:49.7863503Z Unpacking libjack-jackd2-0:amd64 (1.9.21~dfsg-3ubuntu3) ...
2025-12-07T20:04:49.8126135Z Selecting previously unselected package libwebrtc-audio-processing1:amd64.
2025-12-07T20:04:49.8263795Z Preparing to unpack .../124-libwebrtc-audio-processing1_0.3.1-0ubuntu6_amd64.deb ...
2025-12-07T20:04:49.8271140Z Unpacking libwebrtc-audio-processing1:amd64 (0.3.1-0ubuntu6) ...
2025-12-07T20:04:49.8499888Z Selecting previously unselected package libspa-0.2-modules:amd64.
2025-12-07T20:04:49.8636907Z Preparing to unpack .../125-libspa-0.2-modules_1.0.5-1ubuntu3.1_amd64.deb ...
2025-12-07T20:04:49.8644412Z Unpacking libspa-0.2-modules:amd64 (1.0.5-1ubuntu3.1) ...
2025-12-07T20:04:49.8975633Z Selecting previously unselected package libpipewire-0.3-0t64:amd64.
2025-12-07T20:04:49.9113134Z Preparing to unpack .../126-libpipewire-0.3-0t64_1.0.5-1ubuntu3.1_amd64.deb ...
2025-12-07T20:04:49.9119713Z Unpacking libpipewire-0.3-0t64:amd64 (1.0.5-1ubuntu3.1) ...
2025-12-07T20:04:49.9373195Z Selecting previously unselected package libsdl2-2.0-0:amd64.
2025-12-07T20:04:49.9512609Z Preparing to unpack .../127-libsdl2-2.0-0_2.30.0+dfsg-1ubuntu3.1_amd64.deb ...
2025-12-07T20:04:49.9519634Z Unpacking libsdl2-2.0-0:amd64 (2.30.0+dfsg-1ubuntu3.1) ...
2025-12-07T20:04:49.9820716Z Selecting previously unselected package timgm6mb-soundfont.
2025-12-07T20:04:49.9960910Z Preparing to unpack .../128-timgm6mb-soundfont_1.3-5_all.deb ...
2025-12-07T20:04:49.9966849Z Unpacking timgm6mb-soundfont (1.3-5) ...
2025-12-07T20:04:50.3645694Z Selecting previously unselected package libfluidsynth3:amd64.
2025-12-07T20:04:50.3788046Z Preparing to unpack .../129-libfluidsynth3_2.3.4-1build3_amd64.deb ...
2025-12-07T20:04:50.3795260Z Unpacking libfluidsynth3:amd64 (2.3.4-1build3) ...
2025-12-07T20:04:50.4037368Z Selecting previously unselected package libfreeaptx0:amd64.
2025-12-07T20:04:50.4176547Z Preparing to unpack .../130-libfreeaptx0_0.1.1-2build1_amd64.deb ...
2025-12-07T20:04:50.4183330Z Unpacking libfreeaptx0:amd64 (0.1.1-2build1) ...
2025-12-07T20:04:50.4394621Z Selecting previously unselected package libgraphene-1.0-0:amd64.
2025-12-07T20:04:50.4532730Z Preparing to unpack .../131-libgraphene-1.0-0_1.10.8-3build2_amd64.deb ...
2025-12-07T20:04:50.4539803Z Unpacking libgraphene-1.0-0:amd64 (1.10.8-3build2) ...
2025-12-07T20:04:50.4762699Z Selecting previously unselected package libgssdp-1.6-0:amd64.
2025-12-07T20:04:50.4903473Z Preparing to unpack .../132-libgssdp-1.6-0_1.6.3-1build3_amd64.deb ...
2025-12-07T20:04:50.4911793Z Unpacking libgssdp-1.6-0:amd64 (1.6.3-1build3) ...
2025-12-07T20:04:50.5129975Z Selecting previously unselected package libegl1:amd64.
2025-12-07T20:04:50.5268868Z Preparing to unpack .../133-libegl1_1.7.0-1build1_amd64.deb ...
2025-12-07T20:04:50.5276588Z Unpacking libegl1:amd64 (1.7.0-1build1) ...
2025-12-07T20:04:50.5497505Z Selecting previously unselected package libgstreamer-gl1.0-0:amd64.
2025-12-07T20:04:50.5635256Z Preparing to unpack .../134-libgstreamer-gl1.0-0_1.24.2-1ubuntu0.3_amd64.deb ...
2025-12-07T20:04:50.5642117Z Unpacking libgstreamer-gl1.0-0:amd64 (1.24.2-1ubuntu0.3) ...
2025-12-07T20:04:50.5872756Z Selecting previously unselected package libgtk-4-common.
2025-12-07T20:04:50.6011434Z Preparing to unpack .../135-libgtk-4-common_4.14.5+ds-0ubuntu0.7_all.deb ...
2025-12-07T20:04:50.6019831Z Unpacking libgtk-4-common (4.14.5+ds-0ubuntu0.7) ...
2025-12-07T20:04:50.6545008Z Selecting previously unselected package libgtk-4-1:amd64.
2025-12-07T20:04:50.6685917Z Preparing to unpack .../136-libgtk-4-1_4.14.5+ds-0ubuntu0.7_amd64.deb ...
2025-12-07T20:04:50.6693137Z Unpacking libgtk-4-1:amd64 (4.14.5+ds-0ubuntu0.7) ...
2025-12-07T20:04:50.7391165Z Selecting previously unselected package libgupnp-1.6-0:amd64.
2025-12-07T20:04:50.7532902Z Preparing to unpack .../137-libgupnp-1.6-0_1.6.6-1build3_amd64.deb ...
2025-12-07T20:04:50.7540476Z Unpacking libgupnp-1.6-0:amd64 (1.6.6-1build3) ...
2025-12-07T20:04:50.7768556Z Selecting previously unselected package libgupnp-igd-1.6-0:amd64.
2025-12-07T20:04:50.7907071Z Preparing to unpack .../138-libgupnp-igd-1.6-0_1.6.0-3build3_amd64.deb ...
2025-12-07T20:04:50.7915457Z Unpacking libgupnp-igd-1.6-0:amd64 (1.6.0-3build3) ...
2025-12-07T20:04:50.8126628Z Selecting previously unselected package libharfbuzz-icu0:amd64.
2025-12-07T20:04:50.8265620Z Preparing to unpack .../139-libharfbuzz-icu0_8.3.0-2build2_amd64.deb ...
2025-12-07T20:04:50.8275198Z Unpacking libharfbuzz-icu0:amd64 (8.3.0-2build2) ...
2025-12-07T20:04:50.8486853Z Selecting previously unselected package libhyphen0:amd64.
2025-12-07T20:04:50.8627987Z Preparing to unpack .../140-libhyphen0_2.8.8-7build3_amd64.deb ...
2025-12-07T20:04:50.8636007Z Unpacking libhyphen0:amd64 (2.8.8-7build3) ...
2025-12-07T20:04:50.8852864Z Selecting previously unselected package libimath-3-1-29t64:amd64.
2025-12-07T20:04:50.8991381Z Preparing to unpack .../141-libimath-3-1-29t64_3.1.9-3.1ubuntu2_amd64.deb ...
2025-12-07T20:04:50.8999483Z Unpacking libimath-3-1-29t64:amd64 (3.1.9-3.1ubuntu2) ...
2025-12-07T20:04:50.9227791Z Selecting previously unselected package liblc3-1:amd64.
2025-12-07T20:04:50.9363716Z Preparing to unpack .../142-liblc3-1_1.0.4-3build1_amd64.deb ...
2025-12-07T20:04:50.9372144Z Unpacking liblc3-1:amd64 (1.0.4-3build1) ...
2025-12-07T20:04:50.9586331Z Selecting previously unselected package libldacbt-enc2:amd64.
2025-12-07T20:04:50.9721507Z Preparing to unpack .../143-libldacbt-enc2_2.0.2.3+git20200429+ed310a0-4ubuntu2_amd64.deb ...
2025-12-07T20:04:50.9730330Z Unpacking libldacbt-enc2:amd64 (2.0.2.3+git20200429+ed310a0-4ubuntu2) ...
2025-12-07T20:04:50.9945591Z Selecting previously unselected package libraptor2-0:amd64.
2025-12-07T20:04:51.0084642Z Preparing to unpack .../144-libraptor2-0_2.0.16-3ubuntu0.1_amd64.deb ...
2025-12-07T20:04:51.0094691Z Unpacking libraptor2-0:amd64 (2.0.16-3ubuntu0.1) ...
2025-12-07T20:04:51.0326690Z Selecting previously unselected package liblrdf0:amd64.
2025-12-07T20:04:51.0479229Z Preparing to unpack .../145-liblrdf0_0.6.1-4build1_amd64.deb ...
2025-12-07T20:04:51.0488397Z Unpacking liblrdf0:amd64 (0.6.1-4build1) ...
2025-12-07T20:04:51.0708206Z Selecting previously unselected package libltc11:amd64.
2025-12-07T20:04:51.0849645Z Preparing to unpack .../146-libltc11_1.3.2-1build1_amd64.deb ...
2025-12-07T20:04:51.0856508Z Unpacking libltc11:amd64 (1.3.2-1build1) ...
2025-12-07T20:04:51.1066841Z Selecting previously unselected package libmanette-0.2-0:amd64.
2025-12-07T20:04:51.1206706Z Preparing to unpack .../147-libmanette-0.2-0_0.2.7-1build2_amd64.deb ...
2025-12-07T20:04:51.1213782Z Unpacking libmanette-0.2-0:amd64 (0.2.7-1build2) ...
2025-12-07T20:04:51.1429013Z Selecting previously unselected package libmfx1:amd64.
2025-12-07T20:04:51.1564727Z Preparing to unpack .../148-libmfx1_22.5.4-1_amd64.deb ...
2025-12-07T20:04:51.1571596Z Unpacking libmfx1:amd64 (22.5.4-1) ...
2025-12-07T20:04:51.2628430Z Selecting previously unselected package libmjpegutils-2.1-0t64:amd64.
2025-12-07T20:04:51.2769432Z Preparing to unpack .../149-libmjpegutils-2.1-0t64_1%3a2.1.0+debian-8.1build1_amd64.deb ...
2025-12-07T20:04:51.2776655Z Unpacking libmjpegutils-2.1-0t64:amd64 (1:2.1.0+debian-8.1build1) ...
2025-12-07T20:04:51.2987934Z Selecting previously unselected package libmodplug1:amd64.
2025-12-07T20:04:51.3125744Z Preparing to unpack .../150-libmodplug1_1%3a0.8.9.0-3build1_amd64.deb ...
2025-12-07T20:04:51.3133967Z Unpacking libmodplug1:amd64 (1:0.8.9.0-3build1) ...
2025-12-07T20:04:51.3363037Z Selecting previously unselected package libmpcdec6:amd64.
2025-12-07T20:04:51.3501840Z Preparing to unpack .../151-libmpcdec6_2%3a0.1~r495-2build1_amd64.deb ...
2025-12-07T20:04:51.3508983Z Unpacking libmpcdec6:amd64 (2:0.1~r495-2build1) ...
2025-12-07T20:04:51.3729263Z Selecting previously unselected package libmpeg2encpp-2.1-0t64:amd64.
2025-12-07T20:04:51.3865110Z Preparing to unpack .../152-libmpeg2encpp-2.1-0t64_1%3a2.1.0+debian-8.1build1_amd64.deb ...
2025-12-07T20:04:51.3873090Z Unpacking libmpeg2encpp-2.1-0t64:amd64 (1:2.1.0+debian-8.1build1) ...
2025-12-07T20:04:51.4085714Z Selecting previously unselected package libmplex2-2.1-0t64:amd64.
2025-12-07T20:04:51.4221002Z Preparing to unpack .../153-libmplex2-2.1-0t64_1%3a2.1.0+debian-8.1build1_amd64.deb ...
2025-12-07T20:04:51.4228436Z Unpacking libmplex2-2.1-0t64:amd64 (1:2.1.0+debian-8.1build1) ...
2025-12-07T20:04:51.4441071Z Selecting previously unselected package libneon27t64:amd64.
2025-12-07T20:04:51.4575331Z Preparing to unpack .../154-libneon27t64_0.33.0-1.1build3_amd64.deb ...
2025-12-07T20:04:51.4584021Z Unpacking libneon27t64:amd64 (0.33.0-1.1build3) ...
2025-12-07T20:04:51.4809794Z Selecting previously unselected package libnice10:amd64.
2025-12-07T20:04:51.4947010Z Preparing to unpack .../155-libnice10_0.1.21-2build3_amd64.deb ...
2025-12-07T20:04:51.4954167Z Unpacking libnice10:amd64 (0.1.21-2build3) ...
2025-12-07T20:04:51.5179977Z Selecting previously unselected package libopenal-data.
2025-12-07T20:04:51.5322103Z Preparing to unpack .../156-libopenal-data_1%3a1.23.1-4build1_all.deb ...
2025-12-07T20:04:51.5329671Z Unpacking libopenal-data (1:1.23.1-4build1) ...
2025-12-07T20:04:51.5566573Z Selecting previously unselected package libopenexr-3-1-30:amd64.
2025-12-07T20:04:51.5705282Z Preparing to unpack .../157-libopenexr-3-1-30_3.1.5-5.1build3_amd64.deb ...
2025-12-07T20:04:51.5712365Z Unpacking libopenexr-3-1-30:amd64 (3.1.5-5.1build3) ...
2025-12-07T20:04:51.6103266Z Selecting previously unselected package libopenh264-7:amd64.
2025-12-07T20:04:51.6243598Z Preparing to unpack .../158-libopenh264-7_2.4.1+dfsg-1_amd64.deb ...
2025-12-07T20:04:51.6251940Z Unpacking libopenh264-7:amd64 (2.4.1+dfsg-1) ...
2025-12-07T20:04:51.6517519Z Selecting previously unselected package libopenni2-0:amd64.
2025-12-07T20:04:51.6656879Z Preparing to unpack .../159-libopenni2-0_2.2.0.33+dfsg-18_amd64.deb ...
2025-12-07T20:04:51.6688965Z Unpacking libopenni2-0:amd64 (2.2.0.33+dfsg-18) ...
2025-12-07T20:04:51.6968276Z Selecting previously unselected package libqrencode4:amd64.
2025-12-07T20:04:51.7106122Z Preparing to unpack .../160-libqrencode4_4.1.1-1build2_amd64.deb ...
2025-12-07T20:04:51.7113437Z Unpacking libqrencode4:amd64 (4.1.1-1build2) ...
2025-12-07T20:04:51.7312428Z Selecting previously unselected package libsecret-common.
2025-12-07T20:04:51.7448670Z Preparing to unpack .../161-libsecret-common_0.21.4-1build3_all.deb ...
2025-12-07T20:04:51.7574572Z Unpacking libsecret-common (0.21.4-1build3) ...
2025-12-07T20:04:51.7781454Z Selecting previously unselected package libsecret-1-0:amd64.
2025-12-07T20:04:51.7918441Z Preparing to unpack .../162-libsecret-1-0_0.21.4-1build3_amd64.deb ...
2025-12-07T20:04:51.7925913Z Unpacking libsecret-1-0:amd64 (0.21.4-1build3) ...
2025-12-07T20:04:51.8156729Z Selecting previously unselected package libsndio7.0:amd64.
2025-12-07T20:04:51.8293121Z Preparing to unpack .../163-libsndio7.0_1.9.0-0.3build3_amd64.deb ...
2025-12-07T20:04:51.8301286Z Unpacking libsndio7.0:amd64 (1.9.0-0.3build3) ...
2025-12-07T20:04:51.8509775Z Selecting previously unselected package libsoundtouch1:amd64.
2025-12-07T20:04:51.8646100Z Preparing to unpack .../164-libsoundtouch1_2.3.2+ds1-1build1_amd64.deb ...
2025-12-07T20:04:51.8652565Z Unpacking libsoundtouch1:amd64 (2.3.2+ds1-1build1) ...
2025-12-07T20:04:51.8868724Z Selecting previously unselected package libspandsp2t64:amd64.
2025-12-07T20:04:51.9004251Z Preparing to unpack .../165-libspandsp2t64_0.0.6+dfsg-2.1build1_amd64.deb ...
2025-12-07T20:04:51.9079195Z Unpacking libspandsp2t64:amd64 (0.0.6+dfsg-2.1build1) ...
2025-12-07T20:04:51.9329758Z Selecting previously unselected package libsrtp2-1:amd64.
2025-12-07T20:04:51.9468791Z Preparing to unpack .../166-libsrtp2-1_2.5.0-3build1_amd64.deb ...
2025-12-07T20:04:51.9475774Z Unpacking libsrtp2-1:amd64 (2.5.0-3build1) ...
2025-12-07T20:04:51.9823208Z Preparing to unpack .../167-libssh-4_0.10.6-2ubuntu0.2_amd64.deb ...
2025-12-07T20:04:51.9989588Z Unpacking libssh-4:amd64 (0.10.6-2ubuntu0.2) over (0.10.6-2ubuntu0.1) ...
2025-12-07T20:04:52.0269461Z Selecting previously unselected package libwildmidi2:amd64.
2025-12-07T20:04:52.0410505Z Preparing to unpack .../168-libwildmidi2_0.4.3-1build3_amd64.deb ...
2025-12-07T20:04:52.0417859Z Unpacking libwildmidi2:amd64 (0.4.3-1build3) ...
2025-12-07T20:04:52.0639794Z Selecting previously unselected package libwoff1:amd64.
2025-12-07T20:04:52.0778976Z Preparing to unpack .../169-libwoff1_1.0.2-2build1_amd64.deb ...
2025-12-07T20:04:52.0786340Z Unpacking libwoff1:amd64 (1.0.2-2build1) ...
2025-12-07T20:04:52.1006965Z Selecting previously unselected package libxcb-xkb1:amd64.
2025-12-07T20:04:52.1144663Z Preparing to unpack .../170-libxcb-xkb1_1.15-1ubuntu2_amd64.deb ...
2025-12-07T20:04:52.1151626Z Unpacking libxcb-xkb1:amd64 (1.15-1ubuntu2) ...
2025-12-07T20:04:52.1363915Z Selecting previously unselected package libxkbcommon-x11-0:amd64.
2025-12-07T20:04:52.1499148Z Preparing to unpack .../171-libxkbcommon-x11-0_1.6.0-1build1_amd64.deb ...
2025-12-07T20:04:52.1506067Z Unpacking libxkbcommon-x11-0:amd64 (1.6.0-1build1) ...
2025-12-07T20:04:52.1718688Z Selecting previously unselected package libzbar0t64:amd64.
2025-12-07T20:04:52.1854915Z Preparing to unpack .../172-libzbar0t64_0.23.93-4build3_amd64.deb ...
2025-12-07T20:04:52.1862019Z Unpacking libzbar0t64:amd64 (0.23.93-4build3) ...
2025-12-07T20:04:52.2083872Z Selecting previously unselected package libzxing3:amd64.
2025-12-07T20:04:52.2220200Z Preparing to unpack .../173-libzxing3_2.2.1-3_amd64.deb ...
2025-12-07T20:04:52.2226837Z Unpacking libzxing3:amd64 (2.2.1-3) ...
2025-12-07T20:04:52.2496227Z Selecting previously unselected package xfonts-encodings.
2025-12-07T20:04:52.2634581Z Preparing to unpack .../174-xfonts-encodings_1%3a1.0.5-0ubuntu2_all.deb ...
2025-12-07T20:04:52.2641403Z Unpacking xfonts-encodings (1:1.0.5-0ubuntu2) ...
2025-12-07T20:04:52.2937397Z Selecting previously unselected package xfonts-utils.
2025-12-07T20:04:52.3074712Z Preparing to unpack .../175-xfonts-utils_1%3a7.7+6build3_amd64.deb ...
2025-12-07T20:04:52.3081233Z Unpacking xfonts-utils (1:7.7+6build3) ...
2025-12-07T20:04:52.3726854Z Selecting previously unselected package xfonts-cyrillic.
2025-12-07T20:04:52.3867072Z Preparing to unpack .../176-xfonts-cyrillic_1%3a1.0.5+nmu1_all.deb ...
2025-12-07T20:04:52.3873813Z Unpacking xfonts-cyrillic (1:1.0.5+nmu1) ...
2025-12-07T20:04:52.4224525Z Selecting previously unselected package xfonts-scalable.
2025-12-07T20:04:52.4362450Z Preparing to unpack .../177-xfonts-scalable_1%3a1.0.3-1.3_all.deb ...
2025-12-07T20:04:52.4369178Z Unpacking xfonts-scalable (1:1.0.3-1.3) ...
2025-12-07T20:04:52.4619156Z Selecting previously unselected package libgstreamer-plugins-bad1.0-0:amd64.
2025-12-07T20:04:52.4756229Z Preparing to unpack .../178-libgstreamer-plugins-bad1.0-0_1.24.2-1ubuntu4_amd64.deb ...
2025-12-07T20:04:52.4763486Z Unpacking libgstreamer-plugins-bad1.0-0:amd64 (1.24.2-1ubuntu4) ...
2025-12-07T20:04:52.5157823Z Selecting previously unselected package libdca0:amd64.
2025-12-07T20:04:52.5298544Z Preparing to unpack .../179-libdca0_0.0.7-2build1_amd64.deb ...
2025-12-07T20:04:52.5305886Z Unpacking libdca0:amd64 (0.0.7-2build1) ...
2025-12-07T20:04:52.5530164Z Selecting previously unselected package libopenal1:amd64.
2025-12-07T20:04:52.5666854Z Preparing to unpack .../180-libopenal1_1%3a1.23.1-4build1_amd64.deb ...
2025-12-07T20:04:52.5674593Z Unpacking libopenal1:amd64 (1:1.23.1-4build1) ...
2025-12-07T20:04:52.5945453Z Selecting previously unselected package libsbc1:amd64.
2025-12-07T20:04:52.6084676Z Preparing to unpack .../181-libsbc1_2.0-1build1_amd64.deb ...
2025-12-07T20:04:52.6091265Z Unpacking libsbc1:amd64 (2.0-1build1) ...
2025-12-07T20:04:52.6300685Z Selecting previously unselected package libvo-aacenc0:amd64.
2025-12-07T20:04:52.6438463Z Preparing to unpack .../182-libvo-aacenc0_0.1.3-2build1_amd64.deb ...
2025-12-07T20:04:52.6445260Z Unpacking libvo-aacenc0:amd64 (0.1.3-2build1) ...
2025-12-07T20:04:52.6664920Z Selecting previously unselected package libvo-amrwbenc0:amd64.
2025-12-07T20:04:52.6802394Z Preparing to unpack .../183-libvo-amrwbenc0_0.1.3-2build1_amd64.deb ...
2025-12-07T20:04:52.6810331Z Unpacking libvo-amrwbenc0:amd64 (0.1.3-2build1) ...
2025-12-07T20:04:52.7023220Z Selecting previously unselected package gstreamer1.0-plugins-bad:amd64.
2025-12-07T20:04:52.7159766Z Preparing to unpack .../184-gstreamer1.0-plugins-bad_1.24.2-1ubuntu4_amd64.deb ...
2025-12-07T20:04:52.7167183Z Unpacking gstreamer1.0-plugins-bad:amd64 (1.24.2-1ubuntu4) ...
2025-12-07T20:04:52.8815399Z Setting up libgme0:amd64 (0.6.3-7build1) ...
2025-12-07T20:04:52.8838165Z Setting up libchromaprint1:amd64 (1.5.1-5) ...
2025-12-07T20:04:52.8854195Z Setting up libssh-gcrypt-4:amd64 (0.10.6-2ubuntu0.2) ...
2025-12-07T20:04:52.8869504Z Setting up libhwy1t64:amd64 (1.0.7-8.1build1) ...
2025-12-07T20:04:52.8886725Z Setting up libcairo-script-interpreter2:amd64 (1.18.0-3build1) ...
2025-12-07T20:04:52.8903312Z Setting up libfreeaptx0:amd64 (0.1.1-2build1) ...
2025-12-07T20:04:52.8920493Z Setting up libdvdread8t64:amd64 (6.1.3-1.1build1) ...
2025-12-07T20:04:52.8937069Z Setting up libudfread0:amd64 (1.1.2-1build1) ...
2025-12-07T20:04:52.8953410Z Setting up libmodplug1:amd64 (1:0.8.9.0-3build1) ...
2025-12-07T20:04:52.8976113Z Setting up libcdparanoia0:amd64 (3.10.2+debian-14build3) ...
2025-12-07T20:04:52.8993612Z Setting up libvo-amrwbenc0:amd64 (0.1.3-2build1) ...
2025-12-07T20:04:52.9012913Z Setting up libraw1394-11:amd64 (2.1.2-2build3) ...
2025-12-07T20:04:52.9029534Z Setting up libsbc1:amd64 (2.0-1build1) ...
2025-12-07T20:04:52.9046456Z Setting up libneon27t64:amd64 (0.33.0-1.1build3) ...
2025-12-07T20:04:52.9062901Z Setting up libtag1v5-vanilla:amd64 (1.13.1-1build1) ...
2025-12-07T20:04:52.9078954Z Setting up libharfbuzz-icu0:amd64 (8.3.0-2build2) ...
2025-12-07T20:04:52.9094798Z Setting up libopenni2-0:amd64 (2.2.0.33+dfsg-18) ...
2025-12-07T20:04:52.9323019Z Setting up libspeex1:amd64 (1.2.1-2ubuntu2.24.04.1) ...
2025-12-07T20:04:52.9338741Z Setting up libshine3:amd64 (3.1.1-2build1) ...
2025-12-07T20:04:52.9354535Z Setting up libcaca0:amd64 (0.99.beta20-4build2) ...
2025-12-07T20:04:52.9370583Z Setting up libvpl2 (2023.3.0-1build1) ...
2025-12-07T20:04:52.9386407Z Setting up libv4lconvert0t64:amd64 (1.26.1-4build3) ...
2025-12-07T20:04:52.9402967Z Setting up libx264-164:amd64 (2:0.164.3108+git31e19f9-1) ...
2025-12-07T20:04:52.9419013Z Setting up libtwolame0:amd64 (0.4.0-2build3) ...
2025-12-07T20:04:52.9434379Z Setting up libmbedcrypto7t64:amd64 (2.28.8-1) ...
2025-12-07T20:04:52.9451064Z Setting up libwoff1:amd64 (1.0.2-2build1) ...
2025-12-07T20:04:52.9466894Z Setting up liblc3-1:amd64 (1.0.4-3build1) ...
2025-12-07T20:04:52.9483088Z Setting up libqrencode4:amd64 (4.1.1-1build2) ...
2025-12-07T20:04:52.9498618Z Setting up libhyphen0:amd64 (2.8.8-7build3) ...
2025-12-07T20:04:52.9514998Z Setting up libgsm1:amd64 (1.0.22-1build1) ...
2025-12-07T20:04:52.9531274Z Setting up libvisual-0.4-0:amd64 (0.4.2-2build1) ...
2025-12-07T20:04:52.9547408Z Setting up libsoxr0:amd64 (0.1.3-4build3) ...
2025-12-07T20:04:52.9563226Z Setting up libzix-0-0:amd64 (0.4.2-2build1) ...
2025-12-07T20:04:52.9579371Z Setting up libcodec2-1.2:amd64 (1.2.0-2build1) ...
2025-12-07T20:04:52.9595222Z Setting up libsrtp2-1:amd64 (2.5.0-3build1) ...
2025-12-07T20:04:52.9614409Z Setting up libmysofa1:amd64 (1.3.2+dfsg-2ubuntu2) ...
2025-12-07T20:04:52.9631760Z Setting up libraptor2-0:amd64 (2.0.16-3ubuntu0.1) ...
2025-12-07T20:04:52.9648558Z Setting up libldacbt-enc2:amd64 (2.0.2.3+git20200429+ed310a0-4ubuntu2) ...
2025-12-07T20:04:52.9664961Z Setting up fonts-wqy-zenhei (0.9.45-8) ...
2025-12-07T20:04:52.9782687Z Setting up libwebrtc-audio-processing1:amd64 (0.3.1-0ubuntu6) ...
2025-12-07T20:04:52.9800066Z Setting up fonts-freefont-ttf (20211204+svn4273-2) ...
2025-12-07T20:04:52.9816161Z Setting up libevent-2.1-7t64:amd64 (2.1.12-stable-9ubuntu2) ...
2025-12-07T20:04:52.9832968Z Setting up libsvtav1enc1d1:amd64 (1.7.0+dfsg-2build1) ...
2025-12-07T20:04:52.9850661Z Setting up libsoup-3.0-common (3.4.4-5ubuntu0.5) ...
2025-12-07T20:04:52.9866818Z Setting up libmpg123-0t64:amd64 (1.32.5-1ubuntu1.1) ...
2025-12-07T20:04:52.9884060Z Setting up libcjson1:amd64 (1.7.17-1) ...
2025-12-07T20:04:52.9900032Z Setting up libxvidcore4:amd64 (2:1.3.7-1build1) ...
2025-12-07T20:04:52.9919474Z Setting up libmpcdec6:amd64 (2:0.1~r495-2build1) ...
2025-12-07T20:04:52.9936697Z Setting up libmjpegutils-2.1-0t64:amd64 (1:2.1.0+debian-8.1build1) ...
2025-12-07T20:04:52.9953486Z Setting up librav1e0:amd64 (0.7.1-2) ...
2025-12-07T20:04:52.9971150Z Setting up liborc-0.4-0t64:amd64 (1:0.4.38-1ubuntu0.1) ...
2025-12-07T20:04:52.9988355Z Setting up libxcb-xkb1:amd64 (1.15-1ubuntu2) ...
2025-12-07T20:04:53.0005488Z Setting up libvo-aacenc0:amd64 (0.1.3-2build1) ...
2025-12-07T20:04:53.0024133Z Setting up librist4:amd64 (0.2.10+dfsg-2) ...
2025-12-07T20:04:53.0042503Z Setting up libglib2.0-0t64:amd64 (2.80.0-6ubuntu3.5) ...
2025-12-07T20:04:53.0296700Z Setting up libblas3:amd64 (3.12.0-3build1.1) ...
2025-12-07T20:04:53.0358454Z update-alternatives: using /usr/lib/x86_64-linux-gnu/blas/libblas.so.3 to provide /usr/lib/x86_64-linux-gnu/libblas.so.3 (libblas.so.3-x86_64-linux-gnu) in auto mode
2025-12-07T20:04:53.0373876Z Setting up libegl-mesa0:amd64 (25.0.7-0ubuntu0.24.04.2) ...
2025-12-07T20:04:53.0392118Z Setting up libsoundtouch1:amd64 (2.3.2+ds1-1build1) ...
2025-12-07T20:04:53.0409573Z Setting up libglib2.0-data (2.80.0-6ubuntu3.5) ...
2025-12-07T20:04:53.0427055Z Setting up libplacebo338:amd64 (6.338.2-2build1) ...
2025-12-07T20:04:53.0445329Z Setting up libgles2:amd64 (1.7.0-1build1) ...
2025-12-07T20:04:53.0464352Z Setting up fonts-tlwg-loma-otf (1:0.7.3-1) ...
2025-12-07T20:04:53.0481675Z Setting up libva2:amd64 (2.20.0-2build1) ...
2025-12-07T20:04:53.0499851Z Setting up libspa-0.2-modules:amd64 (1.0.5-1ubuntu3.1) ...
2025-12-07T20:04:53.0517267Z Setting up libzxing3:amd64 (2.2.1-3) ...
2025-12-07T20:04:53.0535012Z Setting up xfonts-encodings (1:1.0.5-0ubuntu2) ...
2025-12-07T20:04:53.0565131Z Setting up libopus0:amd64 (1.4-1build1) ...
2025-12-07T20:04:53.0586306Z Setting up libfaad2:amd64 (2.11.1-1build1) ...
2025-12-07T20:04:53.0606557Z Setting up libxkbcommon-x11-0:amd64 (1.6.0-1build1) ...
2025-12-07T20:04:53.0627132Z Setting up libdc1394-25:amd64 (2.2.6-4build1) ...
2025-12-07T20:04:53.0645967Z Setting up libimath-3-1-29t64:amd64 (3.1.9-3.1ubuntu2) ...
2025-12-07T20:04:53.0665105Z Setting up libunibreak5:amd64 (5.1-2build1) ...
2025-12-07T20:04:53.0683272Z Setting up libdv4t64:amd64 (1.0.0-17.1build1) ...
2025-12-07T20:04:53.0700690Z Setting up gir1.2-glib-2.0:amd64 (2.80.0-6ubuntu3.5) ...
2025-12-07T20:04:53.0718000Z Setting up libjxl0.7:amd64 (0.7.0-10.2ubuntu6.1) ...
2025-12-07T20:04:53.0735289Z Setting up libssh-4:amd64 (0.10.6-2ubuntu0.2) ...
2025-12-07T20:04:53.0752703Z Setting up libopenh264-7:amd64 (2.4.1+dfsg-1) ...
2025-12-07T20:04:53.0770232Z Setting up libltc11:amd64 (1.3.2-1build1) ...
2025-12-07T20:04:53.0789867Z Setting up libx265-199:amd64 (3.5-2build1) ...
2025-12-07T20:04:53.0808484Z Setting up libv4l-0t64:amd64 (1.26.1-4build3) ...
2025-12-07T20:04:53.0827260Z Setting up libavtp0:amd64 (0.2.0-1build1) ...
2025-12-07T20:04:53.0844547Z Setting up libsndio7.0:amd64 (1.9.0-0.3build3) ...
2025-12-07T20:04:53.0865893Z Setting up libdirectfb-1.7-7t64:amd64 (1.7.7-11.1ubuntu2) ...
2025-12-07T20:04:53.1007491Z Setting up libspandsp2t64:amd64 (0.0.6+dfsg-2.1build1) ...
2025-12-07T20:04:53.1027931Z Setting up libvidstab1.1:amd64 (1.1.0-2build1) ...
2025-12-07T20:04:53.1045290Z Setting up libvpx9:amd64 (1.14.0-1ubuntu2.2) ...
2025-12-07T20:04:53.1066587Z Setting up libsrt1.5-gnutls:amd64 (1.5.3-1build2) ...
2025-12-07T20:04:53.1083981Z Setting up libtag1v5:amd64 (1.13.1-1build1) ...
2025-12-07T20:04:53.1102710Z Setting up libflite1:amd64 (2.2-6build3) ...
2025-12-07T20:04:53.1120052Z Setting up libdav1d7:amd64 (1.4.1-1build1) ...
2025-12-07T20:04:53.1137873Z Setting up libva-drm2:amd64 (2.20.0-2build1) ...
2025-12-07T20:04:53.1155835Z Setting up fonts-ipafont-gothic (00303-21ubuntu1) ...
2025-12-07T20:04:53.1242423Z update-alternatives: using /usr/share/fonts/opentype/ipafont-gothic/ipag.ttf to provide /usr/share/fonts/truetype/fonts-japanese-gothic.ttf (fonts-japanese-gothic.ttf) in auto mode
2025-12-07T20:04:53.1259636Z Setting up ocl-icd-libopencl1:amd64 (2.3.2-1build1) ...
2025-12-07T20:04:53.1279051Z Setting up libasyncns0:amd64 (0.8-6build4) ...
2025-12-07T20:04:53.1295686Z Setting up libwildmidi2:amd64 (0.4.3-1build3) ...
2025-12-07T20:04:53.1312513Z Setting up libvdpau1:amd64 (1.5-2build1) ...
2025-12-07T20:04:53.1338905Z Setting up libwavpack1:amd64 (5.6.0-1build1) ...
2025-12-07T20:04:53.1356733Z Setting up libbs2b0:amd64 (3.1.0+dfsg-7build1) ...
2025-12-07T20:04:53.1374400Z Setting up libtheora0:amd64 (1.1.1+dfsg.1-16.1build3) ...
2025-12-07T20:04:53.1389840Z Setting up libegl1:amd64 (1.7.0-1build1) ...
2025-12-07T20:04:53.1406371Z Setting up libdecor-0-0:amd64 (0.2.2-1build2) ...
2025-12-07T20:04:53.1424461Z Setting up libdca0:amd64 (0.0.7-2build1) ...
2025-12-07T20:04:53.1440299Z Setting up libzimg2:amd64 (3.0.5+ds1-1build1) ...
2025-12-07T20:04:53.1458029Z Setting up libopenal-data (1:1.23.1-4build1) ...
2025-12-07T20:04:53.1481382Z Setting up libabsl20220623t64:amd64 (20220623.1-3.1ubuntu3.2) ...
2025-12-07T20:04:53.1498693Z Setting up libflac12t64:amd64 (1.4.3+ds-2.1ubuntu2) ...
2025-12-07T20:04:53.1516870Z Setting up libgtk-4-common (4.14.5+ds-0ubuntu0.7) ...
2025-12-07T20:04:53.1533347Z Setting up libmpeg2encpp-2.1-0t64:amd64 (1:2.1.0+debian-8.1build1) ...
2025-12-07T20:04:53.1549674Z Setting up glib-networking-common (2.80.0-1build1) ...
2025-12-07T20:04:53.1567395Z Setting up libmfx1:amd64 (22.5.4-1) ...
2025-12-07T20:04:53.1584192Z Setting up libbluray2:amd64 (1:1.3.4-1build1) ...
2025-12-07T20:04:53.1599327Z Setting up libsamplerate0:amd64 (0.2.2-4build1) ...
2025-12-07T20:04:53.1615752Z Setting up timgm6mb-soundfont (1.3-5) ...
2025-12-07T20:04:53.1698112Z update-alternatives: using /usr/share/sounds/sf2/TimGM6mb.sf2 to provide /usr/share/sounds/sf2/default-GM.sf2 (default-GM.sf2) in auto mode
2025-12-07T20:04:53.1743721Z update-alternatives: using /usr/share/sounds/sf2/TimGM6mb.sf2 to provide /usr/share/sounds/sf3/default-GM.sf3 (default-GM.sf3) in auto mode
2025-12-07T20:04:53.1759256Z Setting up libva-x11-2:amd64 (2.20.0-2build1) ...
2025-12-07T20:04:53.1777462Z Setting up libyuv0:amd64 (0.0~git202401110.af6ac82-1) ...
2025-12-07T20:04:53.1793586Z Setting up libmplex2-2.1-0t64:amd64 (1:2.1.0+debian-8.1build1) ...
2025-12-07T20:04:53.1813902Z Setting up libpipewire-0.3-0t64:amd64 (1.0.5-1ubuntu3.1) ...
2025-12-07T20:04:53.1831000Z Setting up libcups2t64:amd64 (2.4.7-1.2ubuntu7.9) ...
2025-12-07T20:04:53.1846990Z Setting up libopenmpt0t64:amd64 (0.7.3-1.1build3) ...
2025-12-07T20:04:53.1864297Z Setting up libzvbi-common (0.2.42-2) ...
2025-12-07T20:04:53.1879700Z Setting up libsecret-common (0.21.4-1build3) ...
2025-12-07T20:04:53.1896351Z Setting up libmp3lame0:amd64 (3.100-6build1) ...
2025-12-07T20:04:53.1913041Z Setting up libgraphene-1.0-0:amd64 (1.10.8-3build2) ...
2025-12-07T20:04:53.1930387Z Setting up libvorbisenc2:amd64 (1.3.7-1build3) ...
2025-12-07T20:04:53.1948977Z Setting up libdvdnav4:amd64 (6.1.1-3build1) ...
2025-12-07T20:04:53.1971548Z Setting up fonts-unifont (1:15.1.01-1build1) ...
2025-12-07T20:04:53.1988494Z Setting up libaa1:amd64 (1.4p5-51.1) ...
2025-12-07T20:04:53.2006606Z Setting up libiec61883-0:amd64 (1.2.0-6build1) ...
2025-12-07T20:04:53.2023114Z Setting up libserd-0-0:amd64 (0.32.2-1) ...
2025-12-07T20:04:53.2039645Z Setting up libavc1394-0:amd64 (0.5.4-5build3) ...
2025-12-07T20:04:53.2057076Z Setting up session-migration (0.3.9build1) ...
2025-12-07T20:04:53.3228780Z Created symlink /etc/systemd/user/graphical-session-pre.target.wants/session-migration.service â†’ /usr/lib/systemd/user/session-migration.service.
2025-12-07T20:04:53.3229367Z 
2025-12-07T20:04:53.3258217Z Setting up liblapack3:amd64 (3.12.0-3build1.1) ...
2025-12-07T20:04:53.3323252Z update-alternatives: using /usr/lib/x86_64-linux-gnu/lapack/liblapack.so.3 to provide /usr/lib/x86_64-linux-gnu/liblapack.so.3 (liblapack.so.3-x86_64-linux-gnu) in auto mode
2025-12-07T20:04:53.3342793Z Setting up libproxy1v5:amd64 (0.5.4-4build1) ...
2025-12-07T20:04:53.3364517Z Setting up libzvbi0t64:amd64 (0.2.42-2) ...
2025-12-07T20:04:53.3392030Z Setting up liblrdf0:amd64 (0.6.1-4build1) ...
2025-12-07T20:04:53.3412169Z Setting up libmanette-0.2-0:amd64 (0.2.7-1build2) ...
2025-12-07T20:04:53.3431404Z Setting up libglib2.0-bin (2.80.0-6ubuntu3.5) ...
2025-12-07T20:04:53.3451285Z Setting up libzbar0t64:amd64 (0.23.93-4build3) ...
2025-12-07T20:04:53.3471619Z Setting up libgstreamer-plugins-base1.0-0:amd64 (1.24.2-1ubuntu0.3) ...
2025-12-07T20:04:53.3488261Z Setting up libavutil58:amd64 (7:6.1.1-3ubuntu5) ...
2025-12-07T20:04:53.3508369Z Setting up libopenal1:amd64 (1:1.23.1-4build1) ...
2025-12-07T20:04:53.3524393Z Setting up xfonts-utils (1:7.7+6build3) ...
2025-12-07T20:04:53.3567302Z Setting up librsvg2-2:amd64 (2.58.0+dfsg-1build1) ...
2025-12-07T20:04:53.3585012Z Setting up libsecret-1-0:amd64 (0.21.4-1build3) ...
2025-12-07T20:04:53.3602663Z Setting up libgstreamer-plugins-good1.0-0:amd64 (1.24.2-1ubuntu1.2) ...
2025-12-07T20:04:53.3620338Z Setting up libgstreamer-gl1.0-0:amd64 (1.24.2-1ubuntu0.3) ...
2025-12-07T20:04:53.3637892Z Setting up gstreamer1.0-plugins-base:amd64 (1.24.2-1ubuntu0.3) ...
2025-12-07T20:04:53.3654500Z Setting up libass9:amd64 (1:0.17.1-2build1) ...
2025-12-07T20:04:53.3672945Z Setting up libswresample4:amd64 (7:6.1.1-3ubuntu5) ...
2025-12-07T20:04:53.3689563Z Setting up libopenexr-3-1-30:amd64 (3.1.5-5.1build3) ...
2025-12-07T20:04:53.3708515Z Setting up libshout3:amd64 (2.4.6-1build2) ...
2025-12-07T20:04:53.3728835Z Setting up libgav1-1:amd64 (0.18.0-1build3) ...
2025-12-07T20:04:53.3747919Z Setting up libavcodec60:amd64 (7:6.1.1-3ubuntu5) ...
2025-12-07T20:04:53.3765676Z Setting up librubberband2:amd64 (3.3.0+dfsg-2build1) ...
2025-12-07T20:04:53.3784913Z Setting up libjack-jackd2-0:amd64 (1.9.21~dfsg-3ubuntu3) ...
2025-12-07T20:04:53.3801416Z Setting up libsord-0-0:amd64 (0.16.16-2build1) ...
2025-12-07T20:04:53.3817211Z Setting up xfonts-cyrillic (1:1.0.5+nmu1) ...
2025-12-07T20:04:53.4302175Z Setting up libpostproc57:amd64 (7:6.1.1-3ubuntu5) ...
2025-12-07T20:04:53.4320725Z Setting up libsratom-0-0:amd64 (0.6.16-1build1) ...
2025-12-07T20:04:53.4339416Z Setting up libgtk-4-1:amd64 (4.14.5+ds-0ubuntu0.7) ...
2025-12-07T20:04:53.5881982Z Setting up libsndfile1:amd64 (1.2.2-1ubuntu5.24.04.1) ...
2025-12-07T20:04:53.5898600Z Setting up liblilv-0-0:amd64 (0.24.22-1build1) ...
2025-12-07T20:04:53.5921676Z Setting up libinstpatch-1.0-2:amd64 (1.1.6-1build2) ...
2025-12-07T20:04:53.5939366Z Setting up xfonts-scalable (1:1.0.3-1.3) ...
2025-12-07T20:04:53.6451438Z Setting up libswscale7:amd64 (7:6.1.1-3ubuntu5) ...
2025-12-07T20:04:53.6470148Z Setting up gsettings-desktop-schemas (46.1-0ubuntu1) ...
2025-12-07T20:04:53.6486542Z Setting up glib-networking-services (2.80.0-1build1) ...
2025-12-07T20:04:53.6502937Z Setting up libavif16:amd64 (1.0.4-1ubuntu3) ...
2025-12-07T20:04:53.6522366Z Setting up libpulse0:amd64 (1:16.1+dfsg1-2ubuntu10.1) ...
2025-12-07T20:04:53.6595150Z Setting up libavformat60:amd64 (7:6.1.1-3ubuntu5) ...
2025-12-07T20:04:53.6615279Z Setting up libsphinxbase3t64:amd64 (0.8+5prealpha+1-17build2) ...
2025-12-07T20:04:53.6633408Z Setting up glib-networking:amd64 (2.80.0-1build1) ...
2025-12-07T20:04:53.6651293Z Setting up libsdl2-2.0-0:amd64 (2.30.0+dfsg-1ubuntu3.1) ...
2025-12-07T20:04:53.6669579Z Setting up libfluidsynth3:amd64 (2.3.4-1build3) ...
2025-12-07T20:04:53.6686220Z Setting up libsoup-3.0-0:amd64 (3.4.4-5ubuntu0.5) ...
2025-12-07T20:04:53.6702348Z Setting up libpocketsphinx3:amd64 (0.8.0+real5prealpha+1-15ubuntu5) ...
2025-12-07T20:04:53.6734754Z Setting up libgssdp-1.6-0:amd64 (1.6.3-1build3) ...
2025-12-07T20:04:53.6753400Z Setting up gstreamer1.0-plugins-good:amd64 (1.24.2-1ubuntu1.2) ...
2025-12-07T20:04:53.6769300Z Setting up libgupnp-1.6-0:amd64 (1.6.6-1build3) ...
2025-12-07T20:04:53.6787826Z Setting up libavfilter9:amd64 (7:6.1.1-3ubuntu5) ...
2025-12-07T20:04:53.6807044Z Setting up libgupnp-igd-1.6-0:amd64 (1.6.0-3build3) ...
2025-12-07T20:04:53.6824553Z Setting up gstreamer1.0-libav:amd64 (1.24.1-1build1) ...
2025-12-07T20:04:53.6844242Z Setting up libnice10:amd64 (0.1.21-2build3) ...
2025-12-07T20:04:53.6866565Z Setting up libgstreamer-plugins-bad1.0-0:amd64 (1.24.2-1ubuntu4) ...
2025-12-07T20:04:53.6883361Z Setting up gstreamer1.0-plugins-bad:amd64 (1.24.2-1ubuntu4) ...
2025-12-07T20:04:53.6906313Z Processing triggers for libc-bin (2.39-0ubuntu8.6) ...
2025-12-07T20:04:55.0761603Z Processing triggers for man-db (2.12.0-4build2) ...
2025-12-07T20:04:55.0857284Z Not building database; man-db/auto-update is not 'true'.
2025-12-07T20:04:55.0869780Z Processing triggers for fontconfig (2.15.0-1.1ubuntu2) ...
2025-12-07T20:04:56.1804294Z 
2025-12-07T20:04:56.1805420Z Running kernel seems to be up-to-date.
2025-12-07T20:04:56.1806233Z 
2025-12-07T20:04:56.1806571Z Restarting services...
2025-12-07T20:04:56.2268273Z  systemctl restart packagekit.service php8.3-fpm.service polkit.service udisks2.service
2025-12-07T20:04:56.3565252Z 
2025-12-07T20:04:56.3567303Z Service restarts being deferred:
2025-12-07T20:04:56.3567996Z  systemctl restart ModemManager.service
2025-12-07T20:04:56.3568507Z  systemctl restart networkd-dispatcher.service
2025-12-07T20:04:56.3568825Z 
2025-12-07T20:04:56.3569030Z No containers need to be restarted.
2025-12-07T20:04:56.3569293Z 
2025-12-07T20:04:56.3569550Z No user sessions are running outdated binaries.
2025-12-07T20:04:56.3569849Z 
2025-12-07T20:04:56.3570279Z No VM guests are running outdated hypervisor (qemu) binaries on this host.
2025-12-07T20:04:57.3431694Z Downloading Chromium 141.0.7390.37 (playwright build v1194) from https://cdn.playwright.dev/dbazure/download/playwright/builds/chromium/1194/chromium-linux.zip
2025-12-07T20:04:57.5663946Z |                                                                                |   0% of 173.9 MiB
2025-12-07T20:04:57.8909293Z |â– â– â– â– â– â– â– â–                                                                         |  10% of 173.9 MiB
2025-12-07T20:04:58.0103319Z |â– â– â– â– â– â– â– â– â– â– â– â– â– â– â– â–                                                                 |  20% of 173.9 MiB
2025-12-07T20:04:58.1575734Z |â– â– â– â– â– â– â– â– â– â– â– â– â– â– â– â– â– â– â– â– â– â– â– â–                                                         |  30% of 173.9 MiB
2025-12-07T20:04:58.2846087Z |â– â– â– â– â– â– â– â– â– â– â– â– â– â– â– â– â– â– â– â– â– â– â– â– â– â– â– â– â– â– â– â–                                                 |  40% of 173.9 MiB
2025-12-07T20:04:58.4097365Z |â– â– â– â– â– â– â– â– â– â– â– â– â– â– â– â– â– â– â– â– â– â– â– â– â– â– â– â– â– â– â– â– â– â– â– â– â– â– â– â–                                         |  50% of 173.9 MiB
2025-12-07T20:04:58.6049298Z |â– â– â– â– â– â– â– â– â– â– â– â– â– â– â– â– â– â– â– â– â– â– â– â– â– â– â– â– â– â– â– â– â– â– â– â– â– â– â– â– â– â– â– â– â– â– â– â–                                 |  60% of 173.9 MiB
2025-12-07T20:04:58.7512570Z |â– â– â– â– â– â– â– â– â– â– â– â– â– â– â– â– â– â– â– â– â– â– â– â– â– â– â– â– â– â– â– â– â– â– â– â– â– â– â– â– â– â– â– â– â– â– â– â– â– â– â– â– â– â– â– â–                         |  70% of 173.9 MiB
2025-12-07T20:04:58.9127082Z |â– â– â– â– â– â– â– â– â– â– â– â– â– â– â– â– â– â– â– â– â– â– â– â– â– â– â– â– â– â– â– â– â– â– â– â– â– â– â– â– â– â– â– â– â– â– â– â– â– â– â– â– â– â– â– â– â– â– â– â– â– â– â– â–                 |  80% of 173.9 MiB
2025-12-07T20:04:59.0639297Z |â– â– â– â– â– â– â– â– â– â– â– â– â– â– â– â– â– â– â– â– â– â– â– â– â– â– â– â– â– â– â– â– â– â– â– â– â– â– â– â– â– â– â– â– â– â– â– â– â– â– â– â– â– â– â– â– â– â– â– â– â– â– â– â– â– â– â– â– â– â– â– â–         |  90% of 173.9 MiB
2025-12-07T20:04:59.1864550Z |â– â– â– â– â– â– â– â– â– â– â– â– â– â– â– â– â– â– â– â– â– â– â– â– â– â– â– â– â– â– â– â– â– â– â– â– â– â– â– â– â– â– â– â– â– â– â– â– â– â– â– â– â– â– â– â– â– â– â– â– â– â– â– â– â– â– â– â– â– â– â– â– â– â– â– â– â– â– â– â– | 100% of 173.9 MiB
2025-12-07T20:05:02.3805792Z Chromium 141.0.7390.37 (playwright build v1194) downloaded to /home/runner/.cache/ms-playwright/chromium-1194
2025-12-07T20:05:02.3809508Z Downloading Chromium Headless Shell 141.0.7390.37 (playwright build v1194) from https://cdn.playwright.dev/dbazure/download/playwright/builds/chromium/1194/chromium-headless-shell-linux.zip
2025-12-07T20:05:02.6071854Z |                                                                                |   0% of 104.3 MiB
2025-12-07T20:05:02.7849383Z |â– â– â– â– â– â– â– â–                                                                         |  10% of 104.3 MiB
2025-12-07T20:05:02.8508929Z |â– â– â– â– â– â– â– â– â– â– â– â– â– â– â– â–                                                                 |  20% of 104.3 MiB
2025-12-07T20:05:02.9132571Z |â– â– â– â– â– â– â– â– â– â– â– â– â– â– â– â– â– â– â– â– â– â– â– â–                                                         |  30% of 104.3 MiB
2025-12-07T20:05:02.9807493Z |â– â– â– â– â– â– â– â– â– â– â– â– â– â– â– â– â– â– â– â– â– â– â– â– â– â– â– â– â– â– â– â–                                                 |  40% of 104.3 MiB
2025-12-07T20:05:03.0448964Z |â– â– â– â– â– â– â– â– â– â– â– â– â– â– â– â– â– â– â– â– â– â– â– â– â– â– â– â– â– â– â– â– â– â– â– â– â– â– â– â–                                         |  50% of 104.3 MiB
2025-12-07T20:05:03.1132635Z |â– â– â– â– â– â– â– â– â– â– â– â– â– â– â– â– â– â– â– â– â– â– â– â– â– â– â– â– â– â– â– â– â– â– â– â– â– â– â– â– â– â– â– â– â– â– â– â–                                 |  60% of 104.3 MiB
2025-12-07T20:05:03.1895035Z |â– â– â– â– â– â– â– â– â– â– â– â– â– â– â– â– â– â– â– â– â– â– â– â– â– â– â– â– â– â– â– â– â– â– â– â– â– â– â– â– â– â– â– â– â– â– â– â– â– â– â– â– â– â– â– â–                         |  70% of 104.3 MiB
2025-12-07T20:05:03.2482289Z |â– â– â– â– â– â– â– â– â– â– â– â– â– â– â– â– â– â– â– â– â– â– â– â– â– â– â– â– â– â– â– â– â– â– â– â– â– â– â– â– â– â– â– â– â– â– â– â– â– â– â– â– â– â– â– â– â– â– â– â– â– â– â– â–                 |  80% of 104.3 MiB
2025-12-07T20:05:03.3033607Z |â– â– â– â– â– â– â– â– â– â– â– â– â– â– â– â– â– â– â– â– â– â– â– â– â– â– â– â– â– â– â– â– â– â– â– â– â– â– â– â– â– â– â– â– â– â– â– â– â– â– â– â– â– â– â– â– â– â– â– â– â– â– â– â– â– â– â– â– â– â– â– â–         |  90% of 104.3 MiB
2025-12-07T20:05:03.3582028Z |â– â– â– â– â– â– â– â– â– â– â– â– â– â– â– â– â– â– â– â– â– â– â– â– â– â– â– â– â– â– â– â– â– â– â– â– â– â– â– â– â– â– â– â– â– â– â– â– â– â– â– â– â– â– â– â– â– â– â– â– â– â– â– â– â– â– â– â– â– â– â– â– â– â– â– â– â– â– â– â– | 100% of 104.3 MiB
2025-12-07T20:05:05.0599026Z Chromium Headless Shell 141.0.7390.37 (playwright build v1194) downloaded to /home/runner/.cache/ms-playwright/chromium_headless_shell-1194
2025-12-07T20:05:05.0602655Z Downloading Firefox 142.0.1 (playwright build v1495) from https://cdn.playwright.dev/dbazure/download/playwright/builds/firefox/1495/firefox-ubuntu-24.04.zip
2025-12-07T20:05:05.2696381Z |                                                                                |   0% of 96.7 MiB
2025-12-07T20:05:05.4533331Z |â– â– â– â– â– â– â– â–                                                                         |  10% of 96.7 MiB
2025-12-07T20:05:05.5120532Z |â– â– â– â– â– â– â– â– â– â– â– â– â– â– â– â–                                                                 |  20% of 96.7 MiB
2025-12-07T20:05:05.5690722Z |â– â– â– â– â– â– â– â– â– â– â– â– â– â– â– â– â– â– â– â– â– â– â– â–                                                         |  30% of 96.7 MiB
2025-12-07T20:05:05.6346775Z |â– â– â– â– â– â– â– â– â– â– â– â– â– â– â– â– â– â– â– â– â– â– â– â– â– â– â– â– â– â– â– â–                                                 |  40% of 96.7 MiB
2025-12-07T20:05:05.6829835Z |â– â– â– â– â– â– â– â– â– â– â– â– â– â– â– â– â– â– â– â– â– â– â– â– â– â– â– â– â– â– â– â– â– â– â– â– â– â– â– â–                                         |  50% of 96.7 MiB
2025-12-07T20:05:05.7356632Z |â– â– â– â– â– â– â– â– â– â– â– â– â– â– â– â– â– â– â– â– â– â– â– â– â– â– â– â– â– â– â– â– â– â– â– â– â– â– â– â– â– â– â– â– â– â– â– â–                                 |  60% of 96.7 MiB
2025-12-07T20:05:05.7890336Z |â– â– â– â– â– â– â– â– â– â– â– â– â– â– â– â– â– â– â– â– â– â– â– â– â– â– â– â– â– â– â– â– â– â– â– â– â– â– â– â– â– â– â– â– â– â– â– â– â– â– â– â– â– â– â– â–                         |  70% of 96.7 MiB
2025-12-07T20:05:05.8363583Z |â– â– â– â– â– â– â– â– â– â– â– â– â– â– â– â– â– â– â– â– â– â– â– â– â– â– â– â– â– â– â– â– â– â– â– â– â– â– â– â– â– â– â– â– â– â– â– â– â– â– â– â– â– â– â– â– â– â– â– â– â– â– â– â–                 |  80% of 96.7 MiB
2025-12-07T20:05:05.9392291Z |â– â– â– â– â– â– â– â– â– â– â– â– â– â– â– â– â– â– â– â– â– â– â– â– â– â– â– â– â– â– â– â– â– â– â– â– â– â– â– â– â– â– â– â– â– â– â– â– â– â– â– â– â– â– â– â– â– â– â– â– â– â– â– â– â– â– â– â– â– â– â– â–         |  90% of 96.7 MiB
2025-12-07T20:05:06.0128665Z |â– â– â– â– â– â– â– â– â– â– â– â– â– â– â– â– â– â– â– â– â– â– â– â– â– â– â– â– â– â– â– â– â– â– â– â– â– â– â– â– â– â– â– â– â– â– â– â– â– â– â– â– â– â– â– â– â– â– â– â– â– â– â– â– â– â– â– â– â– â– â– â– â– â– â– â– â– â– â– â– | 100% of 96.7 MiB
2025-12-07T20:05:07.6198992Z Firefox 142.0.1 (playwright build v1495) downloaded to /home/runner/.cache/ms-playwright/firefox-1495
2025-12-07T20:05:07.6202813Z Downloading Webkit 26.0 (playwright build v2215) from https://cdn.playwright.dev/dbazure/download/playwright/builds/webkit/2215/webkit-ubuntu-24.04.zip
2025-12-07T20:05:07.8264125Z |                                                                                |   0% of 94.6 MiB
2025-12-07T20:05:07.9804558Z |â– â– â– â– â– â– â– â–                                                                         |  10% of 94.6 MiB
2025-12-07T20:05:08.0465643Z |â– â– â– â– â– â– â– â– â– â– â– â– â– â– â– â–                                                                 |  20% of 94.6 MiB
2025-12-07T20:05:08.1135470Z |â– â– â– â– â– â– â– â– â– â– â– â– â– â– â– â– â– â– â– â– â– â– â– â–                                                         |  30% of 94.6 MiB
2025-12-07T20:05:08.1903653Z |â– â– â– â– â– â– â– â– â– â– â– â– â– â– â– â– â– â– â– â– â– â– â– â– â– â– â– â– â– â– â– â–                                                 |  40% of 94.6 MiB
2025-12-07T20:05:08.2889003Z |â– â– â– â– â– â– â– â– â– â– â– â– â– â– â– â– â– â– â– â– â– â– â– â– â– â– â– â– â– â– â– â– â– â– â– â– â– â– â– â–                                         |  50% of 94.6 MiB
2025-12-07T20:05:08.4207938Z |â– â– â– â– â– â– â– â– â– â– â– â– â– â– â– â– â– â– â– â– â– â– â– â– â– â– â– â– â– â– â– â– â– â– â– â– â– â– â– â– â– â– â– â– â– â– â– â–                                 |  60% of 94.6 MiB
2025-12-07T20:05:08.5794205Z |â– â– â– â– â– â– â– â– â– â– â– â– â– â– â– â– â– â– â– â– â– â– â– â– â– â– â– â– â– â– â– â– â– â– â– â– â– â– â– â– â– â– â– â– â– â– â– â– â– â– â– â– â– â– â– â–                         |  70% of 94.6 MiB
2025-12-07T20:05:08.7037854Z |â– â– â– â– â– â– â– â– â– â– â– â– â– â– â– â– â– â– â– â– â– â– â– â– â– â– â– â– â– â– â– â– â– â– â– â– â– â– â– â– â– â– â– â– â– â– â– â– â– â– â– â– â– â– â– â– â– â– â– â– â– â– â– â–                 |  80% of 94.6 MiB
2025-12-07T20:05:08.7718806Z |â– â– â– â– â– â– â– â– â– â– â– â– â– â– â– â– â– â– â– â– â– â– â– â– â– â– â– â– â– â– â– â– â– â– â– â– â– â– â– â– â– â– â– â– â– â– â– â– â– â– â– â– â– â– â– â– â– â– â– â– â– â– â– â– â– â– â– â– â– â– â– â–         |  90% of 94.6 MiB
2025-12-07T20:05:08.8983960Z |â– â– â– â– â– â– â– â– â– â– â– â– â– â– â– â– â– â– â– â– â– â– â– â– â– â– â– â– â– â– â– â– â– â– â– â– â– â– â– â– â– â– â– â– â– â– â– â– â– â– â– â– â– â– â– â– â– â– â– â– â– â– â– â– â– â– â– â– â– â– â– â– â– â– â– â– â– â– â– â– | 100% of 94.6 MiB
2025-12-07T20:05:10.5458593Z Webkit 26.0 (playwright build v2215) downloaded to /home/runner/.cache/ms-playwright/webkit-2215
2025-12-07T20:05:10.5463460Z Downloading FFMPEG playwright build v1011 from https://cdn.playwright.dev/dbazure/download/playwright/builds/ffmpeg/1011/ffmpeg-linux.zip
2025-12-07T20:05:10.7349889Z |                                                                                |   0% of 2.3 MiB
2025-12-07T20:05:10.7741571Z |â– â– â– â– â– â– â– â–                                                                         |  10% of 2.3 MiB
2025-12-07T20:05:10.7909889Z |â– â– â– â– â– â– â– â– â– â– â– â– â– â– â– â–                                                                 |  20% of 2.3 MiB
2025-12-07T20:05:10.8020662Z |â– â– â– â– â– â– â– â– â– â– â– â– â– â– â– â– â– â– â– â– â– â– â– â–                                                         |  30% of 2.3 MiB
2025-12-07T20:05:10.8102094Z |â– â– â– â– â– â– â– â– â– â– â– â– â– â– â– â– â– â– â– â– â– â– â– â– â– â– â– â– â– â– â– â–                                                 |  40% of 2.3 MiB
2025-12-07T20:05:10.8157254Z |â– â– â– â– â– â– â– â– â– â– â– â– â– â– â– â– â– â– â– â– â– â– â– â– â– â– â– â– â– â– â– â– â– â– â– â– â– â– â– â–                                         |  50% of 2.3 MiB
2025-12-07T20:05:10.8208520Z |â– â– â– â– â– â– â– â– â– â– â– â– â– â– â– â– â– â– â– â– â– â– â– â– â– â– â– â– â– â– â– â– â– â– â– â– â– â– â– â– â– â– â– â– â– â– â– â–                                 |  60% of 2.3 MiB
2025-12-07T20:05:10.8246168Z |â– â– â– â– â– â– â– â– â– â– â– â– â– â– â– â– â– â– â– â– â– â– â– â– â– â– â– â– â– â– â– â– â– â– â– â– â– â– â– â– â– â– â– â– â– â– â– â– â– â– â– â– â– â– â– â–                         |  70% of 2.3 MiB
2025-12-07T20:05:10.8283562Z |â– â– â– â– â– â– â– â– â– â– â– â– â– â– â– â– â– â– â– â– â– â– â– â– â– â– â– â– â– â– â– â– â– â– â– â– â– â– â– â– â– â– â– â– â– â– â– â– â– â– â– â– â– â– â– â– â– â– â– â– â– â– â– â–                 |  80% of 2.3 MiB
2025-12-07T20:05:10.8312285Z |â– â– â– â– â– â– â– â– â– â– â– â– â– â– â– â– â– â– â– â– â– â– â– â– â– â– â– â– â– â– â– â– â– â– â– â– â– â– â– â– â– â– â– â– â– â– â– â– â– â– â– â– â– â– â– â– â– â– â– â– â– â– â– â– â– â– â– â– â– â– â– â–         |  90% of 2.3 MiB
2025-12-07T20:05:10.8343766Z |â– â– â– â– â– â– â– â– â– â– â– â– â– â– â– â– â– â– â– â– â– â– â– â– â– â– â– â– â– â– â– â– â– â– â– â– â– â– â– â– â– â– â– â– â– â– â– â– â– â– â– â– â– â– â– â– â– â– â– â– â– â– â– â– â– â– â– â– â– â– â– â– â– â– â– â– â– â– â– â– | 100% of 2.3 MiB
2025-12-07T20:05:10.8918314Z FFMPEG playwright build v1011 downloaded to /home/runner/.cache/ms-playwright/ffmpeg-1011
2025-12-07T20:05:11.3490961Z ##[group]Run npx tsc --noEmit
2025-12-07T20:05:11.3491242Z [36;1mnpx tsc --noEmit[0m
2025-12-07T20:05:11.3526089Z shell: /usr/bin/bash -e {0}
2025-12-07T20:05:11.3526332Z ##[endgroup]
2025-12-07T20:05:12.9419680Z ##[group]Run npx playwright test --grep "@critical" --reporter=html
2025-12-07T20:05:12.9420269Z [36;1mnpx playwright test --grep "@critical" --reporter=html[0m
2025-12-07T20:05:12.9455134Z shell: /usr/bin/bash -e {0}
2025-12-07T20:05:12.9455370Z env:
2025-12-07T20:05:12.9455545Z   CI: true
2025-12-07T20:05:12.9455726Z ##[endgroup]
2025-12-07T20:05:16.1532785Z 
2025-12-07T20:05:16.1533374Z Running 20 tests using 1 worker
2025-12-07T20:05:21.0269925Z Â·Â·Â·Â·Course link href: /myFreecodecampLearning/pages/s100101-Certified-Full-Stack-Developer-Curriculum/Home-Certified-Full-Stack-Developer-Curriculum.html
2025-12-07T20:05:21.0608344Z Navigation response status: [33m200[39m
2025-12-07T20:05:21.0609982Z Navigation URL: http://localhost:4000/myFreecodecampLearning/pages/s100101-Certified-Full-Stack-Developer-Curriculum/Home-Certified-Full-Stack-Developer-Curriculum.html
2025-12-07T20:05:27.6287728Z Â·Â·Â·Â·Â·Course link href: /myFreecodecampLearning/pages/s100101-Certified-Full-Stack-Developer-Curriculum/Home-Certified-Full-Stack-Developer-Curriculum.html
2025-12-07T20:05:27.6978676Z Navigation response status: [33m200[39m
2025-12-07T20:05:27.6980765Z Navigation URL: http://localhost:4000/myFreecodecampLearning/pages/s100101-Certified-Full-Stack-Developer-Curriculum/Home-Certified-Full-Stack-Developer-Curriculum.html
2025-12-07T20:05:39.5481637Z Â·Â·Â·Â·Â·Course link href: /myFreecodecampLearning/pages/s100101-Certified-Full-Stack-Developer-Curriculum/Home-Certified-Full-Stack-Developer-Curriculum.html
2025-12-07T20:05:39.5885236Z Navigation response status: [33m200[39m
2025-12-07T20:05:39.5889989Z Navigation URL: http://localhost:4000/myFreecodecampLearning/pages/s100101-Certified-Full-Stack-Developer-Curriculum/Home-Certified-Full-Stack-Developer-Curriculum.html
2025-12-07T20:06:18.9084544Z Â·Â·Â·Â·Â·Course link href: /myFreecodecampLearning/pages/s100101-Certified-Full-Stack-Developer-Curriculum/Home-Certified-Full-Stack-Developer-Curriculum.html
2025-12-07T20:06:18.9643339Z Navigation response status: [33m200[39m
2025-12-07T20:06:18.9649432Z Navigation URL: http://localhost:4000/myFreecodecampLearning/pages/s100101-Certified-Full-Stack-Developer-Curriculum/Home-Certified-Full-Stack-Developer-Curriculum.html
2025-12-07T20:06:26.2965319Z Â·
2025-12-07T20:06:26.2969720Z   20 passed (1.2m)
2025-12-07T20:06:26.3408400Z ##[group]Run actions/upload-artifact@v4
2025-12-07T20:06:26.3408678Z with:
2025-12-07T20:06:26.3408924Z   name: playwright-report-production-pre-deployment
2025-12-07T20:06:26.3409240Z   path: playwright-report/
2025-12-07T20:06:26.3409458Z   retention-days: 7
2025-12-07T20:06:26.3409659Z   if-no-files-found: warn
2025-12-07T20:06:26.3409872Z   compression-level: 6
2025-12-07T20:06:26.3410076Z   overwrite: false
2025-12-07T20:06:26.3410466Z   include-hidden-files: false
2025-12-07T20:06:26.3410687Z ##[endgroup]
2025-12-07T20:06:26.5573420Z With the provided path, there will be 1 file uploaded
2025-12-07T20:06:26.5578382Z Artifact name is valid!
2025-12-07T20:06:26.5579530Z Root directory input is valid!
2025-12-07T20:06:26.6791644Z Beginning upload of artifact content to blob storage
2025-12-07T20:06:26.7506146Z Uploaded bytes 203031
2025-12-07T20:06:26.7649834Z Finished uploading artifact content to blob storage!
2025-12-07T20:06:26.7653350Z SHA256 digest of uploaded artifact zip is a1d7bbbc404e8d3a62bd06cdf880f917b8676666562da0da4edbb91085f18168
2025-12-07T20:06:26.7654587Z Finalizing artifact upload
2025-12-07T20:06:26.8372748Z Artifact playwright-report-production-pre-deployment.zip successfully finalized. Artifact ID 4791258629
2025-12-07T20:06:26.8374351Z Artifact playwright-report-production-pre-deployment has been successfully uploaded! Final size is 203031 bytes. Artifact ID is 4791258629
2025-12-07T20:06:26.8380457Z Artifact download URL: https://github.com/T193R-W00D5/myFreecodecampLearning/actions/runs/20009591332/artifacts/4791258629
2025-12-07T20:06:26.8507351Z Post job cleanup.
2025-12-07T20:06:27.0027756Z Cache hit occurred on the primary key node-cache-Linux-x64-npm-e3fade3f30968ac95fccac45edc85cd25eaa881f6a1cdb7268c834223e952c45, not saving cache.
2025-12-07T20:06:27.0132392Z Post job cleanup.
2025-12-07T20:06:27.1079108Z [command]/usr/bin/git version
2025-12-07T20:06:27.1115894Z git version 2.52.0
2025-12-07T20:06:27.1159092Z Temporarily overriding HOME='/home/runner/work/_temp/ee3a963c-0f8e-47aa-b5f7-94a21ef764dc' before making global git config changes
2025-12-07T20:06:27.1160385Z Adding repository directory to the temporary git global config as a safe directory
2025-12-07T20:06:27.1165377Z [command]/usr/bin/git config --global --add safe.directory /home/runner/work/myFreecodecampLearning/myFreecodecampLearning
2025-12-07T20:06:27.1202257Z [command]/usr/bin/git config --local --name-only --get-regexp core\.sshCommand
2025-12-07T20:06:27.1235498Z [command]/usr/bin/git submodule foreach --recursive sh -c "git config --local --name-only --get-regexp 'core\.sshCommand' && git config --local --unset-all 'core.sshCommand' || :"
2025-12-07T20:06:27.1474701Z [command]/usr/bin/git config --local --name-only --get-regexp http\.https\:\/\/github\.com\/\.extraheader
2025-12-07T20:06:27.1496258Z http.https://github.com/.extraheader
2025-12-07T20:06:27.1509341Z [command]/usr/bin/git config --local --unset-all http.https://github.com/.extraheader
2025-12-07T20:06:27.1541424Z [command]/usr/bin/git submodule foreach --recursive sh -c "git config --local --name-only --get-regexp 'http\.https\:\/\/github\.com\/\.extraheader' && git config --local --unset-all 'http.https://github.com/.extraheader' || :"
2025-12-07T20:06:27.1777361Z [command]/usr/bin/git config --local --name-only --get-regexp ^includeIf\.gitdir:
2025-12-07T20:06:27.1811261Z [command]/usr/bin/git submodule foreach --recursive git config --local --show-origin --name-only --get-regexp remote.origin.url
2025-12-07T20:06:27.2154358Z Cleaning up orphan processes

# job=deploy-production

```txt
deploy-production summary
ðŸ“¦ PRODUCTION DEPLOYMENT
Commit being deployed: c4e5ff7f6d93f42c7ccf79033aaeef2036f95224
Commit details: c4e5ff7 Merge pull request #44 from T193R-W00D5/separate-deploy-workflows-20251207

Jekyll production build completed. Contents of _site:
total 84
drwxr-xr-x 9 runner runner 4096 Dec 7 20:06 .
drwxr-xr-x 17 runner runner 4096 Dec 7 20:06 ..
-rw-r--r-- 1 runner runner 1068 Dec 7 20:06 LICENSE
-rw-r--r-- 1 runner runner 6960 Dec 7 20:06 ReadMe.md
drwxr-xr-x 5 runner runner 4096 Dec 7 20:06 assets
-rw-r--r-- 1 runner runner 4400 Dec 7 20:06 auto-staging-modern_yml_DELETE_ME.txt
drwxr-xr-x 2 runner runner 4096 Dec 7 20:06 bin
drwxr-xr-x 2 runner runner 4096 Dec 7 20:06 css
drwxr-xr-x 4 runner runner 4096 Dec 7 20:06 docs
-rw-r--r-- 1 runner runner 669 Dec 7 20:06 feed.xml
-rw-r--r-- 1 runner runner 60 Dec 7 20:06 freecodecampOrg.code-workspace
-rw-r--r-- 1 runner runner 3094 Dec 7 20:06 index.html
drwxr-xr-x 3 runner runner 4096 Dec 7 20:06 pages
-rw-r--r-- 1 runner runner 74 Dec 7 20:06 robots.txt
-rw-r--r-- 1 runner runner 3631 Dec 7 20:06 sitemap.xml
drwxr-xr-x 4 runner runner 4096 Dec 7 20:06 src
-rw-r--r-- 1 runner runner 237 Dec 7 20:06 test-staging.html
drwxr-xr-x 5 runner runner 4096 Dec 7 20:06 tests
-rw-r--r-- 1 runner runner 908 Dec 7 20:06 tsconfig.json
Sample of generated index.html:

<title>My freecodecamp learning</title>
Checking for Liquid syntax in generated files:
âœ… No unprocessed Liquid syntax found
Checking CSS link paths:
10:

âœ… Added .nojekyll file to prevent GitHub Pages Jekyll processing
```

2025-12-07T20:06:34.4174144Z Current runner version: '2.329.0'
2025-12-07T20:06:34.4210066Z ##[group]Runner Image Provisioner
2025-12-07T20:06:34.4211359Z Hosted Compute Agent
2025-12-07T20:06:34.4212305Z Version: 20251124.448
2025-12-07T20:06:34.4213488Z Commit: fda5086b43ec66ade217e5fcd18146c879571177
2025-12-07T20:06:34.4214705Z Build Date: 2025-11-24T21:16:26Z
2025-12-07T20:06:34.4215798Z ##[endgroup]
2025-12-07T20:06:34.4216741Z ##[group]Operating System
2025-12-07T20:06:34.4217714Z Ubuntu
2025-12-07T20:06:34.4218639Z 24.04.3
2025-12-07T20:06:34.4219534Z LTS
2025-12-07T20:06:34.4220234Z ##[endgroup]
2025-12-07T20:06:34.4221121Z ##[group]Runner Image
2025-12-07T20:06:34.4222174Z Image: ubuntu-24.04
2025-12-07T20:06:34.4223144Z Version: 20251126.144.1
2025-12-07T20:06:34.4224919Z Included Software: https://github.com/actions/runner-images/blob/ubuntu24/20251126.144/images/ubuntu/Ubuntu2404-Readme.md
2025-12-07T20:06:34.4227679Z Image Release: https://github.com/actions/runner-images/releases/tag/ubuntu24%2F20251126.144
2025-12-07T20:06:34.4229734Z ##[endgroup]
2025-12-07T20:06:34.4234386Z ##[group]GITHUB_TOKEN Permissions
2025-12-07T20:06:34.4237264Z Actions: write
2025-12-07T20:06:34.4238202Z ArtifactMetadata: write
2025-12-07T20:06:34.4239459Z Attestations: write
2025-12-07T20:06:34.4240514Z Checks: write
2025-12-07T20:06:34.4241381Z Contents: write
2025-12-07T20:06:34.4242936Z Deployments: write
2025-12-07T20:06:34.4243791Z Discussions: write
2025-12-07T20:06:34.4244646Z Issues: write
2025-12-07T20:06:34.4245598Z Metadata: read
2025-12-07T20:06:34.4246530Z Models: read
2025-12-07T20:06:34.4247283Z Packages: write
2025-12-07T20:06:34.4248340Z Pages: write
2025-12-07T20:06:34.4249421Z PullRequests: write
2025-12-07T20:06:34.4250242Z RepositoryProjects: write
2025-12-07T20:06:34.4251510Z SecurityEvents: write
2025-12-07T20:06:34.4252413Z Statuses: write
2025-12-07T20:06:34.4253383Z ##[endgroup]
2025-12-07T20:06:34.4256812Z Secret source: Actions
2025-12-07T20:06:34.4258158Z Prepare workflow directory
2025-12-07T20:06:34.4736164Z Prepare all required actions
2025-12-07T20:06:34.4793041Z Getting action download info
2025-12-07T20:06:34.6949073Z Download action repository 'actions/checkout@v4' (SHA:34e114876b0b11c390a56381ad16ebd13914f8d5)
2025-12-07T20:06:35.0038619Z Download action repository 'ruby/setup-ruby@v1' (SHA:d697be2f83c6234b20877c3b5eac7a7f342f0d0c)
2025-12-07T20:06:35.2174720Z Download action repository 'peaceiris/actions-gh-pages@v4' (SHA:4f9cc6602d3f66b9c108549d475ec49e8ef4d45e)
2025-12-07T20:06:35.6029681Z Complete job name: deploy-production
2025-12-07T20:06:35.6768579Z ##[group]Run actions/checkout@v4
2025-12-07T20:06:35.6769508Z with:
2025-12-07T20:06:35.6769888Z   ref: main
2025-12-07T20:06:35.6770351Z   repository: T193R-W00D5/myFreecodecampLearning
2025-12-07T20:06:35.6771209Z   token: ***
2025-12-07T20:06:35.6771626Z   ssh-strict: true
2025-12-07T20:06:35.6772049Z   ssh-user: git
2025-12-07T20:06:35.6772479Z   persist-credentials: true
2025-12-07T20:06:35.6772966Z   clean: true
2025-12-07T20:06:35.6773394Z   sparse-checkout-cone-mode: true
2025-12-07T20:06:35.6773950Z   fetch-depth: 1
2025-12-07T20:06:35.6774370Z   fetch-tags: false
2025-12-07T20:06:35.6774811Z   show-progress: true
2025-12-07T20:06:35.6775256Z   lfs: false
2025-12-07T20:06:35.6775654Z   submodules: false
2025-12-07T20:06:35.6776091Z   set-safe-directory: true
2025-12-07T20:06:35.6776782Z ##[endgroup]
2025-12-07T20:06:35.7842191Z Syncing repository: T193R-W00D5/myFreecodecampLearning
2025-12-07T20:06:35.7844114Z ##[group]Getting Git version info
2025-12-07T20:06:35.7845173Z Working directory is '/home/runner/work/myFreecodecampLearning/myFreecodecampLearning'
2025-12-07T20:06:35.7846466Z [command]/usr/bin/git version
2025-12-07T20:06:35.7939562Z git version 2.52.0
2025-12-07T20:06:35.7965892Z ##[endgroup]
2025-12-07T20:06:35.7980299Z Temporarily overriding HOME='/home/runner/work/_temp/761f9408-4b5a-4a2d-85a0-f8fd1cad4235' before making global git config changes
2025-12-07T20:06:35.7982693Z Adding repository directory to the temporary git global config as a safe directory
2025-12-07T20:06:35.7992603Z [command]/usr/bin/git config --global --add safe.directory /home/runner/work/myFreecodecampLearning/myFreecodecampLearning
2025-12-07T20:06:35.8032693Z Deleting the contents of '/home/runner/work/myFreecodecampLearning/myFreecodecampLearning'
2025-12-07T20:06:35.8035807Z ##[group]Initializing the repository
2025-12-07T20:06:35.8040119Z [command]/usr/bin/git init /home/runner/work/myFreecodecampLearning/myFreecodecampLearning
2025-12-07T20:06:35.8181829Z hint: Using 'master' as the name for the initial branch. This default branch name
2025-12-07T20:06:35.8183662Z hint: will change to "main" in Git 3.0. To configure the initial branch name
2025-12-07T20:06:35.8185403Z hint: to use in all of your new repositories, which will suppress this warning,
2025-12-07T20:06:35.8186821Z hint: call:
2025-12-07T20:06:35.8187471Z hint:
2025-12-07T20:06:35.8188332Z hint: 	git config --global init.defaultBranch <name>
2025-12-07T20:06:35.8189575Z hint:
2025-12-07T20:06:35.8190605Z hint: Names commonly chosen instead of 'master' are 'main', 'trunk' and
2025-12-07T20:06:35.8192380Z hint: 'development'. The just-created branch can be renamed via this command:
2025-12-07T20:06:35.8193682Z hint:
2025-12-07T20:06:35.8194089Z hint: 	git branch -m <name>
2025-12-07T20:06:35.8194600Z hint:
2025-12-07T20:06:35.8195761Z hint: Disable this message with "git config set advice.defaultBranchName false"
2025-12-07T20:06:35.8198325Z Initialized empty Git repository in /home/runner/work/myFreecodecampLearning/myFreecodecampLearning/.git/
2025-12-07T20:06:35.8203562Z [command]/usr/bin/git remote add origin https://github.com/T193R-W00D5/myFreecodecampLearning
2025-12-07T20:06:35.8240053Z ##[endgroup]
2025-12-07T20:06:35.8240818Z ##[group]Disabling automatic garbage collection
2025-12-07T20:06:35.8243924Z [command]/usr/bin/git config --local gc.auto 0
2025-12-07T20:06:35.8273242Z ##[endgroup]
2025-12-07T20:06:35.8274527Z ##[group]Setting up auth
2025-12-07T20:06:35.8281168Z [command]/usr/bin/git config --local --name-only --get-regexp core\.sshCommand
2025-12-07T20:06:35.8312499Z [command]/usr/bin/git submodule foreach --recursive sh -c "git config --local --name-only --get-regexp 'core\.sshCommand' && git config --local --unset-all 'core.sshCommand' || :"
2025-12-07T20:06:35.8661183Z [command]/usr/bin/git config --local --name-only --get-regexp http\.https\:\/\/github\.com\/\.extraheader
2025-12-07T20:06:35.8689324Z [command]/usr/bin/git submodule foreach --recursive sh -c "git config --local --name-only --get-regexp 'http\.https\:\/\/github\.com\/\.extraheader' && git config --local --unset-all 'http.https://github.com/.extraheader' || :"
2025-12-07T20:06:35.8905455Z [command]/usr/bin/git config --local --name-only --get-regexp ^includeIf\.gitdir:
2025-12-07T20:06:35.8936567Z [command]/usr/bin/git submodule foreach --recursive git config --local --show-origin --name-only --get-regexp remote.origin.url
2025-12-07T20:06:35.9176859Z [command]/usr/bin/git config --local http.https://github.com/.extraheader AUTHORIZATION: basic ***
2025-12-07T20:06:35.9220166Z ##[endgroup]
2025-12-07T20:06:35.9221422Z ##[group]Fetching the repository
2025-12-07T20:06:35.9229004Z [command]/usr/bin/git -c protocol.version=2 fetch --no-tags --prune --no-recurse-submodules --depth=1 origin +refs/heads/main*:refs/remotes/origin/main* +refs/tags/main*:refs/tags/main*
2025-12-07T20:06:36.2639698Z From https://github.com/T193R-W00D5/myFreecodecampLearning
2025-12-07T20:06:36.2642740Z  * [new branch]      main       -> origin/main
2025-12-07T20:06:36.2672734Z ##[endgroup]
2025-12-07T20:06:36.2674374Z ##[group]Determining the checkout info
2025-12-07T20:06:36.2679020Z [command]/usr/bin/git branch --list --remote origin/main
2025-12-07T20:06:36.2702683Z   origin/main
2025-12-07T20:06:36.2707902Z ##[endgroup]
2025-12-07T20:06:36.2711790Z [command]/usr/bin/git sparse-checkout disable
2025-12-07T20:06:36.2754483Z [command]/usr/bin/git config --local --unset-all extensions.worktreeConfig
2025-12-07T20:06:36.2780807Z ##[group]Checking out the ref
2025-12-07T20:06:36.2785108Z [command]/usr/bin/git checkout --progress --force -B main refs/remotes/origin/main
2025-12-07T20:06:36.3111587Z Switched to a new branch 'main'
2025-12-07T20:06:36.3113276Z branch 'main' set up to track 'origin/main'.
2025-12-07T20:06:36.3123072Z ##[endgroup]
2025-12-07T20:06:36.3160462Z [command]/usr/bin/git log -1 --format=%H
2025-12-07T20:06:36.3182222Z c4e5ff7f6d93f42c7ccf79033aaeef2036f95224
2025-12-07T20:06:36.3414841Z ##[group]Run echo "ðŸ“¦ PRODUCTION DEPLOYMENT" >> $GITHUB_STEP_SUMMARY
2025-12-07T20:06:36.3417819Z [36;1mecho "ðŸ“¦ PRODUCTION DEPLOYMENT" >> $GITHUB_STEP_SUMMARY[0m
2025-12-07T20:06:36.3421209Z [36;1mecho "**Commit being deployed:** $(git rev-parse HEAD)" >> $GITHUB_STEP_SUMMARY[0m
2025-12-07T20:06:36.3424697Z [36;1mecho "**Commit details:** $(git log --oneline -n 1)" >> $GITHUB_STEP_SUMMARY[0m
2025-12-07T20:06:36.3477917Z shell: /usr/bin/bash -e {0}
2025-12-07T20:06:36.3479730Z ##[endgroup]
2025-12-07T20:06:36.3771591Z ##[group]Run ruby/setup-ruby@v1
2025-12-07T20:06:36.3772666Z with:
2025-12-07T20:06:36.3773398Z   ruby-version: 3.3
2025-12-07T20:06:36.3774234Z   bundler-cache: false
2025-12-07T20:06:36.3775106Z ##[endgroup]
2025-12-07T20:06:36.5513081Z ##[group]Modifying PATH
2025-12-07T20:06:36.5516782Z Entries added to PATH to use selected Ruby:
2025-12-07T20:06:36.5520753Z   /opt/hostedtoolcache/Ruby/3.3.10/x64/bin
2025-12-07T20:06:36.5528536Z ##[endgroup]
2025-12-07T20:06:36.5530154Z ##[group]Print Ruby version
2025-12-07T20:06:36.5641620Z [command]/opt/hostedtoolcache/Ruby/3.3.10/x64/bin/ruby --version
2025-12-07T20:06:36.8207562Z ruby 3.3.10 (2025-10-23 revision 343ea05002) [x86_64-linux]
2025-12-07T20:06:36.8239944Z Took   0.27 seconds
2025-12-07T20:06:36.8242391Z ##[endgroup]
2025-12-07T20:06:36.8244504Z ##[group]Installing Bundler
2025-12-07T20:06:36.8247391Z Using Bundler 2.7.2 from Gemfile.lock BUNDLED WITH 2.7.2
2025-12-07T20:06:36.8251831Z [command]/opt/hostedtoolcache/Ruby/3.3.10/x64/bin/gem install bundler -v 2.7.2
2025-12-07T20:06:38.4070704Z Successfully installed bundler-2.7.2
2025-12-07T20:06:38.4071799Z 1 gem installed
2025-12-07T20:06:38.4122372Z Took   1.59 seconds
2025-12-07T20:06:38.4123475Z ##[endgroup]
2025-12-07T20:06:38.4207731Z ##[group]Run bundle config set --local frozen false
2025-12-07T20:06:38.4208178Z [36;1mbundle config set --local frozen false[0m
2025-12-07T20:06:38.4208783Z [36;1mbundle install[0m
2025-12-07T20:06:38.4209110Z [36;1m# Build with production baseurl[0m
2025-12-07T20:06:38.4209505Z [36;1mbundle exec jekyll build --baseurl "/myFreecodecampLearning"[0m
2025-12-07T20:06:38.4210095Z [36;1mecho "Jekyll production build completed. Contents of _site:" >> $GITHUB_STEP_SUMMARY[0m
2025-12-07T20:06:38.4210599Z [36;1mls -la _site/ >> $GITHUB_STEP_SUMMARY[0m
2025-12-07T20:06:38.4210999Z [36;1mecho "Sample of generated index.html:" >> $GITHUB_STEP_SUMMARY[0m
2025-12-07T20:06:38.4211428Z [36;1mhead -20 _site/index.html >> $GITHUB_STEP_SUMMARY[0m
2025-12-07T20:06:38.4211881Z [36;1mecho "Checking for Liquid syntax in generated files:" >> $GITHUB_STEP_SUMMARY[0m
2025-12-07T20:06:38.4212564Z [36;1mgrep -n "{{" _site/index.html || echo "âœ… No unprocessed Liquid syntax found" >> $GITHUB_STEP_SUMMARY[0m
2025-12-07T20:06:38.4213127Z [36;1mecho "Checking CSS link paths:" >> $GITHUB_STEP_SUMMARY[0m
2025-12-07T20:06:38.4213684Z [36;1mgrep -n "css" _site/index.html >> $GITHUB_STEP_SUMMARY || echo "No CSS links found" >> $GITHUB_STEP_SUMMARY[0m
2025-12-07T20:06:38.4249677Z shell: /usr/bin/bash -e {0}
2025-12-07T20:06:38.4249960Z ##[endgroup]
2025-12-07T20:06:40.5812811Z Fetching gem metadata from https://rubygems.org/..........
2025-12-07T20:06:40.5898963Z Fetching rake 13.3.1
2025-12-07T20:06:40.6651336Z Installing rake 13.3.1
2025-12-07T20:06:40.6831076Z Fetching public_suffix 7.0.0
2025-12-07T20:06:40.6834544Z Fetching base64 0.3.0
2025-12-07T20:06:40.6834912Z Fetching bigdecimal 3.3.1
2025-12-07T20:06:40.6835277Z Fetching colorator 1.1.0
2025-12-07T20:06:40.6955328Z Installing public_suffix 7.0.0
2025-12-07T20:06:40.7002062Z Installing base64 0.3.0
2025-12-07T20:06:40.7045417Z Fetching concurrent-ruby 1.3.5
2025-12-07T20:06:40.7066474Z Fetching csv 3.3.5
2025-12-07T20:06:40.7099122Z Installing bigdecimal 3.3.1 with native extensions
2025-12-07T20:06:40.7154279Z Installing colorator 1.1.0
2025-12-07T20:06:40.7254306Z Fetching eventmachine 1.2.7
2025-12-07T20:06:40.7458997Z Installing csv 3.3.5
2025-12-07T20:06:40.7594456Z Installing concurrent-ruby 1.3.5
2025-12-07T20:06:40.8027868Z Installing eventmachine 1.2.7 with native extensions
2025-12-07T20:06:40.8255344Z Fetching http_parser.rb 0.8.0
2025-12-07T20:06:40.8600352Z Installing http_parser.rb 0.8.0 with native extensions
2025-12-07T20:06:40.9457944Z Fetching ffi 1.17.2 (x86_64-linux-gnu)
2025-12-07T20:06:40.9869338Z Installing ffi 1.17.2 (x86_64-linux-gnu)
2025-12-07T20:06:41.1124343Z Fetching forwardable-extended 2.6.0
2025-12-07T20:06:41.1209978Z Installing forwardable-extended 2.6.0
2025-12-07T20:06:41.1234252Z Fetching rb-fsevent 0.11.2
2025-12-07T20:06:41.1336245Z Installing rb-fsevent 0.11.2
2025-12-07T20:06:41.1525208Z Fetching json 2.17.1
2025-12-07T20:06:41.1679229Z Installing json 2.17.1 with native extensions
2025-12-07T20:06:43.6347551Z Fetching liquid 4.0.4
2025-12-07T20:06:43.6707370Z Installing liquid 4.0.4
2025-12-07T20:06:43.7259516Z Fetching mercenary 0.4.0
2025-12-07T20:06:43.7476068Z Installing mercenary 0.4.0
2025-12-07T20:06:43.7821493Z Fetching rouge 4.6.1
2025-12-07T20:06:43.8290756Z Installing rouge 4.6.1
2025-12-07T20:06:43.9819765Z Fetching safe_yaml 1.0.5
2025-12-07T20:06:43.9945048Z Installing safe_yaml 1.0.5
2025-12-07T20:06:44.0107699Z Fetching unicode-display_width 2.6.0
2025-12-07T20:06:44.0234719Z Installing unicode-display_width 2.6.0
2025-12-07T20:06:44.0287909Z Fetching webrick 1.9.2
2025-12-07T20:06:44.0415109Z Installing webrick 1.9.2
2025-12-07T20:06:44.0652057Z Fetching addressable 2.8.8
2025-12-07T20:06:44.0801273Z Installing addressable 2.8.8
2025-12-07T20:06:44.0928342Z Fetching i18n 1.14.7
2025-12-07T20:06:44.1035747Z Installing i18n 1.14.7
2025-12-07T20:06:44.1199424Z Fetching rb-inotify 0.11.1
2025-12-07T20:06:44.1295467Z Installing rb-inotify 0.11.1
2025-12-07T20:06:44.1374762Z Fetching pathutil 0.16.2
2025-12-07T20:06:44.1466330Z Installing pathutil 0.16.2
2025-12-07T20:06:44.1527412Z Fetching kramdown 2.5.1
2025-12-07T20:06:44.1761562Z Installing kramdown 2.5.1
2025-12-07T20:06:44.3148036Z Fetching terminal-table 3.0.2
2025-12-07T20:06:44.3283984Z Installing terminal-table 3.0.2
2025-12-07T20:06:44.3377059Z Fetching listen 3.9.0
2025-12-07T20:06:44.3492456Z Installing listen 3.9.0
2025-12-07T20:06:44.3615245Z Fetching kramdown-parser-gfm 1.1.0
2025-12-07T20:06:44.3732008Z Installing kramdown-parser-gfm 1.1.0
2025-12-07T20:06:44.3839367Z Fetching jekyll-watch 2.2.1
2025-12-07T20:06:44.3952362Z Installing jekyll-watch 2.2.1
2025-12-07T20:06:51.2061023Z Fetching google-protobuf 4.33.1 (x86_64-linux-gnu)
2025-12-07T20:06:51.2779675Z Installing google-protobuf 4.33.1 (x86_64-linux-gnu)
2025-12-07T20:06:51.3418045Z Fetching sass-embedded 1.94.2 (x86_64-linux-gnu)
2025-12-07T20:06:51.4541646Z Installing sass-embedded 1.94.2 (x86_64-linux-gnu)
2025-12-07T20:06:51.5635266Z Fetching jekyll-sass-converter 3.1.0
2025-12-07T20:06:51.5766403Z Installing jekyll-sass-converter 3.1.0
2025-12-07T20:06:58.5642373Z Fetching em-websocket 0.5.3
2025-12-07T20:06:58.5907986Z Installing em-websocket 0.5.3
2025-12-07T20:06:58.6010851Z Fetching jekyll 4.4.1
2025-12-07T20:06:58.6239182Z Installing jekyll 4.4.1
2025-12-07T20:06:58.6635483Z Fetching jekyll-feed 0.17.0
2025-12-07T20:06:58.6638299Z Fetching jekyll-seo-tag 2.8.0
2025-12-07T20:06:58.6638945Z Fetching jekyll-sitemap 1.4.0
2025-12-07T20:06:58.6761777Z Installing jekyll-feed 0.17.0
2025-12-07T20:06:58.6839775Z Installing jekyll-seo-tag 2.8.0
2025-12-07T20:06:58.6965704Z Installing jekyll-sitemap 1.4.0
2025-12-07T20:06:58.7272002Z Bundle complete! 9 Gemfile dependencies, 38 gems now installed.
2025-12-07T20:06:58.7273111Z Use `bundle info [gemname]` to see where a bundled gem is installed.
2025-12-07T20:06:59.3965568Z Configuration file: /home/runner/work/myFreecodecampLearning/myFreecodecampLearning/_config.yml
2025-12-07T20:06:59.4061751Z             Source: /home/runner/work/myFreecodecampLearning/myFreecodecampLearning
2025-12-07T20:06:59.4062942Z        Destination: /home/runner/work/myFreecodecampLearning/myFreecodecampLearning/_site
2025-12-07T20:06:59.4063548Z  Incremental build: disabled. Enable with --incremental
2025-12-07T20:06:59.4063934Z       Generating... 
2025-12-07T20:06:59.4238853Z        Jekyll Feed: Generating feed for posts
2025-12-07T20:06:59.5154936Z                     done in 0.109 seconds.
2025-12-07T20:06:59.5155486Z  Auto-regeneration: disabled. Use --watch to enable.
2025-12-07T20:06:59.5335676Z ##[group]Run touch _site/.nojekyll
2025-12-07T20:06:59.5335977Z [36;1mtouch _site/.nojekyll[0m
2025-12-07T20:06:59.5336408Z [36;1mecho "âœ… Added .nojekyll file to prevent GitHub Pages Jekyll processing" >> $GITHUB_STEP_SUMMARY[0m
2025-12-07T20:06:59.5368867Z shell: /usr/bin/bash -e {0}
2025-12-07T20:06:59.5369108Z ##[endgroup]
2025-12-07T20:06:59.5496275Z ##[group]Run peaceiris/actions-gh-pages@v4
2025-12-07T20:06:59.5496554Z with:
2025-12-07T20:06:59.5497009Z   github_token: ***
2025-12-07T20:06:59.5497204Z   publish_dir: ./_site
2025-12-07T20:06:59.5497417Z   enable_jekyll: false
2025-12-07T20:06:59.5497595Z   force_orphan: true
2025-12-07T20:06:59.5497794Z   publish_branch: gh-pages
2025-12-07T20:06:59.5498000Z   allow_empty_commit: false
2025-12-07T20:06:59.5498206Z   keep_files: false
2025-12-07T20:06:59.5498564Z   disable_nojekyll: false
2025-12-07T20:06:59.5498777Z   exclude_assets: .github
2025-12-07T20:06:59.5498961Z ##[endgroup]
2025-12-07T20:06:59.6103896Z [INFO] Usage https://github.com/peaceiris/actions-gh-pages#readme
2025-12-07T20:06:59.6108748Z ##[group]Dump inputs
2025-12-07T20:06:59.6109094Z [INFO] GithubToken: true
2025-12-07T20:06:59.6109453Z [INFO] PublishBranch: gh-pages
2025-12-07T20:06:59.6109762Z [INFO] PublishDir: ./_site
2025-12-07T20:06:59.6110100Z [INFO] DestinationDir: 
2025-12-07T20:06:59.6110484Z [INFO] ExternalRepository: 
2025-12-07T20:06:59.6110866Z [INFO] AllowEmptyCommit: false
2025-12-07T20:06:59.6111247Z [INFO] KeepFiles: false
2025-12-07T20:06:59.6111587Z [INFO] ForceOrphan: true
2025-12-07T20:06:59.6111924Z [INFO] UserName: 
2025-12-07T20:06:59.6112221Z [INFO] UserEmail: 
2025-12-07T20:06:59.6112509Z [INFO] CommitMessage: 
2025-12-07T20:06:59.6112834Z [INFO] FullCommitMessage: 
2025-12-07T20:06:59.6113156Z [INFO] TagName: 
2025-12-07T20:06:59.6113437Z [INFO] TagMessage: 
2025-12-07T20:06:59.6113769Z [INFO] EnableJekyll (DisableNoJekyll): false
2025-12-07T20:06:59.6114184Z [INFO] CNAME: 
2025-12-07T20:06:59.6114464Z [INFO] ExcludeAssets .github
2025-12-07T20:06:59.6114702Z 
2025-12-07T20:06:59.6114964Z ##[endgroup]
2025-12-07T20:06:59.6115273Z ##[group]Setup auth token
2025-12-07T20:06:59.6116438Z [INFO] setup GITHUB_TOKEN
2025-12-07T20:06:59.6118065Z ##[endgroup]
2025-12-07T20:06:59.6118868Z ##[group]Prepare publishing assets
2025-12-07T20:06:59.6120125Z [INFO] ForceOrphan: true
2025-12-07T20:06:59.6140508Z [INFO] chdir /home/runner/actions_github_pages_1765138019611
2025-12-07T20:06:59.6169368Z [command]/usr/bin/git init
2025-12-07T20:06:59.6221547Z hint: Using 'master' as the name for the initial branch. This default branch name
2025-12-07T20:06:59.6222334Z hint: will change to "main" in Git 3.0. To configure the initial branch name
2025-12-07T20:06:59.6222952Z hint: to use in all of your new repositories, which will suppress this warning,
2025-12-07T20:06:59.6223305Z hint: call:
2025-12-07T20:06:59.6223458Z hint:
2025-12-07T20:06:59.6223672Z hint: 	git config --global init.defaultBranch <name>
2025-12-07T20:06:59.6223929Z hint:
2025-12-07T20:06:59.6224185Z hint: Names commonly chosen instead of 'master' are 'main', 'trunk' and
2025-12-07T20:06:59.6224618Z hint: 'development'. The just-created branch can be renamed via this command:
2025-12-07T20:06:59.6224959Z hint:
2025-12-07T20:06:59.6225115Z hint: 	git branch -m <name>
2025-12-07T20:06:59.6225310Z hint:
2025-12-07T20:06:59.6225805Z hint: Disable this message with "git config set advice.defaultBranchName false"
2025-12-07T20:06:59.6235224Z Initialized empty Git repository in /home/runner/actions_github_pages_1765138019611/.git/
2025-12-07T20:06:59.6256617Z [command]/usr/bin/git checkout --orphan gh-pages
2025-12-07T20:06:59.6281569Z Switched to a new branch 'gh-pages'
2025-12-07T20:06:59.6286941Z [INFO] prepare publishing assets
2025-12-07T20:06:59.6287996Z [INFO] copy /home/runner/work/myFreecodecampLearning/myFreecodecampLearning/_site to /home/runner/actions_github_pages_1765138019611
2025-12-07T20:06:59.6560881Z [INFO] delete excluded assets
2025-12-07T20:06:59.6591475Z rm: no paths given
2025-12-07T20:06:59.6596125Z ##[endgroup]
2025-12-07T20:06:59.6596503Z ##[group]Setup Git config
2025-12-07T20:06:59.6612546Z [command]/usr/bin/git remote rm origin
2025-12-07T20:06:59.6639097Z error: No such remote: 'origin'
2025-12-07T20:06:59.6644804Z [INFO] The process '/usr/bin/git' failed with exit code 2
2025-12-07T20:06:59.6659304Z [command]/usr/bin/git remote add origin ***github.com/T193R-W00D5/myFreecodecampLearning.git
2025-12-07T20:06:59.6702753Z [command]/usr/bin/git add --all
2025-12-07T20:06:59.8261753Z [command]/usr/bin/git config user.name T193R-W00D5
2025-12-07T20:06:59.8306625Z [command]/usr/bin/git config user.email T193R-W00D5@users.noreply.github.com
2025-12-07T20:06:59.8336178Z ##[endgroup]
2025-12-07T20:06:59.8336805Z ##[group]Create a commit
2025-12-07T20:06:59.8349843Z [command]/usr/bin/git commit -m deploy: c4e5ff7f6d93f42c7ccf79033aaeef2036f95224
2025-12-07T20:06:59.8651159Z [gh-pages (root-commit) c8df2fc] deploy: c4e5ff7f6d93f42c7ccf79033aaeef2036f95224
2025-12-07T20:06:59.8651895Z  88 files changed, 28453 insertions(+)
2025-12-07T20:06:59.8652152Z  create mode 100644 .nojekyll
2025-12-07T20:06:59.8652428Z  create mode 100644 LICENSE
2025-12-07T20:06:59.8652783Z  create mode 100644 ReadMe.md
2025-12-07T20:06:59.8653178Z  create mode 100644 assets/audio/Duck.mp3
2025-12-07T20:06:59.8653671Z  create mode 100644 assets/favicon/Wizard.ico
2025-12-07T20:06:59.8654208Z  create mode 100644 assets/favicon/orange_inc_logo 00.jpg
2025-12-07T20:06:59.8654830Z  create mode 100644 assets/favicon/orange_inc_logo 00.xcf
2025-12-07T20:06:59.8655409Z  create mode 100644 assets/favicon/orange_inc_logo.ico
2025-12-07T20:06:59.8655939Z  create mode 100644 assets/images/bg-techy-003.svg
2025-12-07T20:06:59.8656531Z  create mode 100644 assets/images/eggs-whisk-flour-milk.jpg
2025-12-07T20:06:59.8657191Z  create mode 100644 assets/images/kids-making-a-mud-pie - Copy.jpg
2025-12-07T20:06:59.8657880Z  create mode 100644 assets/images/kids-making-a-mud-pie-400x267.avif
2025-12-07T20:06:59.8658863Z  create mode 100644 assets/images/kids-making-a-mud-pie-400x267.jpg
2025-12-07T20:06:59.8659593Z  create mode 100644 assets/images/kids-making-a-mud-pie-400x267.webp
2025-12-07T20:06:59.8660247Z  create mode 100644 assets/images/kids-making-a-mud-pie.jpg
2025-12-07T20:06:59.8660914Z  create mode 100644 assets/images/kids-making-a-mud-pie.xcf
2025-12-07T20:06:59.8661557Z  create mode 100644 assets/images/triangle-icon.svg
2025-12-07T20:06:59.8662168Z  create mode 100644 auto-staging-modern_yml_DELETE_ME.txt
2025-12-07T20:06:59.8662701Z  create mode 100644 bin/jekyll
2025-12-07T20:06:59.8663106Z  create mode 100644 bin/jekyll.cmd
2025-12-07T20:06:59.8663527Z  create mode 100644 css/prism.css
2025-12-07T20:06:59.8663961Z  create mode 100644 css/styles-center.css
2025-12-07T20:06:59.8664484Z  create mode 100644 css/styles-freecodecamp.css
2025-12-07T20:06:59.8665093Z  create mode 100644 css/styles-iframe-html-examples.css
2025-12-07T20:06:59.8665664Z  create mode 100644 css/styles-left.css
2025-12-07T20:06:59.8666120Z  create mode 100644 css/styles.css
2025-12-07T20:06:59.8666941Z  create mode 100644 docs/Ai_chats/20251023a Volta setup and add project to new Github repo CoPilot .md
2025-12-07T20:06:59.8667959Z  create mode 100644 docs/Ai_chats/20251025a Add Playwright tests and Git help.md
2025-12-07T20:06:59.8669063Z  create mode 100644 docs/Ai_chats/20251026 Playwright Installation Success Summary.md
2025-12-07T20:06:59.8670187Z  create mode 100644 docs/Ai_chats/20251105a Refactor project to use TypeScript.md
2025-12-07T20:06:59.8671014Z  create mode 100644 docs/Ai_chats/20251108a CD and scheduled E2E tests.md
2025-12-07T20:06:59.8671932Z  create mode 100644 docs/Ai_chats/20251113a playwright shared constants and test utilities functions .md
2025-12-07T20:06:59.8673047Z  create mode 100644 docs/Ai_chats/20251115a express server, fixes Lighthouse performance, discuss React.md
2025-12-07T20:06:59.8674148Z  create mode 100644 docs/Ai_chats/20251119a GitHub CoPilot - fix parallel worker tests using same port.md
2025-12-07T20:06:59.8675197Z  create mode 100644 docs/Ai_chats/20251119a workflow defensive free port 3010 Github copilot.md
2025-12-07T20:06:59.8675970Z  create mode 100644 docs/Ai_chats/VS Code help.md
2025-12-07T20:06:59.8676457Z  create mode 100644 docs/Ai_chats/daemon.md
2025-12-07T20:06:59.8676990Z  create mode 100644 docs/Ai_chats/toolchain Gai 20251024a .md
2025-12-07T20:06:59.8677798Z  create mode 100644 docs/DEBUG_CONSOLE_GUIDE.md
2025-12-07T20:06:59.8678274Z  create mode 100644 docs/DEPLOYMENT_GUIDE.md
2025-12-07T20:06:59.8678913Z  create mode 100644 docs/PLAYWRIGHT_GUIDE.md
2025-12-07T20:06:59.8679370Z  create mode 100644 docs/PROFESSIONAL_DEPLOYMENT_GUIDE.md
2025-12-07T20:06:59.8679811Z  create mode 100644 docs/PR_changes.md
2025-12-07T20:06:59.8680221Z  create mode 100644 docs/TESTING_BEST_PRACTICES.md
2025-12-07T20:06:59.8680683Z  create mode 100644 docs/TWO_TRACK_STAGING_GUIDE.md
2025-12-07T20:06:59.8681161Z  create mode 100644 docs/TYPESCRIPT_GUIDE.md
2025-12-07T20:06:59.8681643Z  create mode 100644 docs/TYPESCRIPT_MIGRATION_COMMIT.md
2025-12-07T20:06:59.8682090Z  create mode 100644 docs/ci.md
2025-12-07T20:06:59.8682720Z  create mode 100644 docs/debug_dox/GitHub deploy.yml deploy no. 15 to production 20251207_1040.txt
2025-12-07T20:06:59.8683520Z  create mode 100644 docs/git-workflow-branching-strategy.md
2025-12-07T20:06:59.8684062Z  create mode 100644 feed.xml
2025-12-07T20:06:59.8684460Z  create mode 100644 freecodecampOrg.code-workspace
2025-12-07T20:06:59.8684747Z  create mode 100644 index.html
2025-12-07T20:06:59.8684966Z  create mode 100644 pages/about.html
2025-12-07T20:06:59.8685206Z  create mode 100644 pages/audio.html
2025-12-07T20:06:59.8685449Z  create mode 100644 pages/cafe-menu.html
2025-12-07T20:06:59.8685734Z  create mode 100644 pages/interactive-features.html
2025-12-07T20:06:59.8686011Z  create mode 100644 pages/recipes.html
2025-12-07T20:06:59.8686597Z  create mode 100644 pages/s100101-Certified-Full-Stack-Developer-Curriculum/Home-Certified-Full-Stack-Developer-Curriculum.html
2025-12-07T20:06:59.8687614Z  create mode 100644 pages/s100101-Certified-Full-Stack-Developer-Curriculum/c100101-Basic-HTML/Basic-HTML-p100101-10101-example-page-h1-h2-p.html
2025-12-07T20:06:59.8688854Z  create mode 100644 pages/s100101-Certified-Full-Stack-Developer-Curriculum/c100101-Basic-HTML/Basic-HTML-p100101-10201-example-page-final-page.html
2025-12-07T20:06:59.8689963Z  create mode 100644 pages/s100101-Certified-Full-Stack-Developer-Curriculum/c100101-Basic-HTML/Basic-HTML-p100101-Workshop-Build-a-Curriculum-Outline.html
2025-12-07T20:06:59.8691656Z  create mode 100644 pages/s100101-Certified-Full-Stack-Developer-Curriculum/c100101-Basic-HTML/Basic-HTML-p100201-Lecture-Welcome-Message-from-Quincy-Larson.html
2025-12-07T20:06:59.8693758Z  create mode 100644 pages/s100101-Certified-Full-Stack-Developer-Curriculum/c100101-Basic-HTML/Basic-HTML-p100401-Lecture-Understanding-HTML-Attributes.html
2025-12-07T20:06:59.8695149Z  create mode 100644 pages/s100101-Certified-Full-Stack-Developer-Curriculum/c100101-Basic-HTML/Basic-HTML-p100601-Lecture-Understanding-the-HTML-Boilerplate.html
2025-12-07T20:06:59.8696248Z  create mode 100644 pages/s100101-Certified-Full-Stack-Developer-Curriculum/c100101-Basic-HTML/Basic-HTML-p100901-Lecture-HTML-Fundamentals.html
2025-12-07T20:06:59.8697274Z  create mode 100644 pages/s100101-Certified-Full-Stack-Developer-Curriculum/c100101-Basic-HTML/Basic-HTML-p700101-Review-Basic-HTML-Review.html
2025-12-07T20:06:59.8698713Z  create mode 100644 pages/s100101-Certified-Full-Stack-Developer-Curriculum/c100101-Basic-HTML/Home-Basic-HTML.html
2025-12-07T20:06:59.8699262Z  create mode 100644 pages/svg-heart-icon.html
2025-12-07T20:06:59.8699529Z  create mode 100644 pages/videos.html
2025-12-07T20:06:59.8699761Z  create mode 100644 robots.txt
2025-12-07T20:06:59.8699976Z  create mode 100644 sitemap.xml
2025-12-07T20:06:59.8700209Z  create mode 100644 src/components/Snackbar.js
2025-12-07T20:06:59.8700467Z  create mode 100644 src/script.js
2025-12-07T20:06:59.8700728Z  create mode 100644 src/scripts/consoleLogHandler.js
2025-12-07T20:06:59.8701019Z  create mode 100644 src/scripts/css-loader.js
2025-12-07T20:06:59.8701296Z  create mode 100644 src/scripts/debug-console.js
2025-12-07T20:06:59.8701564Z  create mode 100644 src/scripts/prism.js
2025-12-07T20:06:59.8701929Z  create mode 100644 src/scripts/sharedConstants-CFSD-basic-html-helper.js
2025-12-07T20:06:59.8702479Z  create mode 100644 src/scripts/sharedConstants-__main.js
2025-12-07T20:06:59.8702788Z  create mode 100644 test-staging.html
2025-12-07T20:06:59.8703043Z  create mode 100644 tests/e2e/homepage.spec.ts
2025-12-07T20:06:59.8703360Z  create mode 100644 tests/e2e/interactive-features.spec.ts
2025-12-07T20:06:59.8703728Z  create mode 100644 tests/e2e/navigation/home-navigation.spec.ts
2025-12-07T20:06:59.8704113Z  create mode 100644 tests/e2e/navigation/nav-CFSD-pages.spec.ts
2025-12-07T20:06:59.8704461Z  create mode 100644 tests/fixtures/test-fixtures.ts
2025-12-07T20:06:59.8704784Z  create mode 100644 tests/utils/helpers-page-navigation.ts
2025-12-07T20:06:59.8705085Z  create mode 100644 tsconfig.json
2025-12-07T20:06:59.8705609Z ##[endgroup]
2025-12-07T20:06:59.8705938Z ##[group]Push the commit or tag
2025-12-07T20:06:59.8706193Z [command]/usr/bin/git push origin --force gh-pages
2025-12-07T20:07:00.7832466Z To https://github.com/T193R-W00D5/myFreecodecampLearning.git
2025-12-07T20:07:00.7833186Z  + e9fbc0e...c8df2fc gh-pages -> gh-pages (forced update)
2025-12-07T20:07:00.7880625Z ##[endgroup]
2025-12-07T20:07:00.7880956Z [INFO] Action successfully completed
2025-12-07T20:07:00.7995919Z Post job cleanup.
2025-12-07T20:07:00.8941421Z [command]/usr/bin/git version
2025-12-07T20:07:00.8978647Z git version 2.52.0
2025-12-07T20:07:00.9020509Z Temporarily overriding HOME='/home/runner/work/_temp/5ccfaf8c-8dfc-46ec-a3ae-0c45f825e2fb' before making global git config changes
2025-12-07T20:07:00.9021710Z Adding repository directory to the temporary git global config as a safe directory
2025-12-07T20:07:00.9026055Z [command]/usr/bin/git config --global --add safe.directory /home/runner/work/myFreecodecampLearning/myFreecodecampLearning
2025-12-07T20:07:00.9060895Z [command]/usr/bin/git config --local --name-only --get-regexp core\.sshCommand
2025-12-07T20:07:00.9092916Z [command]/usr/bin/git submodule foreach --recursive sh -c "git config --local --name-only --get-regexp 'core\.sshCommand' && git config --local --unset-all 'core.sshCommand' || :"
2025-12-07T20:07:00.9314760Z [command]/usr/bin/git config --local --name-only --get-regexp http\.https\:\/\/github\.com\/\.extraheader
2025-12-07T20:07:00.9335657Z http.https://github.com/.extraheader
2025-12-07T20:07:00.9351718Z [command]/usr/bin/git config --local --unset-all http.https://github.com/.extraheader
2025-12-07T20:07:00.9382462Z [command]/usr/bin/git submodule foreach --recursive sh -c "git config --local --name-only --get-regexp 'http\.https\:\/\/github\.com\/\.extraheader' && git config --local --unset-all 'http.https://github.com/.extraheader' || :"
2025-12-07T20:07:00.9599777Z [command]/usr/bin/git config --local --name-only --get-regexp ^includeIf\.gitdir:
2025-12-07T20:07:00.9630028Z [command]/usr/bin/git submodule foreach --recursive git config --local --show-origin --name-only --get-regexp remote.origin.url
2025-12-07T20:07:00.9954359Z Evaluate and set environment url
2025-12-07T20:07:00.9956808Z Evaluated environment url: https://t193r-w00d5.github.io/myFreecodecampLearning
2025-12-07T20:07:00.9957907Z Cleaning up orphan processes

# job=deployment-success

```txt
deployment-success summary
ðŸš€ Production Deployment Successful!
Environment: Production
Commit: c4e5ff7f6d93f42c7ccf79033aaeef2036f95224
Deployed by: T193R-W00D5

Live URL: https://t193r-w00d5.github.io/myFreecodecampLearning

Please allow 5-10 minutes for GitHub Pages to update.
```

2025-12-07T20:07:05.5612356Z Current runner version: '2.329.0'
2025-12-07T20:07:05.5637280Z ##[group]Runner Image Provisioner
2025-12-07T20:07:05.5638060Z Hosted Compute Agent
2025-12-07T20:07:05.5638561Z Version: 20251124.448
2025-12-07T20:07:05.5639315Z Commit: fda5086b43ec66ade217e5fcd18146c879571177
2025-12-07T20:07:05.5640012Z Build Date: 2025-11-24T21:16:26Z
2025-12-07T20:07:05.5640576Z ##[endgroup]
2025-12-07T20:07:05.5641131Z ##[group]Operating System
2025-12-07T20:07:05.5641686Z Ubuntu
2025-12-07T20:07:05.5642120Z 24.04.3
2025-12-07T20:07:05.5642683Z LTS
2025-12-07T20:07:05.5643130Z ##[endgroup]
2025-12-07T20:07:05.5643609Z ##[group]Runner Image
2025-12-07T20:07:05.5644181Z Image: ubuntu-24.04
2025-12-07T20:07:05.5644651Z Version: 20251126.144.1
2025-12-07T20:07:05.5645977Z Included Software: https://github.com/actions/runner-images/blob/ubuntu24/20251126.144/images/ubuntu/Ubuntu2404-Readme.md
2025-12-07T20:07:05.5647598Z Image Release: https://github.com/actions/runner-images/releases/tag/ubuntu24%2F20251126.144
2025-12-07T20:07:05.5648593Z ##[endgroup]
2025-12-07T20:07:05.5651194Z ##[group]GITHUB_TOKEN Permissions
2025-12-07T20:07:05.5653471Z Actions: write
2025-12-07T20:07:05.5654101Z ArtifactMetadata: write
2025-12-07T20:07:05.5654671Z Attestations: write
2025-12-07T20:07:05.5655433Z Checks: write
2025-12-07T20:07:05.5655983Z Contents: write
2025-12-07T20:07:05.5656469Z Deployments: write
2025-12-07T20:07:05.5657014Z Discussions: write
2025-12-07T20:07:05.5657511Z Issues: write
2025-12-07T20:07:05.5657997Z Metadata: read
2025-12-07T20:07:05.5658438Z Models: read
2025-12-07T20:07:05.5658944Z Packages: write
2025-12-07T20:07:05.5659448Z Pages: write
2025-12-07T20:07:05.5659920Z PullRequests: write
2025-12-07T20:07:05.5660474Z RepositoryProjects: write
2025-12-07T20:07:05.5661095Z SecurityEvents: write
2025-12-07T20:07:05.5661624Z Statuses: write
2025-12-07T20:07:05.5662055Z ##[endgroup]
2025-12-07T20:07:05.5664110Z Secret source: Actions
2025-12-07T20:07:05.5665208Z Prepare workflow directory
2025-12-07T20:07:05.5980417Z Prepare all required actions
2025-12-07T20:07:05.6071946Z Complete job name: deployment-success
2025-12-07T20:07:05.6797849Z ##[group]Run echo "## ðŸš€ Production Deployment Successful!" >> $GITHUB_STEP_SUMMARY
2025-12-07T20:07:05.6799098Z [36;1mecho "## ðŸš€ Production Deployment Successful!" >> $GITHUB_STEP_SUMMARY[0m
2025-12-07T20:07:05.6799945Z [36;1mecho "" >> $GITHUB_STEP_SUMMARY[0m
2025-12-07T20:07:05.6800677Z [36;1mecho "**Environment:** Production" >> $GITHUB_STEP_SUMMARY[0m
2025-12-07T20:07:05.6801720Z [36;1mecho "**Commit:** c4e5ff7f6d93f42c7ccf79033aaeef2036f95224" >> $GITHUB_STEP_SUMMARY[0m
2025-12-07T20:07:05.6802757Z [36;1mecho "**Deployed by:** T193R-W00D5" >> $GITHUB_STEP_SUMMARY[0m
2025-12-07T20:07:05.6803451Z [36;1mecho "" >> $GITHUB_STEP_SUMMARY[0m
2025-12-07T20:07:05.6804464Z [36;1mecho "**Live URL:** https://t193r-w00d5.github.io/myFreecodecampLearning" >> $GITHUB_STEP_SUMMARY[0m
2025-12-07T20:07:05.6805589Z [36;1mecho "" >> $GITHUB_STEP_SUMMARY[0m
2025-12-07T20:07:05.6806617Z [36;1mecho "Please allow 5-10 minutes for GitHub Pages to update." >> $GITHUB_STEP_SUMMARY[0m
2025-12-07T20:07:06.0660094Z shell: /usr/bin/bash -e {0}
2025-12-07T20:07:06.0661278Z ##[endgroup]
2025-12-07T20:07:06.0986763Z Cleaning up orphan processes